Component: ARM Compiler 5.06 update 7 (build 960) Tool: armlink [4d3601]

==============================================================================

Section Cross References

    startup_stm32f103xb.o(RESET) refers to startup_stm32f103xb.o(STACK) for __initial_sp
    startup_stm32f103xb.o(RESET) refers to startup_stm32f103xb.o(.text) for Reset_Handler
    startup_stm32f103xb.o(RESET) refers to stm32f1xx_it.o(i.NMI_Handler) for NMI_Handler
    startup_stm32f103xb.o(RESET) refers to stm32f1xx_it.o(i.HardFault_Handler) for HardFault_Handler
    startup_stm32f103xb.o(RESET) refers to stm32f1xx_it.o(i.MemManage_Handler) for MemManage_Handler
    startup_stm32f103xb.o(RESET) refers to stm32f1xx_it.o(i.BusFault_Handler) for BusFault_Handler
    startup_stm32f103xb.o(RESET) refers to stm32f1xx_it.o(i.UsageFault_Handler) for UsageFault_Handler
    startup_stm32f103xb.o(RESET) refers to stm32f1xx_it.o(i.SVC_Handler) for SVC_Handler
    startup_stm32f103xb.o(RESET) refers to stm32f1xx_it.o(i.DebugMon_Handler) for DebugMon_Handler
    startup_stm32f103xb.o(RESET) refers to stm32f1xx_it.o(i.PendSV_Handler) for PendSV_Handler
    startup_stm32f103xb.o(RESET) refers to stm32f1xx_it.o(i.SysTick_Handler) for SysTick_Handler
    startup_stm32f103xb.o(RESET) refers to stm32f1xx_it.o(i.USB_LP_CAN1_RX0_IRQHandler) for USB_LP_CAN1_RX0_IRQHandler
    startup_stm32f103xb.o(.text) refers to system_stm32f1xx.o(i.SystemInit) for SystemInit
    startup_stm32f103xb.o(.text) refers to entry.o(.ARM.Collect$$$$00000000) for __main
    canard.o(i.bufferBlockPushBytes) refers to canard.o(i.createBufferBlock) for createBufferBlock
    canard.o(i.calculateCRC) refers to canard.o(i.crcAddSignature) for crcAddSignature
    canard.o(i.calculateCRC) refers to canard.o(i.crcAdd) for crcAdd
    canard.o(i.canardBroadcast) refers to memseta.o(.text) for __aeabi_memclr4
    canard.o(i.canardBroadcast) refers to canard.o(i.canardBroadcastObj) for canardBroadcastObj
    canard.o(i.canardBroadcastObj) refers to canard.o(i.calculateCRC) for calculateCRC
    canard.o(i.canardBroadcastObj) refers to canard.o(i.enqueueTxFrames) for enqueueTxFrames
    canard.o(i.canardBroadcastObj) refers to canard.o(i.incrementTransferID) for incrementTransferID
    canard.o(i.canardBroadcastObj) refers to canard.o(i.crcAdd) for crcAdd
    canard.o(i.canardCleanupStaleTransfers) refers to canard.o(i.releaseStatePayload) for releaseStatePayload
    canard.o(i.canardCleanupStaleTransfers) refers to canard.o(i.freeBlock) for freeBlock
    canard.o(i.canardConvertFloat16ToNativeFloat) refers to fmul.o(.text) for __aeabi_fmul
    canard.o(i.canardConvertFloat16ToNativeFloat) refers to cfrcmple.o(.text) for __aeabi_cfrcmple
    canard.o(i.canardConvertFloat16ToNativeFloat) refers to canard.o(.constdata) for .constdata
    canard.o(i.canardConvertNativeFloatToFloat16) refers to fmul.o(.text) for __aeabi_fmul
    canard.o(i.canardConvertNativeFloatToFloat16) refers to canard.o(.constdata) for .constdata
    canard.o(i.canardDecodeScalar) refers to canard.o(i.descatterTransferPayload) for descatterTransferPayload
    canard.o(i.canardDecodeScalar) refers to canard.o(i.isBigEndian) for isBigEndian
    canard.o(i.canardDecodeScalar) refers to canard.o(i.swapByteOrder) for swapByteOrder
    canard.o(i.canardDecodeScalar) refers to llshl.o(.text) for __aeabi_llsl
    canard.o(i.canardEncodeScalar) refers to canard.o(i.isBigEndian) for isBigEndian
    canard.o(i.canardEncodeScalar) refers to canard.o(i.swapByteOrder) for swapByteOrder
    canard.o(i.canardEncodeScalar) refers to canard.o(i.copyBitArray) for copyBitArray
    canard.o(i.canardHandleRxFrame) refers to canard.o(i.extractTransferType) for extractTransferType
    canard.o(i.canardHandleRxFrame) refers to canard.o(i.extractDataType) for extractDataType
    canard.o(i.canardHandleRxFrame) refers to canard.o(i.findRxState) for findRxState
    canard.o(i.canardHandleRxFrame) refers to canard.o(i.createRxState) for createRxState
    canard.o(i.canardHandleRxFrame) refers to canard.o(i.computeTransferIDForwardDistance) for computeTransferIDForwardDistance
    canard.o(i.canardHandleRxFrame) refers to canard.o(i.releaseStatePayload) for releaseStatePayload
    canard.o(i.canardHandleRxFrame) refers to memseta.o(.text) for __aeabi_memclr4
    canard.o(i.canardHandleRxFrame) refers to canard.o(i.prepareForNextTransfer) for prepareForNextTransfer
    canard.o(i.canardHandleRxFrame) refers to canard.o(i.bufferBlockPushBytes) for bufferBlockPushBytes
    canard.o(i.canardHandleRxFrame) refers to canard.o(i.crcAddSignature) for crcAddSignature
    canard.o(i.canardHandleRxFrame) refers to canard.o(i.crcAdd) for crcAdd
    canard.o(i.canardHandleRxFrame) refers to canard.o(i.canardReleaseRxTransferPayload) for canardReleaseRxTransferPayload
    canard.o(i.canardInit) refers to memseta.o(.text) for __aeabi_memclr4
[...]
    Removing stm32f1xx_hal_tim_ex.o(i.HAL_TIMEx_ConfigCommutEvent_IT), (112 bytes).
    Removing stm32f1xx_hal_tim_ex.o(i.HAL_TIMEx_GetChannelNState), (34 bytes).
    Removing stm32f1xx_hal_tim_ex.o(i.HAL_TIMEx_HallSensor_DeInit), (76 bytes).
    Removing stm32f1xx_hal_tim_ex.o(i.HAL_TIMEx_HallSensor_GetState), (6 bytes).
    Removing stm32f1xx_hal_tim_ex.o(i.HAL_TIMEx_HallSensor_Init), (208 bytes).
    Removing stm32f1xx_hal_tim_ex.o(i.HAL_TIMEx_HallSensor_MspDeInit), (2 bytes).
    Removing stm32f1xx_hal_tim_ex.o(i.HAL_TIMEx_HallSensor_MspInit), (2 bytes).
    Removing stm32f1xx_hal_tim_ex.o(i.HAL_TIMEx_HallSensor_Start), (128 bytes).
    Removing stm32f1xx_hal_tim_ex.o(i.HAL_TIMEx_HallSensor_Start_DMA), (184 bytes).
    Removing stm32f1xx_hal_tim_ex.o(i.HAL_TIMEx_HallSensor_Start_IT), (140 bytes).
    Removing stm32f1xx_hal_tim_ex.o(i.HAL_TIMEx_HallSensor_Stop), (58 bytes).
    Removing stm32f1xx_hal_tim_ex.o(i.HAL_TIMEx_HallSensor_Stop_DMA), (70 bytes).
    Removing stm32f1xx_hal_tim_ex.o(i.HAL_TIMEx_HallSensor_Stop_IT), (68 bytes).
    Removing stm32f1xx_hal_tim_ex.o(i.HAL_TIMEx_OCN_Start), (152 bytes).
    Removing stm32f1xx_hal_tim_ex.o(i.HAL_TIMEx_OCN_Start_DMA), (352 bytes).
    Removing stm32f1xx_hal_tim_ex.o(i.HAL_TIMEx_OCN_Start_IT), (192 bytes).
    Removing stm32f1xx_hal_tim_ex.o(i.HAL_TIMEx_OCN_Stop), (104 bytes).
    Removing stm32f1xx_hal_tim_ex.o(i.HAL_TIMEx_OCN_Stop_DMA), (168 bytes).
    Removing stm32f1xx_hal_tim_ex.o(i.HAL_TIMEx_OCN_Stop_IT), (170 bytes).
    Removing stm32f1xx_hal_tim_ex.o(i.HAL_TIMEx_OnePulseN_Start), (100 bytes).
    Removing stm32f1xx_hal_tim_ex.o(i.HAL_TIMEx_OnePulseN_Start_IT), (120 bytes).
    Removing stm32f1xx_hal_tim_ex.o(i.HAL_TIMEx_OnePulseN_Stop), (98 bytes).
    Removing stm32f1xx_hal_tim_ex.o(i.HAL_TIMEx_OnePulseN_Stop_IT), (120 bytes).
    Removing stm32f1xx_hal_tim_ex.o(i.HAL_TIMEx_PWMN_Start), (152 bytes).
    Removing stm32f1xx_hal_tim_ex.o(i.HAL_TIMEx_PWMN_Start_DMA), (352 bytes).
    Removing stm32f1xx_hal_tim_ex.o(i.HAL_TIMEx_PWMN_Start_IT), (192 bytes).
    Removing stm32f1xx_hal_tim_ex.o(i.HAL_TIMEx_PWMN_Stop), (104 bytes).
    Removing stm32f1xx_hal_tim_ex.o(i.HAL_TIMEx_PWMN_Stop_DMA), (168 bytes).
    Removing stm32f1xx_hal_tim_ex.o(i.HAL_TIMEx_PWMN_Stop_IT), (170 bytes).
    Removing stm32f1xx_hal_tim_ex.o(i.HAL_TIMEx_RemapConfig), (4 bytes).
    Removing stm32f1xx_hal_tim_ex.o(i.TIMEx_DMACommutationCplt), (16 bytes).
    Removing stm32f1xx_hal_tim_ex.o(i.TIMEx_DMACommutationHalfCplt), (16 bytes).
    Removing stm32f1xx_hal_tim_ex.o(i.TIM_CCxNChannelCmd), (26 bytes).
    Removing stm32f1xx_hal_tim_ex.o(i.TIM_DMADelayPulseNCplt), (74 bytes).
    Removing stm32f1xx_hal_tim_ex.o(i.TIM_DMAErrorCCxN), (62 bytes).
    Removing stm32f1xx_hal_uart.o(.rev16_text), (4 bytes).
    Removing stm32f1xx_hal_uart.o(.revsh_text), (4 bytes).
    Removing stm32f1xx_hal_uart.o(.rrx_text), (6 bytes).
    Removing stm32f1xx_hal_uart.o(i.HAL_HalfDuplex_EnableReceiver), (50 bytes).
    Removing stm32f1xx_hal_uart.o(i.HAL_HalfDuplex_EnableTransmitter), (50 bytes).
    Removing stm32f1xx_hal_uart.o(i.HAL_HalfDuplex_Init), (110 bytes).
    Removing stm32f1xx_hal_uart.o(i.HAL_LIN_Init), (130 bytes).
    Removing stm32f1xx_hal_uart.o(i.HAL_LIN_SendBreak), (60 bytes).
    Removing stm32f1xx_hal_uart.o(i.HAL_MultiProcessor_EnterMuteMode), (62 bytes).
    Removing stm32f1xx_hal_uart.o(i.HAL_MultiProcessor_ExitMuteMode), (62 bytes).
    Removing stm32f1xx_hal_uart.o(i.HAL_MultiProcessor_Init), (144 bytes).
    Removing stm32f1xx_hal_uart.o(i.HAL_UARTEx_GetRxEventType), (4 bytes).
    Removing stm32f1xx_hal_uart.o(i.HAL_UARTEx_ReceiveToIdle), (240 bytes).
    Removing stm32f1xx_hal_uart.o(i.HAL_UARTEx_ReceiveToIdle_DMA), (74 bytes).
    Removing stm32f1xx_hal_uart.o(i.HAL_UARTEx_ReceiveToIdle_IT), (78 bytes).
    Removing stm32f1xx_hal_uart.o(i.HAL_UARTEx_RxEventCallback), (2 bytes).
    Removing stm32f1xx_hal_uart.o(i.HAL_UART_Abort), (210 bytes).
    Removing stm32f1xx_hal_uart.o(i.HAL_UART_AbortCpltCallback), (2 bytes).
    Removing stm32f1xx_hal_uart.o(i.HAL_UART_AbortReceive), (148 bytes).
    Removing stm32f1xx_hal_uart.o(i.HAL_UART_AbortReceiveCpltCallback), (2 bytes).
    Removing stm32f1xx_hal_uart.o(i.HAL_UART_AbortReceive_IT), (152 bytes).
    Removing stm32f1xx_hal_uart.o(i.HAL_UART_AbortTransmit), (98 bytes).
    Removing stm32f1xx_hal_uart.o(i.HAL_UART_AbortTransmitCpltCallback), (2 bytes).
    Removing stm32f1xx_hal_uart.o(i.HAL_UART_AbortTransmit_IT), (104 bytes).
    Removing stm32f1xx_hal_uart.o(i.HAL_UART_Abort_IT), (244 bytes).
    Removing stm32f1xx_hal_uart.o(i.HAL_UART_DMAPause), (120 bytes).
    Removing stm32f1xx_hal_uart.o(i.HAL_UART_DMAResume), (114 bytes).
    Removing stm32f1xx_hal_uart.o(i.HAL_UART_DMAStop), (112 bytes).
    Removing stm32f1xx_hal_uart.o(i.HAL_UART_DeInit), (54 bytes).
    Removing stm32f1xx_hal_uart.o(i.HAL_UART_ErrorCallback), (2 bytes).
    Removing stm32f1xx_hal_uart.o(i.HAL_UART_GetError), (4 bytes).
    Removing stm32f1xx_hal_uart.o(i.HAL_UART_GetState), (10 bytes).
    Removing stm32f1xx_hal_uart.o(i.HAL_UART_IRQHandler), (620 bytes).
    Removing stm32f1xx_hal_uart.o(i.HAL_UART_MspDeInit), (2 bytes).
    Removing stm32f1xx_hal_uart.o(i.HAL_UART_MspInit), (2 bytes).
    Removing stm32f1xx_hal_uart.o(i.HAL_UART_Receive), (176 bytes).
    Removing stm32f1xx_hal_uart.o(i.HAL_UART_Receive_DMA), (28 bytes).
    Removing stm32f1xx_hal_uart.o(i.HAL_UART_Receive_IT), (28 bytes).
    Removing stm32f1xx_hal_uart.o(i.HAL_UART_RxCpltCallback), (2 bytes).
    Removing stm32f1xx_hal_uart.o(i.HAL_UART_RxHalfCpltCallback), (2 bytes).
    Removing stm32f1xx_hal_uart.o(i.HAL_UART_Transmit_DMA), (120 bytes).
    Removing stm32f1xx_hal_uart.o(i.HAL_UART_Transmit_IT), (50 bytes).
    Removing stm32f1xx_hal_uart.o(i.HAL_UART_TxCpltCallback), (2 bytes).
    Removing stm32f1xx_hal_uart.o(i.HAL_UART_TxHalfCpltCallback), (2 bytes).
    Removing stm32f1xx_hal_uart.o(i.UART_DMAAbortOnError), (16 bytes).
    Removing stm32f1xx_hal_uart.o(i.UART_DMAError), (74 bytes).
    Removing stm32f1xx_hal_uart.o(i.UART_DMAReceiveCplt), (134 bytes).
    Removing stm32f1xx_hal_uart.o(i.UART_DMARxAbortCallback), (44 bytes).
    Removing stm32f1xx_hal_uart.o(i.UART_DMARxHalfCplt), (30 bytes).
    Removing stm32f1xx_hal_uart.o(i.UART_DMARxOnlyAbortCallback), (22 bytes).
    Removing stm32f1xx_hal_uart.o(i.UART_DMATransmitCplt), (66 bytes).
    Removing stm32f1xx_hal_uart.o(i.UART_DMATxAbortCallback), (44 bytes).
    Removing stm32f1xx_hal_uart.o(i.UART_DMATxHalfCplt), (10 bytes).
    Removing stm32f1xx_hal_uart.o(i.UART_DMATxOnlyAbortCallback), (20 bytes).
    Removing stm32f1xx_hal_uart.o(i.UART_EndTxTransfer), (28 bytes).
    Removing stm32f1xx_hal_uart.o(i.UART_Receive_IT), (194 bytes).
    Removing stm32f1xx_hal_uart.o(i.UART_Start_Receive_DMA), (144 bytes).
    Removing stm32f1xx_hal_uart.o(i.UART_Start_Receive_IT), (54 bytes).
    Removing system_stm32f1xx.o(.rev16_text), (4 bytes).
    Removing system_stm32f1xx.o(.revsh_text), (4 bytes).
    Removing system_stm32f1xx.o(.rrx_text), (6 bytes).
    Removing system_stm32f1xx.o(i.SystemCoreClockUpdate), (104 bytes).

436 unused section(s) (total 28780 bytes) removed from the image.

==============================================================================

Image Symbol Table

    Local Symbols

    Symbol Name                              Value     Ov Type        Size  Object(Section)

    ../Core/Src/can.c                        0x00000000   Number         0  can.o ABSOLUTE
    ../Core/Src/gpio.c                       0x00000000   Number         0  gpio.o ABSOLUTE
    ../Core/Src/main.c                       0x00000000   Number         0  main.o ABSOLUTE
    ../Core/Src/stm32f1xx_hal_msp.c          0x00000000   Number         0  stm32f1xx_hal_msp.o ABSOLUTE
    ../Core/Src/stm32f1xx_it.c               0x00000000   Number         0  stm32f1xx_it.o ABSOLUTE
    ../Core/Src/system_stm32f1xx.c           0x00000000   Number         0  system_stm32f1xx.o ABSOLUTE
    ../Core/Src/tim.c                        0x00000000   Number         0  tim.o ABSOLUTE
    ../Core/Src/usart.c                      0x00000000   Number         0  usart.o ABSOLUTE
    ../Drivers/STM32F1xx_HAL_Driver/Src/stm32f1xx_hal.c 0x00000000   Number         0  stm32f1xx_hal.o ABSOLUTE
    ../Drivers/STM32F1xx_HAL_Driver/Src/stm32f1xx_hal_can.c 0x00000000   Number         0  stm32f1xx_hal_can.o ABSOLUTE
    ../Drivers/STM32F1xx_HAL_Driver/Src/stm32f1xx_hal_cortex.c 0x00000000   Number         0  stm32f1xx_hal_cortex.o ABSOLUTE
    ../Drivers/STM32F1xx_HAL_Driver/Src/stm32f1xx_hal_dma.c 0x00000000   Number         0  stm32f1xx_hal_dma.o ABSOLUTE
    ../Drivers/STM32F1xx_HAL_Driver/Src/stm32f1xx_hal_exti.c 0x00000000   Number         0  stm32f1xx_hal_exti.o ABSOLUTE
    ../Drivers/STM32F1xx_HAL_Driver/Src/stm32f1xx_hal_flash.c 0x00000000   Number         0  stm32f1xx_hal_flash.o ABSOLUTE
    ../Drivers/STM32F1xx_HAL_Driver/Src/stm32f1xx_hal_flash_ex.c 0x00000000   Number         0  stm32f1xx_hal_flash_ex.o ABSOLUTE
    ../Drivers/STM32F1xx_HAL_Driver/Src/stm32f1xx_hal_gpio.c 0x00000000   Number         0  stm32f1xx_hal_gpio.o ABSOLUTE
    ../Drivers/STM32F1xx_HAL_Driver/Src/stm32f1xx_hal_gpio_ex.c 0x00000000   Number         0  stm32f1xx_hal_gpio_ex.o ABSOLUTE
    ../Drivers/STM32F1xx_HAL_Driver/Src/stm32f1xx_hal_pwr.c 0x00000000   Number         0  stm32f1xx_hal_pwr.o ABSOLUTE
    ../Drivers/STM32F1xx_HAL_Driver/Src/stm32f1xx_hal_rcc.c 0x00000000   Number         0  stm32f1xx_hal_rcc.o ABSOLUTE
    ../Drivers/STM32F1xx_HAL_Driver/Src/stm32f1xx_hal_rcc_ex.c 0x00000000   Number         0  stm32f1xx_hal_rcc_ex.o ABSOLUTE
    ../Drivers/STM32F1xx_HAL_Driver/Src/stm32f1xx_hal_tim.c 0x00000000   Number         0  stm32f1xx_hal_tim.o ABSOLUTE
    ../Drivers/STM32F1xx_HAL_Driver/Src/stm32f1xx_hal_tim_ex.c 0x00000000   Number         0  stm32f1xx_hal_tim_ex.o ABSOLUTE
    ../Drivers/STM32F1xx_HAL_Driver/Src/stm32f1xx_hal_uart.c 0x00000000   Number         0  stm32f1xx_hal_uart.o ABSOLUTE
    ../clib/microlib/division.c              0x00000000   Number         0  uldiv.o ABSOLUTE
    ../clib/microlib/division.c              0x00000000   Number         0  uidiv.o ABSOLUTE
    ../clib/microlib/init/entry.s            0x00000000   Number         0  entry.o ABSOLUTE
    ../clib/microlib/init/entry.s            0x00000000   Number         0  entry8a.o ABSOLUTE
    ../clib/microlib/init/entry.s            0x00000000   Number         0  entry10b.o ABSOLUTE
    ../clib/microlib/init/entry.s            0x00000000   Number         0  entry9a.o ABSOLUTE
    ../clib/microlib/init/entry.s            0x00000000   Number         0  entry11b.o ABSOLUTE
    ../clib/microlib/init/entry.s            0x00000000   Number         0  entry9b.o ABSOLUTE
    ../clib/microlib/init/entry.s            0x00000000   Number         0  entry10a.o ABSOLUTE
    ../clib/microlib/init/entry.s            0x00000000   Number         0  entry12b.o ABSOLUTE
    ../clib/microlib/init/entry.s            0x00000000   Number         0  entry8b.o ABSOLUTE
    ../clib/microlib/init/entry.s            0x00000000   Number         0  entry11a.o ABSOLUTE
    ../clib/microlib/init/entry.s            0x00000000   Number         0  entry12a.o ABSOLUTE
    ../clib/microlib/init/entry.s            0x00000000   Number         0  entry2.o ABSOLUTE
    ../clib/microlib/init/entry.s            0x00000000   Number         0  entry7a.o ABSOLUTE
    ../clib/microlib/init/entry.s            0x00000000   Number         0  entry7b.o ABSOLUTE
    ../clib/microlib/init/entry.s            0x00000000   Number         0  entry5.o ABSOLUTE
    ../clib/microlib/longlong.c              0x00000000   Number         0  llsshr.o ABSOLUTE
    ../clib/microlib/longlong.c              0x00000000   Number         0  llushr.o ABSOLUTE
    ../clib/microlib/longlong.c              0x00000000   Number         0  llshl.o ABSOLUTE
    ../clib/microlib/printf/printf.c         0x00000000   Number         0  printfb.o ABSOLUTE
    ../clib/microlib/printf/printf.c         0x00000000   Number         0  printf7.o ABSOLUTE
    ../clib/microlib/printf/printf.c         0x00000000   Number         0  printf6.o ABSOLUTE
    ../clib/microlib/printf/printf.c         0x00000000   Number         0  printf5.o ABSOLUTE
    ../clib/microlib/printf/printf.c         0x00000000   Number         0  printf4.o ABSOLUTE
    ../clib/microlib/printf/printf.c         0x00000000   Number         0  printf2.o ABSOLUTE
    ../clib/microlib/printf/printf.c         0x00000000   Number         0  printf1.o ABSOLUTE
    ../clib/microlib/printf/printf.c         0x00000000   Number         0  printfa.o ABSOLUTE
    ../clib/microlib/printf/printf.c         0x00000000   Number         0  printf8.o ABSOLUTE
    ../clib/microlib/printf/printf.c         0x00000000   Number         0  printf3.o ABSOLUTE
    ../clib/microlib/printf/printf.c         0x00000000   Number         0  printf0.o ABSOLUTE
    ../clib/microlib/printf/stubs.s          0x00000000   Number         0  stubs.o ABSOLUTE
    ../clib/microlib/stdio/streams.c         0x00000000   Number         0  stdout.o ABSOLUTE
    ../clib/microlib/string/memcpy.c         0x00000000   Number         0  memcpyb.o ABSOLUTE
    ../clib/microlib/string/memcpy.c         0x00000000   Number         0  memcpya.o ABSOLUTE
    ../clib/microlib/string/memset.c         0x00000000   Number         0  memseta.o ABSOLUTE
    ../clib/microlib/stubs.s                 0x00000000   Number         0  iusefp.o ABSOLUTE
    ../fplib/microlib/f2d.c                  0x00000000   Number         0  f2d.o ABSOLUTE
    ../fplib/microlib/fpadd.c                0x00000000   Number         0  dadd.o ABSOLUTE
    ../fplib/microlib/fpdiv.c                0x00000000   Number         0  ddiv.o ABSOLUTE
    ../fplib/microlib/fpepilogue.c           0x00000000   Number         0  depilogue.o ABSOLUTE
    ../fplib/microlib/fpfix.c                0x00000000   Number         0  dfixul.o ABSOLUTE
    ../fplib/microlib/fpfix.c                0x00000000   Number         0  ffixui.o ABSOLUTE
    ../fplib/microlib/fpmul.c                0x00000000   Number         0  dmul.o ABSOLUTE
    ../fplib/microlib/fpmul.c                0x00000000   Number         0  fmul.o ABSOLUTE
    ..\Core\Src\can.c                        0x00000000   Number         0  can.o ABSOLUTE
    ..\Core\Src\canard.c                     0x00000000   Number         0  canard.o ABSOLUTE
    ..\Core\Src\gpio.c                       0x00000000   Number         0  gpio.o ABSOLUTE
    ..\Core\Src\main.c                       0x00000000   Number         0  main.o ABSOLUTE
    ..\Core\Src\stm32f1xx_hal_msp.c          0x00000000   Number         0  stm32f1xx_hal_msp.o ABSOLUTE
    ..\Core\Src\stm32f1xx_it.c               0x00000000   Number         0  stm32f1xx_it.o ABSOLUTE
    ..\Core\Src\system_stm32f1xx.c           0x00000000   Number         0  system_stm32f1xx.o ABSOLUTE
    ..\Core\Src\tim.c                        0x00000000   Number         0  tim.o ABSOLUTE
    ..\Core\Src\usart.c                      0x00000000   Number         0  usart.o ABSOLUTE
    ..\Core\include\uavcan\equipment\actuator\actuator_ArrayCommand.c 0x00000000   Number         0  actuator_arraycommand.o ABSOLUTE
    ..\Core\include\uavcan\equipment\actuator\actuator_Command.c 0x00000000   Number         0  actuator_command.o ABSOLUTE
    ..\Core\include\uavcan\equipment\actuator\actuator_Status.c 0x00000000   Number         0  actuator_status.o ABSOLUTE
    ..\Drivers\STM32F1xx_HAL_Driver\Src\stm32f1xx_hal.c 0x00000000   Number         0  stm32f1xx_hal.o ABSOLUTE
    ..\Drivers\STM32F1xx_HAL_Driver\Src\stm32f1xx_hal_can.c 0x00000000   Number         0  stm32f1xx_hal_can.o ABSOLUTE
    ..\Drivers\STM32F1xx_HAL_Driver\Src\stm32f1xx_hal_cortex.c 0x00000000   Number         0  stm32f1xx_hal_cortex.o ABSOLUTE
    ..\Drivers\STM32F1xx_HAL_Driver\Src\stm32f1xx_hal_dma.c 0x00000000   Number         0  stm32f1xx_hal_dma.o ABSOLUTE
    ..\Drivers\STM32F1xx_HAL_Driver\Src\stm32f1xx_hal_exti.c 0x00000000   Number         0  stm32f1xx_hal_exti.o ABSOLUTE
    ..\Drivers\STM32F1xx_HAL_Driver\Src\stm32f1xx_hal_flash.c 0x00000000   Number         0  stm32f1xx_hal_flash.o ABSOLUTE
    ..\Drivers\STM32F1xx_HAL_Driver\Src\stm32f1xx_hal_flash_ex.c 0x00000000   Number         0  stm32f1xx_hal_flash_ex.o ABSOLUTE
    ..\Drivers\STM32F1xx_HAL_Driver\Src\stm32f1xx_hal_gpio.c 0x00000000   Number         0  stm32f1xx_hal_gpio.o ABSOLUTE
    ..\Drivers\STM32F1xx_HAL_Driver\Src\stm32f1xx_hal_gpio_ex.c 0x00000000   Number         0  stm32f1xx_hal_gpio_ex.o ABSOLUTE
    ..\Drivers\STM32F1xx_HAL_Driver\Src\stm32f1xx_hal_pwr.c 0x00000000   Number         0  stm32f1xx_hal_pwr.o ABSOLUTE
    ..\Drivers\STM32F1xx_HAL_Driver\Src\stm32f1xx_hal_rcc.c 0x00000000   Number         0  stm32f1xx_hal_rcc.o ABSOLUTE
    ..\Drivers\STM32F1xx_HAL_Driver\Src\stm32f1xx_hal_rcc_ex.c 0x00000000   Number         0  stm32f1xx_hal_rcc_ex.o ABSOLUTE
    ..\Drivers\STM32F1xx_HAL_Driver\Src\stm32f1xx_hal_tim.c 0x00000000   Number         0  stm32f1xx_hal_tim.o ABSOLUTE
    ..\Drivers\STM32F1xx_HAL_Driver\Src\stm32f1xx_hal_tim_ex.c 0x00000000   Number         0  stm32f1xx_hal_tim_ex.o ABSOLUTE
    ..\Drivers\STM32F1xx_HAL_Driver\Src\stm32f1xx_hal_uart.c 0x00000000   Number         0  stm32f1xx_hal_uart.o ABSOLUTE
    cdrcmple.s                               0x00000000   Number         0  cdrcmple.o ABSOLUTE
    cfrcmple.s                               0x00000000   Number         0  cfrcmple.o ABSOLUTE
    dc.s                                     0x00000000   Number         0  dc.o ABSOLUTE
    handlers.s                               0x00000000   Number         0  handlers.o ABSOLUTE
    init.s                                   0x00000000   Number         0  init.o ABSOLUTE
    startup_stm32f103xb.s                    0x00000000   Number         0  startup_stm32f103xb.o ABSOLUTE
    RESET                                    0x08000000   Section      236  startup_stm32f103xb.o(RESET)
    .ARM.Collect$$$$00000000                 0x080000ec   Section        0  entry.o(.ARM.Collect$$$$00000000)
    .ARM.Collect$$$$00000001                 0x080000ec   Section        4  entry2.o(.ARM.Collect$$$$00000001)
    .ARM.Collect$$$$00000004                 0x080000f0   Section        4  entry5.o(.ARM.Collect$$$$00000004)
    .ARM.Collect$$$$00000008                 0x080000f4   Section        0  entry7b.o(.ARM.Collect$$$$00000008)
    .ARM.Collect$$$$0000000A                 0x080000f4   Section        0  entry8b.o(.ARM.Collect$$$$0000000A)
    .ARM.Collect$$$$0000000B                 0x080000f4   Section        8  entry9a.o(.ARM.Collect$$$$0000000B)
    .ARM.Collect$$$$0000000E                 0x080000fc   Section        4  entry12b.o(.ARM.Collect$$$$0000000E)
    .ARM.Collect$$$$0000000F                 0x08000100   Section        0  entry10a.o(.ARM.Collect$$$$0000000F)
    .ARM.Collect$$$$00000011                 0x08000100   Section        0  entry11a.o(.ARM.Collect$$$$00000011)
    .ARM.Collect$$$$00002712                 0x08000100   Section        4  entry2.o(.ARM.Collect$$$$00002712)
    __lit__00000000                          0x08000100   Data           4  entry2.o(.ARM.Collect$$$$00002712)
    .text                                    0x08000104   Section       36  startup_stm32f103xb.o(.text)
    .text                                    0x08000128   Section        0  llshl.o(.text)
    .text                                    0x08000146   Section        0  llushr.o(.text)
    .text                                    0x08000166   Section        0  memcpya.o(.text)
    .text                                    0x0800018a   Section        0  memseta.o(.text)
    .text                                    0x080001ae   Section        0  fmul.o(.text)
    .text                                    0x08000212   Section        0  ffixui.o(.text)
    .text                                    0x0800023a   Section        0  f2d.o(.text)
    .text                                    0x08000260   Section       20  cfrcmple.o(.text)
    .text                                    0x08000274   Section        0  uidiv.o(.text)
    .text                                    0x080002a0   Section        0  uldiv.o(.text)
    .text                                    0x08000302   Section        0  iusefp.o(.text)
    .text                                    0x08000302   Section        0  dadd.o(.text)
    .text                                    0x08000450   Section        0  dmul.o(.text)
    .text                                    0x08000534   Section        0  ddiv.o(.text)
    .text                                    0x08000612   Section        0  dfixul.o(.text)
    .text                                    0x08000644   Section       48  cdrcmple.o(.text)
    .text                                    0x08000674   Section       36  init.o(.text)
    .text                                    0x08000698   Section        0  llsshr.o(.text)
    .text                                    0x080006bc   Section        0  depilogue.o(.text)
    i.BusFault_Handler                       0x08000776   Section        0  stm32f1xx_it.o(i.BusFault_Handler)
    i.DebugMon_Handler                       0x08000778   Section        0  stm32f1xx_it.o(i.DebugMon_Handler)
    i.Error_Handler                          0x0800077a   Section        0  main.o(i.Error_Handler)
    i.HAL_CAN_ActivateNotification           0x0800077e   Section        0  stm32f1xx_hal_can.o(i.HAL_CAN_ActivateNotification)
    i.HAL_CAN_AddTxMessage                   0x080007a2   Section        0  stm32f1xx_hal_can.o(i.HAL_CAN_AddTxMessage)
    i.HAL_CAN_ConfigFilter                   0x08000874   Section        0  stm32f1xx_hal_can.o(i.HAL_CAN_ConfigFilter)
    i.HAL_CAN_ErrorCallback                  0x08000962   Section        0  stm32f1xx_hal_can.o(i.HAL_CAN_ErrorCallback)
    i.HAL_CAN_GetRxMessage                   0x08000964   Section        0  stm32f1xx_hal_can.o(i.HAL_CAN_GetRxMessage)
    i.HAL_CAN_IRQHandler                     0x08000a58   Section        0  stm32f1xx_hal_can.o(i.HAL_CAN_IRQHandler)
    i.HAL_CAN_Init                           0x08000c54   Section        0  stm32f1xx_hal_can.o(i.HAL_CAN_Init)
    i.HAL_CAN_MspInit                        0x08000d70   Section        0  can.o(i.HAL_CAN_MspInit)
    i.HAL_CAN_RxFifo0FullCallback            0x08000dec   Section        0  stm32f1xx_hal_can.o(i.HAL_CAN_RxFifo0FullCallback)
    i.HAL_CAN_RxFifo0MsgPendingCallback      0x08000df0   Section        0  main.o(i.HAL_CAN_RxFifo0MsgPendingCallback)
    i.HAL_CAN_RxFifo1FullCallback            0x08000e34   Section        0  stm32f1xx_hal_can.o(i.HAL_CAN_RxFifo1FullCallback)
    i.HAL_CAN_RxFifo1MsgPendingCallback      0x08000e36   Section        0  stm32f1xx_hal_can.o(i.HAL_CAN_RxFifo1MsgPendingCallback)
    i.HAL_CAN_SleepCallback                  0x08000e38   Section        0  stm32f1xx_hal_can.o(i.HAL_CAN_SleepCallback)
    i.HAL_CAN_Start                          0x08000e3c   Section        0  stm32f1xx_hal_can.o(i.HAL_CAN_Start)
    i.HAL_CAN_TxMailbox0AbortCallback        0x08000e94   Section        0  stm32f1xx_hal_can.o(i.HAL_CAN_TxMailbox0AbortCallback)
    i.HAL_CAN_TxMailbox0CompleteCallback     0x08000e96   Section        0  stm32f1xx_hal_can.o(i.HAL_CAN_TxMailbox0CompleteCallback)
    i.HAL_CAN_TxMailbox1AbortCallback        0x08000e98   Section        0  stm32f1xx_hal_can.o(i.HAL_CAN_TxMailbox1AbortCallback)
    i.HAL_CAN_TxMailbox1CompleteCallback     0x08000e9a   Section        0  stm32f1xx_hal_can.o(i.HAL_CAN_TxMailbox1CompleteCallback)
    i.HAL_CAN_TxMailbox2AbortCallback        0x08000e9c   Section        0  stm32f1xx_hal_can.o(i.HAL_CAN_TxMailbox2AbortCallback)
    i.HAL_CAN_TxMailbox2CompleteCallback     0x08000e9e   Section        0  stm32f1xx_hal_can.o(i.HAL_CAN_TxMailbox2CompleteCallback)
    i.HAL_CAN_WakeUpFromRxMsgCallback        0x08000ea0   Section        0  stm32f1xx_hal_can.o(i.HAL_CAN_WakeUpFromRxMsgCallback)
    i.HAL_Delay                              0x08000ea4   Section        0  stm32f1xx_hal.o(i.HAL_Delay)
    i.HAL_GPIO_Init                          0x08000ec8   Section        0  stm32f1xx_hal_gpio.o(i.HAL_GPIO_Init)
    i.HAL_GPIO_TogglePin                     0x080010a8   Section        0  stm32f1xx_hal_gpio.o(i.HAL_GPIO_TogglePin)
    i.HAL_GPIO_WritePin                      0x080010b8   Section        0  stm32f1xx_hal_gpio.o(i.HAL_GPIO_WritePin)
    i.HAL_GetTick                            0x080010c4   Section        0  stm32f1xx_hal.o(i.HAL_GetTick)
    i.HAL_IncTick                            0x080010d0   Section        0  stm32f1xx_hal.o(i.HAL_IncTick)
    i.HAL_Init                               0x080010e0   Section        0  stm32f1xx_hal.o(i.HAL_Init)
    i.HAL_InitTick                           0x08001104   Section        0  stm32f1xx_hal.o(i.HAL_InitTick)
    i.HAL_MspInit                            0x08001144   Section        0  stm32f1xx_hal_msp.o(i.HAL_MspInit)
    i.HAL_NVIC_EnableIRQ                     0x08001180   Section        0  stm32f1xx_hal_cortex.o(i.HAL_NVIC_EnableIRQ)
    i.HAL_NVIC_SetPriority                   0x0800119c   Section        0  stm32f1xx_hal_cortex.o(i.HAL_NVIC_SetPriority)
    i.HAL_NVIC_SetPriorityGrouping           0x080011dc   Section        0  stm32f1xx_hal_cortex.o(i.HAL_NVIC_SetPriorityGrouping)
    i.HAL_RCC_ClockConfig                    0x08001200   Section        0  stm32f1xx_hal_rcc.o(i.HAL_RCC_ClockConfig)
    i.HAL_RCC_GetPCLK1Freq                   0x0800132c   Section        0  stm32f1xx_hal_rcc.o(i.HAL_RCC_GetPCLK1Freq)
    i.HAL_RCC_GetPCLK2Freq                   0x0800134c   Section        0  stm32f1xx_hal_rcc.o(i.HAL_RCC_GetPCLK2Freq)
    i.HAL_RCC_GetSysClockFreq                0x0800136c   Section        0  stm32f1xx_hal_rcc.o(i.HAL_RCC_GetSysClockFreq)
    i.HAL_RCC_OscConfig                      0x080013b8   Section        0  stm32f1xx_hal_rcc.o(i.HAL_RCC_OscConfig)
    i.HAL_SYSTICK_Config                     0x080016d8   Section        0  stm32f1xx_hal_cortex.o(i.HAL_SYSTICK_Config)
    i.HAL_TIMEx_MasterConfigSynchronization  0x08001700   Section        0  stm32f1xx_hal_tim_ex.o(i.HAL_TIMEx_MasterConfigSynchronization)
    i.HAL_TIM_Base_Init                      0x08001768   Section        0  stm32f1xx_hal_tim.o(i.HAL_TIM_Base_Init)
    i.HAL_TIM_Base_MspInit                   0x080017c4   Section        0  tim.o(i.HAL_TIM_Base_MspInit)
    i.HAL_TIM_ConfigClockSource              0x080017e8   Section        0  stm32f1xx_hal_tim.o(i.HAL_TIM_ConfigClockSource)
    i.HAL_TIM_MspPostInit                    0x080018c4   Section        0  tim.o(i.HAL_TIM_MspPostInit)
    i.HAL_TIM_PWM_ConfigChannel              0x0800190c   Section        0  stm32f1xx_hal_tim.o(i.HAL_TIM_PWM_ConfigChannel)
    i.HAL_TIM_PWM_Init                       0x080019d8   Section        0  stm32f1xx_hal_tim.o(i.HAL_TIM_PWM_Init)
    i.HAL_TIM_PWM_MspInit                    0x08001a32   Section        0  stm32f1xx_hal_tim.o(i.HAL_TIM_PWM_MspInit)
    i.HAL_TIM_PWM_Start                      0x08001a34   Section        0  stm32f1xx_hal_tim.o(i.HAL_TIM_PWM_Start)
    i.HAL_UART_Init                          0x08001ad0   Section        0  stm32f1xx_hal_uart.o(i.HAL_UART_Init)
    i.HAL_UART_MspInit                       0x08001b34   Section        0  usart.o(i.HAL_UART_MspInit)
    i.HAL_UART_Transmit                      0x08001ba4   Section        0  stm32f1xx_hal_uart.o(i.HAL_UART_Transmit)
    i.HardFault_Handler                      0x08001c44   Section        0  stm32f1xx_it.o(i.HardFault_Handler)
    i.MX_CAN_Init                            0x08001c48   Section        0  can.o(i.MX_CAN_Init)
    i.MX_GPIO_Init                           0x08001c8c   Section        0  gpio.o(i.MX_GPIO_Init)
    i.MX_TIM2_Init                           0x08001cfc   Section        0  tim.o(i.MX_TIM2_Init)
    i.MX_USART1_UART_Init                    0x08001dc8   Section        0  usart.o(i.MX_USART1_UART_Init)
    i.MemManage_Handler                      0x08001e00   Section        0  stm32f1xx_it.o(i.MemManage_Handler)
    i.NMI_Handler                            0x08001e02   Section        0  stm32f1xx_it.o(i.NMI_Handler)
    i.PendSV_Handler                         0x08001e04   Section        0  stm32f1xx_it.o(i.PendSV_Handler)
    i.SVC_Handler                            0x08001e06   Section        0  stm32f1xx_it.o(i.SVC_Handler)
    i.SysTick_Handler                        0x08001e08   Section        0  stm32f1xx_it.o(i.SysTick_Handler)
    i.SystemClock_Config                     0x08001e0c   Section        0  main.o(i.SystemClock_Config)
    i.SystemInit                             0x08001e6a   Section        0  system_stm32f1xx.o(i.SystemInit)
    i.TIM_Base_SetConfig                     0x08001e6c   Section        0  stm32f1xx_hal_tim.o(i.TIM_Base_SetConfig)
    i.TIM_CCxChannelCmd                      0x08001ee4   Section        0  stm32f1xx_hal_tim.o(i.TIM_CCxChannelCmd)
    i.TIM_ETR_SetConfig                      0x08001efe   Section        0  stm32f1xx_hal_tim.o(i.TIM_ETR_SetConfig)
    i.TIM_ITRx_SetConfig                     0x08001f12   Section        0  stm32f1xx_hal_tim.o(i.TIM_ITRx_SetConfig)
    TIM_ITRx_SetConfig                       0x08001f13   Thumb Code    16  stm32f1xx_hal_tim.o(i.TIM_ITRx_SetConfig)
    i.TIM_OC1_SetConfig                      0x08001f24   Section        0  stm32f1xx_hal_tim.o(i.TIM_OC1_SetConfig)
    TIM_OC1_SetConfig                        0x08001f25   Thumb Code    74  stm32f1xx_hal_tim.o(i.TIM_OC1_SetConfig)
    i.TIM_OC2_SetConfig                      0x08001f74   Section        0  stm32f1xx_hal_tim.o(i.TIM_OC2_SetConfig)
    i.TIM_OC3_SetConfig                      0x08001fcc   Section        0  stm32f1xx_hal_tim.o(i.TIM_OC3_SetConfig)
    TIM_OC3_SetConfig                        0x08001fcd   Thumb Code    82  stm32f1xx_hal_tim.o(i.TIM_OC3_SetConfig)
    i.TIM_OC4_SetConfig                      0x08002024   Section        0  stm32f1xx_hal_tim.o(i.TIM_OC4_SetConfig)
    TIM_OC4_SetConfig                        0x08002025   Thumb Code    64  stm32f1xx_hal_tim.o(i.TIM_OC4_SetConfig)
    i.TIM_TI1_ConfigInputStage               0x08002068   Section        0  stm32f1xx_hal_tim.o(i.TIM_TI1_ConfigInputStage)
    TIM_TI1_ConfigInputStage                 0x08002069   Thumb Code    34  stm32f1xx_hal_tim.o(i.TIM_TI1_ConfigInputStage)
    i.TIM_TI2_ConfigInputStage               0x0800208a   Section        0  stm32f1xx_hal_tim.o(i.TIM_TI2_ConfigInputStage)
    TIM_TI2_ConfigInputStage                 0x0800208b   Thumb Code    36  stm32f1xx_hal_tim.o(i.TIM_TI2_ConfigInputStage)
    i.UART_EndRxTransfer                     0x080020ae   Section        0  stm32f1xx_hal_uart.o(i.UART_EndRxTransfer)
    UART_EndRxTransfer                       0x080020af   Thumb Code    78  stm32f1xx_hal_uart.o(i.UART_EndRxTransfer)
    i.UART_SetConfig                         0x080020fc   Section        0  stm32f1xx_hal_uart.o(i.UART_SetConfig)
    UART_SetConfig                           0x080020fd   Thumb Code   178  stm32f1xx_hal_uart.o(i.UART_SetConfig)
    i.UART_WaitOnFlagUntilTimeout            0x080021b4   Section        0  stm32f1xx_hal_uart.o(i.UART_WaitOnFlagUntilTimeout)
    UART_WaitOnFlagUntilTimeout              0x080021b5   Thumb Code   114  stm32f1xx_hal_uart.o(i.UART_WaitOnFlagUntilTimeout)
    i.USB_LP_CAN1_RX0_IRQHandler             0x08002228   Section        0  stm32f1xx_it.o(i.USB_LP_CAN1_RX0_IRQHandler)
    i.UsageFault_Handler                     0x08002234   Section        0  stm32f1xx_it.o(i.UsageFault_Handler)
    i.__0printf                              0x08002238   Section        0  printfa.o(i.__0printf)
    i.__NVIC_SetPriority                     0x08002258   Section        0  stm32f1xx_hal_cortex.o(i.__NVIC_SetPriority)
    __NVIC_SetPriority                       0x08002259   Thumb Code    32  stm32f1xx_hal_cortex.o(i.__NVIC_SetPriority)
    i.__scatterload_copy                     0x08002278   Section       14  handlers.o(i.__scatterload_copy)
    i.__scatterload_null                     0x08002286   Section        2  handlers.o(i.__scatterload_null)
    i.__scatterload_zeroinit                 0x08002288   Section       14  handlers.o(i.__scatterload_zeroinit)
    i._fp_digits                             0x08002298   Section        0  printfa.o(i._fp_digits)
    _fp_digits                               0x08002299   Thumb Code   366  printfa.o(i._fp_digits)
    i._printf_core                           0x0800241c   Section        0  printfa.o(i._printf_core)
    _printf_core                             0x0800241d   Thumb Code  1704  printfa.o(i._printf_core)
    i._printf_post_padding                   0x08002ad0   Section        0  printfa.o(i._printf_post_padding)
    _printf_post_padding                     0x08002ad1   Thumb Code    36  printfa.o(i._printf_post_padding)
    i._printf_pre_padding                    0x08002af4   Section        0  printfa.o(i._printf_pre_padding)
    _printf_pre_padding                      0x08002af5   Thumb Code    46  printfa.o(i._printf_pre_padding)
    i.allocateBlock                          0x08002b22   Section        0  canard.o(i.allocateBlock)
    allocateBlock                            0x08002b23   Thumb Code    32  canard.o(i.allocateBlock)
    i.bufferBlockPushBytes                   0x08002b44   Section        0  canard.o(i.bufferBlockPushBytes)
    bufferBlockPushBytes                     0x08002b45   Thumb Code   236  canard.o(i.bufferBlockPushBytes)
    i.canardCleanupStaleTransfers            0x08002c30   Section        0  canard.o(i.canardCleanupStaleTransfers)
    i.canardConvertFloat16ToNativeFloat      0x08002c9c   Section        0  canard.o(i.canardConvertFloat16ToNativeFloat)
    i.canardDecodeScalar                     0x08002cd0   Section        0  canard.o(i.canardDecodeScalar)
    i.canardHandleRxFrame                    0x08002e1c   Section        0  canard.o(i.canardHandleRxFrame)
    i.canardInit                             0x08003214   Section        0  canard.o(i.canardInit)
    i.canardPeekTxQueue                      0x08003270   Section        0  canard.o(i.canardPeekTxQueue)
    i.canardPopTxQueue                       0x0800327a   Section        0  canard.o(i.canardPopTxQueue)
    i.canardReleaseRxTransferPayload         0x08003288   Section        0  canard.o(i.canardReleaseRxTransferPayload)
    i.canardSetLocalNodeID                   0x080032ac   Section        0  canard.o(i.canardSetLocalNodeID)
    i.computeTransferIDForwardDistance       0x080032be   Section        0  canard.o(i.computeTransferIDForwardDistance)
    computeTransferIDForwardDistance         0x080032bf   Thumb Code     8  canard.o(i.computeTransferIDForwardDistance)
    i.copyBitArray                           0x080032c6   Section        0  canard.o(i.copyBitArray)
    copyBitArray                             0x080032c7   Thumb Code   112  canard.o(i.copyBitArray)
    i.crcAdd                                 0x08003336   Section        0  canard.o(i.crcAdd)
    crcAdd                                   0x08003337   Thumb Code    22  canard.o(i.crcAdd)
    i.crcAddByte                             0x0800334c   Section        0  canard.o(i.crcAddByte)
    crcAddByte                               0x0800334d   Thumb Code    36  canard.o(i.crcAddByte)
    i.crcAddSignature                        0x08003370   Section        0  canard.o(i.crcAddSignature)
    crcAddSignature                          0x08003371   Thumb Code    44  canard.o(i.crcAddSignature)
    i.createBufferBlock                      0x0800339c   Section        0  canard.o(i.createBufferBlock)
    createBufferBlock                        0x0800339d   Thumb Code    16  canard.o(i.createBufferBlock)
    i.createRxState                          0x080033ac   Section        0  canard.o(i.createRxState)
    createRxState                            0x080033ad   Thumb Code    46  canard.o(i.createRxState)
    i.descatterTransferPayload               0x080033da   Section        0  canard.o(i.descatterTransferPayload)
    descatterTransferPayload                 0x080033db   Thumb Code   246  canard.o(i.descatterTransferPayload)
    i.extractDataType                        0x080034d0   Section        0  canard.o(i.extractDataType)
    i.extractTransferType                    0x080034f0   Section        0  canard.o(i.extractTransferType)
    i.findRxState                            0x08003506   Section        0  canard.o(i.findRxState)
    findRxState                              0x08003507   Thumb Code    18  canard.o(i.findRxState)
    i.fputc                                  0x08003518   Section        0  main.o(i.fputc)
    i.freeBlock                              0x08003530   Section        0  canard.o(i.freeBlock)
    freeBlock                                0x08003531   Thumb Code    14  canard.o(i.freeBlock)
    i.isBigEndian                            0x0800353e   Section        0  canard.o(i.isBigEndian)
    isBigEndian                              0x0800353f   Thumb Code    10  canard.o(i.isBigEndian)
    i.main                                   0x08003548   Section        0  main.o(i.main)
    i.onTransferReception                    0x08003630   Section        0  main.o(i.onTransferReception)
    i.prepareForNextTransfer                 0x08003668   Section        0  canard.o(i.prepareForNextTransfer)
    prepareForNextTransfer                   0x08003669   Thumb Code    24  canard.o(i.prepareForNextTransfer)
    i.processActuatorCommands                0x08003684   Section        0  main.o(i.processActuatorCommands)
    i.processCanTxQueue                      0x08003780   Section        0  main.o(i.processCanTxQueue)
    i.releaseStatePayload                    0x080037cc   Section        0  canard.o(i.releaseStatePayload)
    releaseStatePayload                      0x080037cd   Thumb Code    40  canard.o(i.releaseStatePayload)
    i.shouldAcceptTransfer                   0x080037f8   Section        0  main.o(i.shouldAcceptTransfer)
    i.swapByteOrder                          0x08003818   Section        0  canard.o(i.swapByteOrder)
    swapByteOrder                            0x08003819   Thumb Code    26  canard.o(i.swapByteOrder)
    i.uavcan_equipment_actuator_ArrayCommand_decode 0x08003832   Section        0  actuator_arraycommand.o(i.uavcan_equipment_actuator_ArrayCommand_decode)
    i.uavcan_equipment_actuator_ArrayCommand_decode_internal 0x08003848   Section        0  actuator_arraycommand.o(i.uavcan_equipment_actuator_ArrayCommand_decode_internal)
    i.uavcan_equipment_actuator_Command_decode_internal 0x080038ae   Section        0  actuator_command.o(i.uavcan_equipment_actuator_Command_decode_internal)
    .constdata                               0x08003914   Section       20  canard.o(.constdata)
    .constdata                               0x08003928   Section       24  main.o(.constdata)
    .constdata                               0x08003940   Section       18  stm32f1xx_hal_rcc.o(.constdata)
    aPredivFactorTable                       0x08003940   Data           2  stm32f1xx_hal_rcc.o(.constdata)
    aPLLMULFactorTable                       0x08003942   Data          16  stm32f1xx_hal_rcc.o(.constdata)
    .constdata                               0x08003952   Section       16  system_stm32f1xx.o(.constdata)
    .constdata                               0x08003962   Section        8  system_stm32f1xx.o(.constdata)
    .data                                    0x20000000   Section       12  main.o(.data)
    actuator_cmd_transfer_id                 0x20000000   Data           1  main.o(.data)
    node_status_transfer_id                  0x20000001   Data           1  main.o(.data)
    rx_actuator_cmd                          0x20000004   Data           8  main.o(.data)
    .data                                    0x2000000c   Section       12  stm32f1xx_hal.o(.data)
    .data                                    0x20000018   Section        4  system_stm32f1xx.o(.data)
    .data                                    0x2000001c   Section        4  stdout.o(.data)
    .bss                                     0x20000020   Section     4140  main.o(.bss)
    .bss                                     0x2000104c   Section       40  can.o(.bss)
    .bss                                     0x20001074   Section       72  tim.o(.bss)
    .bss                                     0x200010bc   Section       72  usart.o(.bss)
    STACK                                    0x20001108   Section     8192  startup_stm32f103xb.o(STACK)

    Global Symbols

    Symbol Name                              Value     Ov Type        Size  Object(Section)

    BuildAttributes$$THM_ISAv4$P$D$K$B$S$PE$A:L22UL41UL21$X:L11$S22US41US21$IEEE1$IW$USESV6$~STKCKD$USESV7$~SHL$OSPACE$ROPI$EBA8$MICROLIB$REQ8$PRES8$EABIv2 0x00000000   Number         0  anon$$obj.o ABSOLUTE
    __ARM_use_no_argv                        0x00000000   Number         0  main.o ABSOLUTE
    _printf_a                                0x00000000   Number         0  stubs.o ABSOLUTE
    _printf_c                                0x00000000   Number         0  stubs.o ABSOLUTE
    _printf_charcount                        0x00000000   Number         0  stubs.o ABSOLUTE
    _printf_d                                0x00000000   Number         0  stubs.o ABSOLUTE
    _printf_e                                0x00000000   Number         0  stubs.o ABSOLUTE
    _printf_f                                0x00000000   Number         0  stubs.o ABSOLUTE
    _printf_flags                            0x00000000   Number         0  stubs.o ABSOLUTE
    _printf_fp_dec                           0x00000000   Number         0  stubs.o ABSOLUTE
    _printf_fp_hex                           0x00000000   Number         0  stubs.o ABSOLUTE
    _printf_g                                0x00000000   Number         0  stubs.o ABSOLUTE
    _printf_i                                0x00000000   Number         0  stubs.o ABSOLUTE
    _printf_int_dec                          0x00000000   Number         0  stubs.o ABSOLUTE
    _printf_l                                0x00000000   Number         0  stubs.o ABSOLUTE
    _printf_lc                               0x00000000   Number         0  stubs.o ABSOLUTE
    _printf_ll                               0x00000000   Number         0  stubs.o ABSOLUTE
    _printf_lld                              0x00000000   Number         0  stubs.o ABSOLUTE
    _printf_lli                              0x00000000   Number         0  stubs.o ABSOLUTE
    _printf_llo                              0x00000000   Number         0  stubs.o ABSOLUTE
    _printf_llu                              0x00000000   Number         0  stubs.o ABSOLUTE
    _printf_llx                              0x00000000   Number         0  stubs.o ABSOLUTE
    _printf_longlong_dec                     0x00000000   Number         0  stubs.o ABSOLUTE
    _printf_longlong_hex                     0x00000000   Number         0  stubs.o ABSOLUTE
    _printf_longlong_oct                     0x00000000   Number         0  stubs.o ABSOLUTE
    _printf_ls                               0x00000000   Number         0  stubs.o ABSOLUTE
    _printf_mbtowc                           0x00000000   Number         0  stubs.o ABSOLUTE
    _printf_n                                0x00000000   Number         0  stubs.o ABSOLUTE
    _printf_o                                0x00000000   Number         0  stubs.o ABSOLUTE
    _printf_p                                0x00000000   Number         0  stubs.o ABSOLUTE
    _printf_percent                          0x00000000   Number         0  stubs.o ABSOLUTE
    _printf_pre_padding                      0x00000000   Number         0  stubs.o ABSOLUTE
    _printf_return_value                     0x00000000   Number         0  stubs.o ABSOLUTE
    _printf_s                                0x00000000   Number         0  stubs.o ABSOLUTE
    _printf_sizespec                         0x00000000   Number         0  stubs.o ABSOLUTE
    _printf_str                              0x00000000   Number         0  stubs.o ABSOLUTE
    _printf_truncate_signed                  0x00000000   Number         0  stubs.o ABSOLUTE
    _printf_truncate_unsigned                0x00000000   Number         0  stubs.o ABSOLUTE
    _printf_u                                0x00000000   Number         0  stubs.o ABSOLUTE
    _printf_wc                               0x00000000   Number         0  stubs.o ABSOLUTE
    _printf_wctomb                           0x00000000   Number         0  stubs.o ABSOLUTE
    _printf_widthprec                        0x00000000   Number         0  stubs.o ABSOLUTE
    _printf_x                                0x00000000   Number         0  stubs.o ABSOLUTE
    __arm_fini_                               - Undefined Weak Reference
    __cpp_initialize__aeabi_                  - Undefined Weak Reference
    __cxa_finalize                            - Undefined Weak Reference
    __decompress                              - Undefined Weak Reference
    _clock_init                               - Undefined Weak Reference
    _microlib_exit                            - Undefined Weak Reference
    __Vectors_Size                           0x000000ec   Number         0  startup_stm32f103xb.o ABSOLUTE
    __Vectors                                0x08000000   Data           4  startup_stm32f103xb.o(RESET)
    __Vectors_End                            0x080000ec   Data           0  startup_stm32f103xb.o(RESET)
    __main                                   0x080000ed   Thumb Code     0  entry.o(.ARM.Collect$$$$00000000)
    _main_stk                                0x080000ed   Thumb Code     0  entry2.o(.ARM.Collect$$$$00000001)
    _main_scatterload                        0x080000f1   Thumb Code     0  entry5.o(.ARM.Collect$$$$00000004)
    __main_after_scatterload                 0x080000f5   Thumb Code     0  entry5.o(.ARM.Collect$$$$00000004)
    _main_clock                              0x080000f5   Thumb Code     0  entry7b.o(.ARM.Collect$$$$00000008)
    _main_cpp_init                           0x080000f5   Thumb Code     0  entry8b.o(.ARM.Collect$$$$0000000A)
    _main_init                               0x080000f5   Thumb Code     0  entry9a.o(.ARM.Collect$$$$0000000B)
    __rt_lib_shutdown_fini                   0x080000fd   Thumb Code     0  entry12b.o(.ARM.Collect$$$$0000000E)
    __rt_final_cpp                           0x08000101   Thumb Code     0  entry10a.o(.ARM.Collect$$$$0000000F)
    __rt_final_exit                          0x08000101   Thumb Code     0  entry11a.o(.ARM.Collect$$$$00000011)
    Reset_Handler                            0x08000105   Thumb Code     8  startup_stm32f103xb.o(.text)
    ADC1_2_IRQHandler                        0x0800011f   Thumb Code     0  startup_stm32f103xb.o(.text)
    CAN1_RX1_IRQHandler                      0x0800011f   Thumb Code     0  startup_stm32f103xb.o(.text)
    CAN1_SCE_IRQHandler                      0x0800011f   Thumb Code     0  startup_stm32f103xb.o(.text)
    DMA1_Channel1_IRQHandler                 0x0800011f   Thumb Code     0  startup_stm32f103xb.o(.text)
    DMA1_Channel2_IRQHandler                 0x0800011f   Thumb Code     0  startup_stm32f103xb.o(.text)
    DMA1_Channel3_IRQHandler                 0x0800011f   Thumb Code     0  startup_stm32f103xb.o(.text)
    DMA1_Channel4_IRQHandler                 0x0800011f   Thumb Code     0  startup_stm32f103xb.o(.text)
    DMA1_Channel5_IRQHandler                 0x0800011f   Thumb Code     0  startup_stm32f103xb.o(.text)
    DMA1_Channel6_IRQHandler                 0x0800011f   Thumb Code     0  startup_stm32f103xb.o(.text)
    DMA1_Channel7_IRQHandler                 0x0800011f   Thumb Code     0  startup_stm32f103xb.o(.text)
    EXTI0_IRQHandler                         0x0800011f   Thumb Code     0  startup_stm32f103xb.o(.text)
    EXTI15_10_IRQHandler                     0x0800011f   Thumb Code     0  startup_stm32f103xb.o(.text)
    EXTI1_IRQHandler                         0x0800011f   Thumb Code     0  startup_stm32f103xb.o(.text)
    EXTI2_IRQHandler                         0x0800011f   Thumb Code     0  startup_stm32f103xb.o(.text)
    EXTI3_IRQHandler                         0x0800011f   Thumb Code     0  startup_stm32f103xb.o(.text)
    EXTI4_IRQHandler                         0x0800011f   Thumb Code     0  startup_stm32f103xb.o(.text)
    EXTI9_5_IRQHandler                       0x0800011f   Thumb Code     0  startup_stm32f103xb.o(.text)
    FLASH_IRQHandler                         0x0800011f   Thumb Code     0  startup_stm32f103xb.o(.text)
    I2C1_ER_IRQHandler                       0x0800011f   Thumb Code     0  startup_stm32f103xb.o(.text)
    I2C1_EV_IRQHandler                       0x0800011f   Thumb Code     0  startup_stm32f103xb.o(.text)
    I2C2_ER_IRQHandler                       0x0800011f   Thumb Code     0  startup_stm32f103xb.o(.text)
    I2C2_EV_IRQHandler                       0x0800011f   Thumb Code     0  startup_stm32f103xb.o(.text)
    PVD_IRQHandler                           0x0800011f   Thumb Code     0  startup_stm32f103xb.o(.text)
    RCC_IRQHandler                           0x0800011f   Thumb Code     0  startup_stm32f103xb.o(.text)
    RTC_Alarm_IRQHandler                     0x0800011f   Thumb Code     0  startup_stm32f103xb.o(.text)
    RTC_IRQHandler                           0x0800011f   Thumb Code     0  startup_stm32f103xb.o(.text)
    SPI1_IRQHandler                          0x0800011f   Thumb Code     0  startup_stm32f103xb.o(.text)
    SPI2_IRQHandler                          0x0800011f   Thumb Code     0  startup_stm32f103xb.o(.text)
    TAMPER_IRQHandler                        0x0800011f   Thumb Code     0  startup_stm32f103xb.o(.text)
    TIM1_BRK_IRQHandler                      0x0800011f   Thumb Code     0  startup_stm32f103xb.o(.text)
    TIM1_CC_IRQHandler                       0x0800011f   Thumb Code     0  startup_stm32f103xb.o(.text)
    TIM1_TRG_COM_IRQHandler                  0x0800011f   Thumb Code     0  startup_stm32f103xb.o(.text)
    TIM1_UP_IRQHandler                       0x0800011f   Thumb Code     0  startup_stm32f103xb.o(.text)
    TIM2_IRQHandler                          0x0800011f   Thumb Code     0  startup_stm32f103xb.o(.text)
    TIM3_IRQHandler                          0x0800011f   Thumb Code     0  startup_stm32f103xb.o(.text)
    TIM4_IRQHandler                          0x0800011f   Thumb Code     0  startup_stm32f103xb.o(.text)
    USART1_IRQHandler                        0x0800011f   Thumb Code     0  startup_stm32f103xb.o(.text)
    USART2_IRQHandler                        0x0800011f   Thumb Code     0  startup_stm32f103xb.o(.text)
    USART3_IRQHandler                        0x0800011f   Thumb Code     0  startup_stm32f103xb.o(.text)
    USBWakeUp_IRQHandler                     0x0800011f   Thumb Code     0  startup_stm32f103xb.o(.text)
    USB_HP_CAN1_TX_IRQHandler                0x0800011f   Thumb Code     0  startup_stm32f103xb.o(.text)
    WWDG_IRQHandler                          0x0800011f   Thumb Code     0  startup_stm32f103xb.o(.text)
    __aeabi_llsl                             0x08000129   Thumb Code    30  llshl.o(.text)
    _ll_shift_l                              0x08000129   Thumb Code     0  llshl.o(.text)
    __aeabi_llsr                             0x08000147   Thumb Code    32  llushr.o(.text)
    _ll_ushift_r                             0x08000147   Thumb Code     0  llushr.o(.text)
    __aeabi_memcpy                           0x08000167   Thumb Code    36  memcpya.o(.text)
    __aeabi_memcpy4                          0x08000167   Thumb Code     0  memcpya.o(.text)
    __aeabi_memcpy8                          0x08000167   Thumb Code     0  memcpya.o(.text)
    __aeabi_memset                           0x0800018b   Thumb Code    14  memseta.o(.text)
    __aeabi_memset4                          0x0800018b   Thumb Code     0  memseta.o(.text)
    __aeabi_memset8                          0x0800018b   Thumb Code     0  memseta.o(.text)
    __aeabi_memclr                           0x08000199   Thumb Code     4  memseta.o(.text)
    __aeabi_memclr4                          0x08000199   Thumb Code     0  memseta.o(.text)
    __aeabi_memclr8                          0x08000199   Thumb Code     0  memseta.o(.text)
    _memset$wrapper                          0x0800019d   Thumb Code    18  memseta.o(.text)
    __aeabi_fmul                             0x080001af   Thumb Code   100  fmul.o(.text)
    __aeabi_f2uiz                            0x08000213   Thumb Code    40  ffixui.o(.text)
    __aeabi_f2d                              0x0800023b   Thumb Code    38  f2d.o(.text)
    __aeabi_cfrcmple                         0x08000261   Thumb Code    20  cfrcmple.o(.text)
    __aeabi_uidiv                            0x08000275   Thumb Code     0  uidiv.o(.text)
    __aeabi_uidivmod                         0x08000275   Thumb Code    44  uidiv.o(.text)
    __aeabi_uldivmod                         0x080002a1   Thumb Code    98  uldiv.o(.text)
    __I$use$fp                               0x08000303   Thumb Code     0  iusefp.o(.text)
    __aeabi_dadd                             0x08000303   Thumb Code   322  dadd.o(.text)
    __aeabi_dsub                             0x08000445   Thumb Code     6  dadd.o(.text)
    __aeabi_drsub                            0x0800044b   Thumb Code     6  dadd.o(.text)
    __aeabi_dmul                             0x08000451   Thumb Code   228  dmul.o(.text)
    __aeabi_ddiv                             0x08000535   Thumb Code   222  ddiv.o(.text)
    __aeabi_d2ulz                            0x08000613   Thumb Code    48  dfixul.o(.text)
    __aeabi_cdrcmple                         0x08000645   Thumb Code    48  cdrcmple.o(.text)
    __scatterload                            0x08000675   Thumb Code    28  init.o(.text)
    __scatterload_rt2                        0x08000675   Thumb Code     0  init.o(.text)
    __aeabi_lasr                             0x08000699   Thumb Code    36  llsshr.o(.text)
    _ll_sshift_r                             0x08000699   Thumb Code     0  llsshr.o(.text)
    _double_round                            0x080006bd   Thumb Code    30  depilogue.o(.text)
    _double_epilogue                         0x080006db   Thumb Code   156  depilogue.o(.text)
    BusFault_Handler                         0x08000777   Thumb Code     2  stm32f1xx_it.o(i.BusFault_Handler)
    DebugMon_Handler                         0x08000779   Thumb Code     2  stm32f1xx_it.o(i.DebugMon_Handler)
    Error_Handler                            0x0800077b   Thumb Code     4  main.o(i.Error_Handler)
    HAL_CAN_ActivateNotification             0x0800077f   Thumb Code    36  stm32f1xx_hal_can.o(i.HAL_CAN_ActivateNotification)
    HAL_CAN_AddTxMessage                     0x080007a3   Thumb Code   208  stm32f1xx_hal_can.o(i.HAL_CAN_AddTxMessage)
    HAL_CAN_ConfigFilter                     0x08000875   Thumb Code   238  stm32f1xx_hal_can.o(i.HAL_CAN_ConfigFilter)
    HAL_CAN_ErrorCallback                    0x08000963   Thumb Code     2  stm32f1xx_hal_can.o(i.HAL_CAN_ErrorCallback)
    HAL_CAN_GetRxMessage                     0x08000965   Thumb Code   244  stm32f1xx_hal_can.o(i.HAL_CAN_GetRxMessage)
    HAL_CAN_IRQHandler                       0x08000a59   Thumb Code   508  stm32f1xx_hal_can.o(i.HAL_CAN_IRQHandler)
    HAL_CAN_Init                             0x08000c55   Thumb Code   282  stm32f1xx_hal_can.o(i.HAL_CAN_Init)
    HAL_CAN_MspInit                          0x08000d71   Thumb Code   112  can.o(i.HAL_CAN_MspInit)
    HAL_CAN_RxFifo0FullCallback              0x08000ded   Thumb Code     2  stm32f1xx_hal_can.o(i.HAL_CAN_RxFifo0FullCallback)
    HAL_CAN_RxFifo0MsgPendingCallback        0x08000df1   Thumb Code    64  main.o(i.HAL_CAN_RxFifo0MsgPendingCallback)
    HAL_CAN_RxFifo1FullCallback              0x08000e35   Thumb Code     2  stm32f1xx_hal_can.o(i.HAL_CAN_RxFifo1FullCallback)
    HAL_CAN_RxFifo1MsgPendingCallback        0x08000e37   Thumb Code     2  stm32f1xx_hal_can.o(i.HAL_CAN_RxFifo1MsgPendingCallback)
    HAL_CAN_SleepCallback                    0x08000e39   Thumb Code     2  stm32f1xx_hal_can.o(i.HAL_CAN_SleepCallback)
    HAL_CAN_Start                            0x08000e3d   Thumb Code    88  stm32f1xx_hal_can.o(i.HAL_CAN_Start)
    HAL_CAN_TxMailbox0AbortCallback          0x08000e95   Thumb Code     2  stm32f1xx_hal_can.o(i.HAL_CAN_TxMailbox0AbortCallback)
    HAL_CAN_TxMailbox0CompleteCallback       0x08000e97   Thumb Code     2  stm32f1xx_hal_can.o(i.HAL_CAN_TxMailbox0CompleteCallback)
    HAL_CAN_TxMailbox1AbortCallback          0x08000e99   Thumb Code     2  stm32f1xx_hal_can.o(i.HAL_CAN_TxMailbox1AbortCallback)
    HAL_CAN_TxMailbox1CompleteCallback       0x08000e9b   Thumb Code     2  stm32f1xx_hal_can.o(i.HAL_CAN_TxMailbox1CompleteCallback)
    HAL_CAN_TxMailbox2AbortCallback          0x08000e9d   Thumb Code     2  stm32f1xx_hal_can.o(i.HAL_CAN_TxMailbox2AbortCallback)
    HAL_CAN_TxMailbox2CompleteCallback       0x08000e9f   Thumb Code     2  stm32f1xx_hal_can.o(i.HAL_CAN_TxMailbox2CompleteCallback)
    HAL_CAN_WakeUpFromRxMsgCallback          0x08000ea1   Thumb Code     2  stm32f1xx_hal_can.o(i.HAL_CAN_WakeUpFromRxMsgCallback)
    HAL_Delay                                0x08000ea5   Thumb Code    32  stm32f1xx_hal.o(i.HAL_Delay)
    HAL_GPIO_Init                            0x08000ec9   Thumb Code   446  stm32f1xx_hal_gpio.o(i.HAL_GPIO_Init)
    HAL_GPIO_TogglePin                       0x080010a9   Thumb Code    16  stm32f1xx_hal_gpio.o(i.HAL_GPIO_TogglePin)
    HAL_GPIO_WritePin                        0x080010b9   Thumb Code    10  stm32f1xx_hal_gpio.o(i.HAL_GPIO_WritePin)
    HAL_GetTick                              0x080010c5   Thumb Code     6  stm32f1xx_hal.o(i.HAL_GetTick)
    HAL_IncTick                              0x080010d1   Thumb Code    12  stm32f1xx_hal.o(i.HAL_IncTick)
    HAL_Init                                 0x080010e1   Thumb Code    32  stm32f1xx_hal.o(i.HAL_Init)
    HAL_InitTick                             0x08001105   Thumb Code    54  stm32f1xx_hal.o(i.HAL_InitTick)
    HAL_MspInit                              0x08001145   Thumb Code    52  stm32f1xx_hal_msp.o(i.HAL_MspInit)
    HAL_NVIC_EnableIRQ                       0x08001181   Thumb Code    26  stm32f1xx_hal_cortex.o(i.HAL_NVIC_EnableIRQ)
    HAL_NVIC_SetPriority                     0x0800119d   Thumb Code    60  stm32f1xx_hal_cortex.o(i.HAL_NVIC_SetPriority)
    HAL_NVIC_SetPriorityGrouping             0x080011dd   Thumb Code    26  stm32f1xx_hal_cortex.o(i.HAL_NVIC_SetPriorityGrouping)
    HAL_RCC_ClockConfig                      0x08001201   Thumb Code   280  stm32f1xx_hal_rcc.o(i.HAL_RCC_ClockConfig)
    HAL_RCC_GetPCLK1Freq                     0x0800132d   Thumb Code    20  stm32f1xx_hal_rcc.o(i.HAL_RCC_GetPCLK1Freq)
    HAL_RCC_GetPCLK2Freq                     0x0800134d   Thumb Code    20  stm32f1xx_hal_rcc.o(i.HAL_RCC_GetPCLK2Freq)
    HAL_RCC_GetSysClockFreq                  0x0800136d   Thumb Code    58  stm32f1xx_hal_rcc.o(i.HAL_RCC_GetSysClockFreq)
    HAL_RCC_OscConfig                        0x080013b9   Thumb Code   778  stm32f1xx_hal_rcc.o(i.HAL_RCC_OscConfig)
    HAL_SYSTICK_Config                       0x080016d9   Thumb Code    40  stm32f1xx_hal_cortex.o(i.HAL_SYSTICK_Config)
    HAL_TIMEx_MasterConfigSynchronization    0x08001701   Thumb Code    92  stm32f1xx_hal_tim_ex.o(i.HAL_TIMEx_MasterConfigSynchronization)
    HAL_TIM_Base_Init                        0x08001769   Thumb Code    90  stm32f1xx_hal_tim.o(i.HAL_TIM_Base_Init)
    HAL_TIM_Base_MspInit                     0x080017c5   Thumb Code    30  tim.o(i.HAL_TIM_Base_MspInit)
    HAL_TIM_ConfigClockSource                0x080017e9   Thumb Code   220  stm32f1xx_hal_tim.o(i.HAL_TIM_ConfigClockSource)
    HAL_TIM_MspPostInit                      0x080018c5   Thumb Code    62  tim.o(i.HAL_TIM_MspPostInit)
    HAL_TIM_PWM_ConfigChannel                0x0800190d   Thumb Code   204  stm32f1xx_hal_tim.o(i.HAL_TIM_PWM_ConfigChannel)
    HAL_TIM_PWM_Init                         0x080019d9   Thumb Code    90  stm32f1xx_hal_tim.o(i.HAL_TIM_PWM_Init)
    HAL_TIM_PWM_MspInit                      0x08001a33   Thumb Code     2  stm32f1xx_hal_tim.o(i.HAL_TIM_PWM_MspInit)
    HAL_TIM_PWM_Start                        0x08001a35   Thumb Code   144  stm32f1xx_hal_tim.o(i.HAL_TIM_PWM_Start)
    HAL_UART_Init                            0x08001ad1   Thumb Code   100  stm32f1xx_hal_uart.o(i.HAL_UART_Init)
    HAL_UART_MspInit                         0x08001b35   Thumb Code   100  usart.o(i.HAL_UART_MspInit)
    HAL_UART_Transmit                        0x08001ba5   Thumb Code   160  stm32f1xx_hal_uart.o(i.HAL_UART_Transmit)
    HardFault_Handler                        0x08001c45   Thumb Code     2  stm32f1xx_it.o(i.HardFault_Handler)
    MX_CAN_Init                              0x08001c49   Thumb Code    58  can.o(i.MX_CAN_Init)
    MX_GPIO_Init                             0x08001c8d   Thumb Code   104  gpio.o(i.MX_GPIO_Init)
    MX_TIM2_Init                             0x08001cfd   Thumb Code   198  tim.o(i.MX_TIM2_Init)
    MX_USART1_UART_Init                      0x08001dc9   Thumb Code    48  usart.o(i.MX_USART1_UART_Init)
    MemManage_Handler                        0x08001e01   Thumb Code     2  stm32f1xx_it.o(i.MemManage_Handler)
    NMI_Handler                              0x08001e03   Thumb Code     2  stm32f1xx_it.o(i.NMI_Handler)
    PendSV_Handler                           0x08001e05   Thumb Code     2  stm32f1xx_it.o(i.PendSV_Handler)
    SVC_Handler                              0x08001e07   Thumb Code     2  stm32f1xx_it.o(i.SVC_Handler)
    SysTick_Handler                          0x08001e09   Thumb Code     4  stm32f1xx_it.o(i.SysTick_Handler)
    SystemClock_Config                       0x08001e0d   Thumb Code    94  main.o(i.SystemClock_Config)
    SystemInit                               0x08001e6b   Thumb Code     2  system_stm32f1xx.o(i.SystemInit)
    TIM_Base_SetConfig                       0x08001e6d   Thumb Code   108  stm32f1xx_hal_tim.o(i.TIM_Base_SetConfig)
    TIM_CCxChannelCmd                        0x08001ee5   Thumb Code    26  stm32f1xx_hal_tim.o(i.TIM_CCxChannelCmd)
    TIM_ETR_SetConfig                        0x08001eff   Thumb Code    20  stm32f1xx_hal_tim.o(i.TIM_ETR_SetConfig)
    TIM_OC2_SetConfig                        0x08001f75   Thumb Code    84  stm32f1xx_hal_tim.o(i.TIM_OC2_SetConfig)
    USB_LP_CAN1_RX0_IRQHandler               0x08002229   Thumb Code     6  stm32f1xx_it.o(i.USB_LP_CAN1_RX0_IRQHandler)
    UsageFault_Handler                       0x08002235   Thumb Code     2  stm32f1xx_it.o(i.UsageFault_Handler)
    __0printf                                0x08002239   Thumb Code    22  printfa.o(i.__0printf)
    __1printf                                0x08002239   Thumb Code     0  printfa.o(i.__0printf)
    __2printf                                0x08002239   Thumb Code     0  printfa.o(i.__0printf)
    __c89printf                              0x08002239   Thumb Code     0  printfa.o(i.__0printf)
    printf                                   0x08002239   Thumb Code     0  printfa.o(i.__0printf)
    __scatterload_copy                       0x08002279   Thumb Code    14  handlers.o(i.__scatterload_copy)
    __scatterload_null                       0x08002287   Thumb Code     2  handlers.o(i.__scatterload_null)
    __scatterload_zeroinit                   0x08002289   Thumb Code    14  handlers.o(i.__scatterload_zeroinit)
    canardCleanupStaleTransfers              0x08002c31   Thumb Code   104  canard.o(i.canardCleanupStaleTransfers)
    canardConvertFloat16ToNativeFloat        0x08002c9d   Thumb Code    48  canard.o(i.canardConvertFloat16ToNativeFloat)
    canardDecodeScalar                       0x08002cd1   Thumb Code   330  canard.o(i.canardDecodeScalar)
    canardHandleRxFrame                      0x08002e1d   Thumb Code  1004  canard.o(i.canardHandleRxFrame)
    canardInit                               0x08003215   Thumb Code    92  canard.o(i.canardInit)
    canardPeekTxQueue                        0x08003271   Thumb Code    10  canard.o(i.canardPeekTxQueue)
    canardPopTxQueue                         0x0800327b   Thumb Code    14  canard.o(i.canardPopTxQueue)
    canardReleaseRxTransferPayload           0x08003289   Thumb Code    36  canard.o(i.canardReleaseRxTransferPayload)
    canardSetLocalNodeID                     0x080032ad   Thumb Code    18  canard.o(i.canardSetLocalNodeID)
    extractDataType                          0x080034d1   Thumb Code    32  canard.o(i.extractDataType)
    extractTransferType                      0x080034f1   Thumb Code    22  canard.o(i.extractTransferType)
    fputc                                    0x08003519   Thumb Code    20  main.o(i.fputc)
    main                                     0x08003549   Thumb Code   206  main.o(i.main)
    onTransferReception                      0x08003631   Thumb Code    50  main.o(i.onTransferReception)
    processActuatorCommands                  0x08003685   Thumb Code   152  main.o(i.processActuatorCommands)
    processCanTxQueue                        0x08003781   Thumb Code    64  main.o(i.processCanTxQueue)
    shouldAcceptTransfer                     0x080037f9   Thumb Code    24  main.o(i.shouldAcceptTransfer)
    uavcan_equipment_actuator_ArrayCommand_decode 0x08003833   Thumb Code    22  actuator_arraycommand.o(i.uavcan_equipment_actuator_ArrayCommand_decode)
    uavcan_equipment_actuator_ArrayCommand_decode_internal 0x08003849   Thumb Code   102  actuator_arraycommand.o(i.uavcan_equipment_actuator_ArrayCommand_decode_internal)
    uavcan_equipment_actuator_Command_decode_internal 0x080038af   Thumb Code   102  actuator_command.o(i.uavcan_equipment_actuator_Command_decode_internal)
    AHBPrescTable                            0x08003952   Data          16  system_stm32f1xx.o(.constdata)
    APBPrescTable                            0x08003962   Data           8  system_stm32f1xx.o(.constdata)
    Region$$Table$$Base                      0x0800396c   Number         0  anon$$obj.o(Region$$Table)
    Region$$Table$$Limit                     0x0800398c   Number         0  anon$$obj.o(Region$$Table)
    uwTickFreq                               0x2000000c   Data           1  stm32f1xx_hal.o(.data)
    uwTickPrio                               0x20000010   Data           4  stm32f1xx_hal.o(.data)
    uwTick                                   0x20000014   Data           4  stm32f1xx_hal.o(.data)
    SystemCoreClock                          0x20000018   Data           4  system_stm32f1xx.o(.data)
    __stdout                                 0x2000001c   Data           4  stdout.o(.data)
    canard_ins                               0x20000020   Data          44  main.o(.bss)
    canard_memory_pool                       0x2000004c   Data        4096  main.o(.bss)
    hcan                                     0x2000104c   Data          40  can.o(.bss)
    htim2                                    0x20001074   Data          72  tim.o(.bss)
    huart1                                   0x200010bc   Data          72  usart.o(.bss)
    __initial_sp                             0x20003108   Data           0  startup_stm32f103xb.o(STACK)



==============================================================================

Memory Map of the image

  Image Entry point : 0x080000ed

  Load Region LR_IROM1 (Base: 0x08000000, Size: 0x000039ac, Max: 0x00010000, ABSOLUTE)

    Execution Region ER_IROM1 (Exec base: 0x08000000, Load base: 0x08000000, Size: 0x0000398c, Max: 0x00010000, ABSOLUTE)

    Exec Addr    Load Addr    Size         Type   Attr      Idx    E Section Name        Object

    0x08000000   0x08000000   0x000000ec   Data   RO            3    RESET               startup_stm32f103xb.o
    0x080000ec   0x080000ec   0x00000000   Code   RO         3468  * .ARM.Collect$$$$00000000  mc_w.l(entry.o)
    0x080000ec   0x080000ec   0x00000004   Code   RO         3750    .ARM.Collect$$$$00000001  mc_w.l(entry2.o)
    0x080000f0   0x080000f0   0x00000004   Code   RO         3753    .ARM.Collect$$$$00000004  mc_w.l(entry5.o)
    0x080000f4   0x080000f4   0x00000000   Code   RO         3755    .ARM.Collect$$$$00000008  mc_w.l(entry7b.o)
    0x080000f4   0x080000f4   0x00000000   Code   RO         3757    .ARM.Collect$$$$0000000A  mc_w.l(entry8b.o)
    0x080000f4   0x080000f4   0x00000008   Code   RO         3758    .ARM.Collect$$$$0000000B  mc_w.l(entry9a.o)
    0x080000fc   0x080000fc   0x00000004   Code   RO         3765    .ARM.Collect$$$$0000000E  mc_w.l(entry12b.o)
    0x08000100   0x08000100   0x00000000   Code   RO         3760    .ARM.Collect$$$$0000000F  mc_w.l(entry10a.o)
    0x08000100   0x08000100   0x00000000   Code   RO         3762    .ARM.Collect$$$$00000011  mc_w.l(entry11a.o)
    0x08000100   0x08000100   0x00000004   Code   RO         3751    .ARM.Collect$$$$00002712  mc_w.l(entry2.o)
    0x08000104   0x08000104   0x00000024   Code   RO            4    .text               startup_stm32f103xb.o
    0x08000128   0x08000128   0x0000001e   Code   RO         3471    .text               mc_w.l(llshl.o)
    0x08000146   0x08000146   0x00000020   Code   RO         3473    .text               mc_w.l(llushr.o)
    0x08000166   0x08000166   0x00000024   Code   RO         3475    .text               mc_w.l(memcpya.o)
    0x0800018a   0x0800018a   0x00000024   Code   RO         3477    .text               mc_w.l(memseta.o)
    0x080001ae   0x080001ae   0x00000064   Code   RO         3742    .text               mf_w.l(fmul.o)
    0x08000212   0x08000212   0x00000028   Code   RO         3744    .text               mf_w.l(ffixui.o)
    0x0800023a   0x0800023a   0x00000026   Code   RO         3746    .text               mf_w.l(f2d.o)
    0x08000260   0x08000260   0x00000014   Code   RO         3748    .text               mf_w.l(cfrcmple.o)
    0x08000274   0x08000274   0x0000002c   Code   RO         3767    .text               mc_w.l(uidiv.o)
    0x080002a0   0x080002a0   0x00000062   Code   RO         3769    .text               mc_w.l(uldiv.o)
    0x08000302   0x08000302   0x00000000   Code   RO         3771    .text               mc_w.l(iusefp.o)
    0x08000302   0x08000302   0x0000014e   Code   RO         3772    .text               mf_w.l(dadd.o)
    0x08000450   0x08000450   0x000000e4   Code   RO         3774    .text               mf_w.l(dmul.o)
    0x08000534   0x08000534   0x000000de   Code   RO         3776    .text               mf_w.l(ddiv.o)
    0x08000612   0x08000612   0x00000030   Code   RO         3778    .text               mf_w.l(dfixul.o)
    0x08000642   0x08000642   0x00000002   PAD
    0x08000644   0x08000644   0x00000030   Code   RO         3780    .text               mf_w.l(cdrcmple.o)
    0x08000674   0x08000674   0x00000024   Code   RO         3782    .text               mc_w.l(init.o)
    0x08000698   0x08000698   0x00000024   Code   RO         3784    .text               mc_w.l(llsshr.o)
    0x080006bc   0x080006bc   0x000000ba   Code   RO         3786    .text               mf_w.l(depilogue.o)
    0x08000776   0x08000776   0x00000002   Code   RO          744    i.BusFault_Handler  stm32f1xx_it.o
    0x08000778   0x08000778   0x00000002   Code   RO          745    i.DebugMon_Handler  stm32f1xx_it.o
    0x0800077a   0x0800077a   0x00000004   Code   RO          390    i.Error_Handler     main.o
    0x0800077e   0x0800077e   0x00000024   Code   RO          887    i.HAL_CAN_ActivateNotification  stm32f1xx_hal_can.o
    0x080007a2   0x080007a2   0x000000d0   Code   RO          888    i.HAL_CAN_AddTxMessage  stm32f1xx_hal_can.o
    0x08000872   0x08000872   0x00000002   PAD
    0x08000874   0x08000874   0x000000ee   Code   RO          889    i.HAL_CAN_ConfigFilter  stm32f1xx_hal_can.o
    0x08000962   0x08000962   0x00000002   Code   RO          892    i.HAL_CAN_ErrorCallback  stm32f1xx_hal_can.o
    0x08000964   0x08000964   0x000000f4   Code   RO          895    i.HAL_CAN_GetRxMessage  stm32f1xx_hal_can.o
    0x08000a58   0x08000a58   0x000001fc   Code   RO          899    i.HAL_CAN_IRQHandler  stm32f1xx_hal_can.o
    0x08000c54   0x08000c54   0x0000011a   Code   RO          900    i.HAL_CAN_Init      stm32f1xx_hal_can.o
    0x08000d6e   0x08000d6e   0x00000002   PAD
    0x08000d70   0x08000d70   0x0000007c   Code   RO          613    i.HAL_CAN_MspInit   can.o
    0x08000dec   0x08000dec   0x00000002   Code   RO          907    i.HAL_CAN_RxFifo0FullCallback  stm32f1xx_hal_can.o
    0x08000dee   0x08000dee   0x00000002   PAD
    0x08000df0   0x08000df0   0x00000044   Code   RO          391    i.HAL_CAN_RxFifo0MsgPendingCallback  main.o
    0x08000e34   0x08000e34   0x00000002   Code   RO          909    i.HAL_CAN_RxFifo1FullCallback  stm32f1xx_hal_can.o
    0x08000e36   0x08000e36   0x00000002   Code   RO          910    i.HAL_CAN_RxFifo1MsgPendingCallback  stm32f1xx_hal_can.o
    0x08000e38   0x08000e38   0x00000002   Code   RO          911    i.HAL_CAN_SleepCallback  stm32f1xx_hal_can.o
    0x08000e3a   0x08000e3a   0x00000002   PAD
    0x08000e3c   0x08000e3c   0x00000058   Code   RO          912    i.HAL_CAN_Start     stm32f1xx_hal_can.o
    0x08000e94   0x08000e94   0x00000002   Code   RO          914    i.HAL_CAN_TxMailbox0AbortCallback  stm32f1xx_hal_can.o
    0x08000e96   0x08000e96   0x00000002   Code   RO          915    i.HAL_CAN_TxMailbox0CompleteCallback  stm32f1xx_hal_can.o
    0x08000e98   0x08000e98   0x00000002   Code   RO          916    i.HAL_CAN_TxMailbox1AbortCallback  stm32f1xx_hal_can.o
    0x08000e9a   0x08000e9a   0x00000002   Code   RO          917    i.HAL_CAN_TxMailbox1CompleteCallback  stm32f1xx_hal_can.o
    0x08000e9c   0x08000e9c   0x00000002   Code   RO          918    i.HAL_CAN_TxMailbox2AbortCallback  stm32f1xx_hal_can.o
    0x08000e9e   0x08000e9e   0x00000002   Code   RO          919    i.HAL_CAN_TxMailbox2CompleteCallback  stm32f1xx_hal_can.o
    0x08000ea0   0x08000ea0   0x00000002   Code   RO          921    i.HAL_CAN_WakeUpFromRxMsgCallback  stm32f1xx_hal_can.o
    0x08000ea2   0x08000ea2   0x00000002   PAD
    0x08000ea4   0x08000ea4   0x00000024   Code   RO         1127    i.HAL_Delay         stm32f1xx_hal.o
    0x08000ec8   0x08000ec8   0x000001e0   Code   RO         1437    i.HAL_GPIO_Init     stm32f1xx_hal_gpio.o
    0x080010a8   0x080010a8   0x00000010   Code   RO         1440    i.HAL_GPIO_TogglePin  stm32f1xx_hal_gpio.o
    0x080010b8   0x080010b8   0x0000000a   Code   RO         1441    i.HAL_GPIO_WritePin  stm32f1xx_hal_gpio.o
    0x080010c2   0x080010c2   0x00000002   PAD
    0x080010c4   0x080010c4   0x0000000c   Code   RO         1131    i.HAL_GetTick       stm32f1xx_hal.o
    0x080010d0   0x080010d0   0x00000010   Code   RO         1137    i.HAL_IncTick       stm32f1xx_hal.o
    0x080010e0   0x080010e0   0x00000024   Code   RO         1138    i.HAL_Init          stm32f1xx_hal.o
    0x08001104   0x08001104   0x00000040   Code   RO         1139    i.HAL_InitTick      stm32f1xx_hal.o
    0x08001144   0x08001144   0x0000003c   Code   RO          826    i.HAL_MspInit       stm32f1xx_hal_msp.o
    0x08001180   0x08001180   0x0000001a   Code   RO         1597    i.HAL_NVIC_EnableIRQ  stm32f1xx_hal_cortex.o
    0x0800119a   0x0800119a   0x00000002   PAD
    0x0800119c   0x0800119c   0x00000040   Code   RO         1603    i.HAL_NVIC_SetPriority  stm32f1xx_hal_cortex.o
    0x080011dc   0x080011dc   0x00000024   Code   RO         1604    i.HAL_NVIC_SetPriorityGrouping  stm32f1xx_hal_cortex.o
    0x08001200   0x08001200   0x0000012c   Code   RO         1295    i.HAL_RCC_ClockConfig  stm32f1xx_hal_rcc.o
    0x0800132c   0x0800132c   0x00000020   Code   RO         1302    i.HAL_RCC_GetPCLK1Freq  stm32f1xx_hal_rcc.o
    0x0800134c   0x0800134c   0x00000020   Code   RO         1303    i.HAL_RCC_GetPCLK2Freq  stm32f1xx_hal_rcc.o
    0x0800136c   0x0800136c   0x0000004c   Code   RO         1304    i.HAL_RCC_GetSysClockFreq  stm32f1xx_hal_rcc.o
    0x080013b8   0x080013b8   0x00000320   Code   RO         1307    i.HAL_RCC_OscConfig  stm32f1xx_hal_rcc.o
    0x080016d8   0x080016d8   0x00000028   Code   RO         1608    i.HAL_SYSTICK_Config  stm32f1xx_hal_cortex.o
    0x08001700   0x08001700   0x00000068   Code   RO         2822    i.HAL_TIMEx_MasterConfigSynchronization  stm32f1xx_hal_tim_ex.o
    0x08001768   0x08001768   0x0000005a   Code   RO         2099    i.HAL_TIM_Base_Init  stm32f1xx_hal_tim.o
    0x080017c2   0x080017c2   0x00000002   PAD
    0x080017c4   0x080017c4   0x00000024   Code   RO          655    i.HAL_TIM_Base_MspInit  tim.o
    0x080017e8   0x080017e8   0x000000dc   Code   RO         2108    i.HAL_TIM_ConfigClockSource  stm32f1xx_hal_tim.o
    0x080018c4   0x080018c4   0x00000048   Code   RO          656    i.HAL_TIM_MspPostInit  tim.o
    0x0800190c   0x0800190c   0x000000cc   Code   RO         2171    i.HAL_TIM_PWM_ConfigChannel  stm32f1xx_hal_tim.o
    0x080019d8   0x080019d8   0x0000005a   Code   RO         2174    i.HAL_TIM_PWM_Init  stm32f1xx_hal_tim.o
    0x08001a32   0x08001a32   0x00000002   Code   RO         2176    i.HAL_TIM_PWM_MspInit  stm32f1xx_hal_tim.o
    0x08001a34   0x08001a34   0x0000009c   Code   RO         2179    i.HAL_TIM_PWM_Start  stm32f1xx_hal_tim.o
    0x08001ad0   0x08001ad0   0x00000064   Code   RO         3100    i.HAL_UART_Init     stm32f1xx_hal_uart.o
    0x08001b34   0x08001b34   0x00000070   Code   RO          703    i.HAL_UART_MspInit  usart.o
    0x08001ba4   0x08001ba4   0x000000a0   Code   RO         3108    i.HAL_UART_Transmit  stm32f1xx_hal_uart.o
    0x08001c44   0x08001c44   0x00000002   Code   RO          746    i.HardFault_Handler  stm32f1xx_it.o
    0x08001c46   0x08001c46   0x00000002   PAD
    0x08001c48   0x08001c48   0x00000044   Code   RO          614    i.MX_CAN_Init       can.o
    0x08001c8c   0x08001c8c   0x00000070   Code   RO          585    i.MX_GPIO_Init      gpio.o
    0x08001cfc   0x08001cfc   0x000000cc   Code   RO          657    i.MX_TIM2_Init      tim.o
    0x08001dc8   0x08001dc8   0x00000038   Code   RO          704    i.MX_USART1_UART_Init  usart.o
    0x08001e00   0x08001e00   0x00000002   Code   RO          747    i.MemManage_Handler  stm32f1xx_it.o
    0x08001e02   0x08001e02   0x00000002   Code   RO          748    i.NMI_Handler       stm32f1xx_it.o
    0x08001e04   0x08001e04   0x00000002   Code   RO          749    i.PendSV_Handler    stm32f1xx_it.o
    0x08001e06   0x08001e06   0x00000002   Code   RO          750    i.SVC_Handler       stm32f1xx_it.o
    0x08001e08   0x08001e08   0x00000004   Code   RO          751    i.SysTick_Handler   stm32f1xx_it.o
    0x08001e0c   0x08001e0c   0x0000005e   Code   RO          392    i.SystemClock_Config  main.o
    0x08001e6a   0x08001e6a   0x00000002   Code   RO         3434    i.SystemInit        system_stm32f1xx.o
    0x08001e6c   0x08001e6c   0x00000078   Code   RO         2192    i.TIM_Base_SetConfig  stm32f1xx_hal_tim.o
    0x08001ee4   0x08001ee4   0x0000001a   Code   RO         2193    i.TIM_CCxChannelCmd  stm32f1xx_hal_tim.o
    0x08001efe   0x08001efe   0x00000014   Code   RO         2203    i.TIM_ETR_SetConfig  stm32f1xx_hal_tim.o
    0x08001f12   0x08001f12   0x00000010   Code   RO         2204    i.TIM_ITRx_SetConfig  stm32f1xx_hal_tim.o
    0x08001f22   0x08001f22   0x00000002   PAD
    0x08001f24   0x08001f24   0x00000050   Code   RO         2205    i.TIM_OC1_SetConfig  stm32f1xx_hal_tim.o
    0x08001f74   0x08001f74   0x00000058   Code   RO         2206    i.TIM_OC2_SetConfig  stm32f1xx_hal_tim.o
    0x08001fcc   0x08001fcc   0x00000058   Code   RO         2207    i.TIM_OC3_SetConfig  stm32f1xx_hal_tim.o
    0x08002024   0x08002024   0x00000044   Code   RO         2208    i.TIM_OC4_SetConfig  stm32f1xx_hal_tim.o
    0x08002068   0x08002068   0x00000022   Code   RO         2210    i.TIM_TI1_ConfigInputStage  stm32f1xx_hal_tim.o
    0x0800208a   0x0800208a   0x00000024   Code   RO         2212    i.TIM_TI2_ConfigInputStage  stm32f1xx_hal_tim.o
    0x080020ae   0x080020ae   0x0000004e   Code   RO         3123    i.UART_EndRxTransfer  stm32f1xx_hal_uart.o
    0x080020fc   0x080020fc   0x000000b8   Code   RO         3126    i.UART_SetConfig    stm32f1xx_hal_uart.o
    0x080021b4   0x080021b4   0x00000072   Code   RO         3129    i.UART_WaitOnFlagUntilTimeout  stm32f1xx_hal_uart.o
    0x08002226   0x08002226   0x00000002   PAD
    0x08002228   0x08002228   0x0000000c   Code   RO          752    i.USB_LP_CAN1_RX0_IRQHandler  stm32f1xx_it.o
    0x08002234   0x08002234   0x00000002   Code   RO          753    i.UsageFault_Handler  stm32f1xx_it.o
    0x08002236   0x08002236   0x00000002   PAD
    0x08002238   0x08002238   0x00000020   Code   RO         3714    i.__0printf         mc_w.l(printfa.o)
    0x08002258   0x08002258   0x00000020   Code   RO         1610    i.__NVIC_SetPriority  stm32f1xx_hal_cortex.o
    0x08002278   0x08002278   0x0000000e   Code   RO         3790    i.__scatterload_copy  mc_w.l(handlers.o)
    0x08002286   0x08002286   0x00000002   Code   RO         3791    i.__scatterload_null  mc_w.l(handlers.o)
    0x08002288   0x08002288   0x0000000e   Code   RO         3792    i.__scatterload_zeroinit  mc_w.l(handlers.o)
    0x08002296   0x08002296   0x00000002   PAD
    0x08002298   0x08002298   0x00000184   Code   RO         3721    i._fp_digits        mc_w.l(printfa.o)
    0x0800241c   0x0800241c   0x000006b4   Code   RO         3722    i._printf_core      mc_w.l(printfa.o)
    0x08002ad0   0x08002ad0   0x00000024   Code   RO         3723    i._printf_post_padding  mc_w.l(printfa.o)
    0x08002af4   0x08002af4   0x0000002e   Code   RO         3724    i._printf_pre_padding  mc_w.l(printfa.o)
    0x08002b22   0x08002b22   0x00000020   Code   RO           10    i.allocateBlock     canard.o
    0x08002b42   0x08002b42   0x00000002   PAD
    0x08002b44   0x08002b44   0x000000ec   Code   RO           11    i.bufferBlockPushBytes  canard.o
    0x08002c30   0x08002c30   0x0000006c   Code   RO           15    i.canardCleanupStaleTransfers  canard.o
    0x08002c9c   0x08002c9c   0x00000034   Code   RO           16    i.canardConvertFloat16ToNativeFloat  canard.o
    0x08002cd0   0x08002cd0   0x0000014a   Code   RO           18    i.canardDecodeScalar  canard.o
    0x08002e1a   0x08002e1a   0x00000002   PAD
    0x08002e1c   0x08002e1c   0x000003f8   Code   RO           24    i.canardHandleRxFrame  canard.o
    0x08003214   0x08003214   0x0000005c   Code   RO           25    i.canardInit        canard.o
    0x08003270   0x08003270   0x0000000a   Code   RO           27    i.canardPeekTxQueue  canard.o
    0x0800327a   0x0800327a   0x0000000e   Code   RO           28    i.canardPopTxQueue  canard.o
    0x08003288   0x08003288   0x00000024   Code   RO           29    i.canardReleaseRxTransferPayload  canard.o
    0x080032ac   0x080032ac   0x00000012   Code   RO           32    i.canardSetLocalNodeID  canard.o
    0x080032be   0x080032be   0x00000008   Code   RO           33    i.computeTransferIDForwardDistance  canard.o
    0x080032c6   0x080032c6   0x00000070   Code   RO           34    i.copyBitArray      canard.o
    0x08003336   0x08003336   0x00000016   Code   RO           35    i.crcAdd            canard.o
    0x0800334c   0x0800334c   0x00000024   Code   RO           36    i.crcAddByte        canard.o
    0x08003370   0x08003370   0x0000002c   Code   RO           37    i.crcAddSignature   canard.o
    0x0800339c   0x0800339c   0x00000010   Code   RO           38    i.createBufferBlock  canard.o
    0x080033ac   0x080033ac   0x0000002e   Code   RO           39    i.createRxState     canard.o
    0x080033da   0x080033da   0x000000f6   Code   RO           42    i.descatterTransferPayload  canard.o
    0x080034d0   0x080034d0   0x00000020   Code   RO           45    i.extractDataType   canard.o
    0x080034f0   0x080034f0   0x00000016   Code   RO           46    i.extractTransferType  canard.o
    0x08003506   0x08003506   0x00000012   Code   RO           47    i.findRxState       canard.o
    0x08003518   0x08003518   0x00000018   Code   RO          393    i.fputc             main.o
    0x08003530   0x08003530   0x0000000e   Code   RO           48    i.freeBlock         canard.o
    0x0800353e   0x0800353e   0x0000000a   Code   RO           50    i.isBigEndian       canard.o
    0x08003548   0x08003548   0x000000e8   Code   RO          394    i.main              main.o
    0x08003630   0x08003630   0x00000038   Code   RO          395    i.onTransferReception  main.o
    0x08003668   0x08003668   0x0000001c   Code   RO           51    i.prepareForNextTransfer  canard.o
    0x08003684   0x08003684   0x000000fc   Code   RO          396    i.processActuatorCommands  main.o
    0x08003780   0x08003780   0x0000004c   Code   RO          397    i.processCanTxQueue  main.o
    0x080037cc   0x080037cc   0x0000002c   Code   RO           53    i.releaseStatePayload  canard.o
    0x080037f8   0x080037f8   0x00000020   Code   RO          400    i.shouldAcceptTransfer  main.o
    0x08003818   0x08003818   0x0000001a   Code   RO           54    i.swapByteOrder     canard.o
    0x08003832   0x08003832   0x00000016   Code   RO          285    i.uavcan_equipment_actuator_ArrayCommand_decode  actuator_arraycommand.o
    0x08003848   0x08003848   0x00000066   Code   RO          286    i.uavcan_equipment_actuator_ArrayCommand_decode_internal  actuator_arraycommand.o
    0x080038ae   0x080038ae   0x00000066   Code   RO          325    i.uavcan_equipment_actuator_Command_decode_internal  actuator_command.o
    0x08003914   0x08003914   0x00000014   Data   RO           55    .constdata          canard.o
    0x08003928   0x08003928   0x00000018   Data   RO          402    .constdata          main.o
    0x08003940   0x08003940   0x00000012   Data   RO         1308    .constdata          stm32f1xx_hal_rcc.o
    0x08003952   0x08003952   0x00000010   Data   RO         3435    .constdata          system_stm32f1xx.o
    0x08003962   0x08003962   0x00000008   Data   RO         3436    .constdata          system_stm32f1xx.o
    0x0800396a   0x0800396a   0x00000002   PAD
    0x0800396c   0x0800396c   0x00000020   Data   RO         3788    Region$$Table       anon$$obj.o


    Execution Region RW_IRAM1 (Exec base: 0x20000000, Load base: 0x0800398c, Size: 0x00003108, Max: 0x00005000, ABSOLUTE)

    Exec Addr    Load Addr    Size         Type   Attr      Idx    E Section Name        Object

    0x20000000   0x0800398c   0x0000000c   Data   RW          403    .data               main.o
    0x2000000c   0x08003998   0x0000000c   Data   RW         1145    .data               stm32f1xx_hal.o
    0x20000018   0x080039a4   0x00000004   Data   RW         3437    .data               system_stm32f1xx.o
    0x2000001c   0x080039a8   0x00000004   Data   RW         3766    .data               mc_w.l(stdout.o)
    0x20000020        -       0x0000102c   Zero   RW          401    .bss                main.o
    0x2000104c        -       0x00000028   Zero   RW          615    .bss                can.o
    0x20001074        -       0x00000048   Zero   RW          658    .bss                tim.o
    0x200010bc        -       0x00000048   Zero   RW          705    .bss                usart.o
    0x20001104   0x080039ac   0x00000004   PAD
    0x20001108        -       0x00002000   Zero   RW            1    STACK               startup_stm32f103xb.o


==============================================================================

Image component sizes


      Code (inc. data)   RO Data    RW Data    ZI Data      Debug   Object Name

       124          0          0          0          0       8549   actuator_arraycommand.o
       102          0          0          0          0       1540   actuator_command.o
       192         22          0          0         40       1531   can.o
      2668         28         20          0          0      33975   canard.o
       112          8          0          0          0      11287   gpio.o
       838        160         24         12       4140     440411   main.o
        36          8        236          0       8192        772   startup_stm32f103xb.o
       164         28          0         12          0       5665   stm32f1xx_hal.o
      1628          0          0          0          0      13095   stm32f1xx_hal_can.o
       198         14          0          0          0      28775   stm32f1xx_hal_cortex.o
       506         34          0          0          0       3377   stm32f1xx_hal_gpio.o
        60          8          0          0          0        814   stm32f1xx_hal_msp.o
      1240         84         18          0          0       4932   stm32f1xx_hal_rcc.o
      1338         44          0          0          0      11836   stm32f1xx_hal_tim.o
       104         12          0          0          0       1296   stm32f1xx_hal_tim_ex.o
       636          6          0          0          0       4456   stm32f1xx_hal_uart.o
        32          6          0          0          0       4023   stm32f1xx_it.o
         2          0         24          4          0       1023   system_stm32f1xx.o
       312         22          0          0         72       2180   tim.o
       168         20          0          0         72       1562   usart.o

    ----------------------------------------------------------------------
     10488        504        356         28      12520     581099   Object Totals
         0          0         32          0          0          0   (incl. Generated)
        28          0          2          0          4          0   (incl. Padding)

    ----------------------------------------------------------------------

      Code (inc. data)   RO Data    RW Data    ZI Data      Debug   Library Member Name

         0          0          0          0          0          0   entry.o
         0          0          0          0          0          0   entry10a.o
         0          0          0          0          0          0   entry11a.o
         4          0          0          0          0          0   entry12b.o
         8          4          0          0          0          0   entry2.o
         4          0          0          0          0          0   entry5.o
         0          0          0          0          0          0   entry7b.o
         0          0          0          0          0          0   entry8b.o
         8          4          0          0          0          0   entry9a.o
        30          0          0          0          0          0   handlers.o
        36          8          0          0          0         68   init.o
         0          0          0          0          0          0   iusefp.o
        30          0          0          0          0         68   llshl.o
        36          0          0          0          0         68   llsshr.o
        32          0          0          0          0         68   llushr.o
        36          0          0          0          0         68   memcpya.o
        36          0          0          0          0        108   memseta.o
      2218         90          0          0          0        464   printfa.o
         0          0          0          4          0          0   stdout.o
        44          0          0          0          0         80   uidiv.o
        98          0          0          0          0         92   uldiv.o
        48          0          0          0          0         68   cdrcmple.o
        20          0          0          0          0         68   cfrcmple.o
       334          0          0          0          0        148   dadd.o
       222          0          0          0          0        100   ddiv.o
       186          0          0          0          0        176   depilogue.o
        48          0          0          0          0         68   dfixul.o
       228          0          0          0          0         96   dmul.o
        38          0          0          0          0         68   f2d.o
        40          0          0          0          0         68   ffixui.o
       100          0          0          0          0         76   fmul.o

    ----------------------------------------------------------------------
      3888        106          0          4          0       2020   Library Totals
         4          0          0          0          0          0   (incl. Padding)

    ----------------------------------------------------------------------

      Code (inc. data)   RO Data    RW Data    ZI Data      Debug   Library Name

      2620        106          0          4          0       1084   mc_w.l
      1264          0          0          0          0        936   mf_w.l

    ----------------------------------------------------------------------
      3888        106          0          4          0       2020   Library Totals

    ----------------------------------------------------------------------

==============================================================================


      Code (inc. data)   RO Data    RW Data    ZI Data      Debug   

     14376        610        356         32      12520     576355   Grand Totals
     14376        610        356         32      12520     576355   ELF Image Totals
     14376        610        356         32          0          0   ROM Totals

==============================================================================

    Total RO  Size (Code + RO Data)                14732 (  14.39kB)
    Total RW  Size (RW Data + ZI Data)             12552 (  12.26kB)
    Total ROM Size (Code + RO Data + RW Data)      14764 (  14.42kB)

==============================================================================

