Component: ARM Compiler 5.06 update 7 (build 960) Tool: armlink [4d3601]

==============================================================================

Section Cross References

    startup_stm32f103xb.o(RESET) refers to startup_stm32f103xb.o(STACK) for __initial_sp
    startup_stm32f103xb.o(RESET) refers to startup_stm32f103xb.o(.text) for Reset_Handler
    startup_stm32f103xb.o(RESET) refers to stm32f1xx_it.o(i.NMI_Handler) for NMI_Handler
    startup_stm32f103xb.o(RESET) refers to stm32f1xx_it.o(i.HardFault_Handler) for HardFault_Handler
    startup_stm32f103xb.o(RESET) refers to stm32f1xx_it.o(i.MemManage_Handler) for MemManage_Handler
    startup_stm32f103xb.o(RESET) refers to stm32f1xx_it.o(i.BusFault_Handler) for BusFault_Handler
    startup_stm32f103xb.o(RESET) refers to stm32f1xx_it.o(i.UsageFault_Handler) for UsageFault_Handler
    startup_stm32f103xb.o(RESET) refers to stm32f1xx_it.o(i.SVC_Handler) for SVC_Handler
    startup_stm32f103xb.o(RESET) refers to stm32f1xx_it.o(i.DebugMon_Handler) for DebugMon_Handler
    startup_stm32f103xb.o(RESET) refers to stm32f1xx_it.o(i.PendSV_Handler) for PendSV_Handler
    startup_stm32f103xb.o(RESET) refers to stm32f1xx_it.o(i.SysTick_Handler) for SysTick_Handler
    startup_stm32f103xb.o(RESET) refers to stm32f1xx_it.o(i.USB_LP_CAN1_RX0_IRQHandler) for USB_LP_CAN1_RX0_IRQHandler
    startup_stm32f103xb.o(.text) refers to system_stm32f1xx.o(i.SystemInit) for SystemInit
    startup_stm32f103xb.o(.text) refers to entry.o(.ARM.Collect$$$$00000000) for __main
    canard.o(i.bufferBlockPushBytes) refers to canard.o(i.canardBufferFromIdx) for canardBufferFromIdx
    canard.o(i.bufferBlockPushBytes) refers to canard.o(i.createBufferBlock) for createBufferBlock
    canard.o(i.bufferBlockPushBytes) refers to canard.o(i.canardBufferToIdx) for canardBufferToIdx
    canard.o(i.calculateCRC) refers to canard.o(i.crcAddSignature) for crcAddSignature
    canard.o(i.calculateCRC) refers to canard.o(i.crcAdd) for crcAdd
    canard.o(i.canardBroadcast) refers to memseta.o(.text) for __aeabi_memclr4
    canard.o(i.canardBroadcast) refers to canard.o(i.canardBroadcastObj) for canardBroadcastObj
    canard.o(i.canardBroadcastObj) refers to canard.o(i.canardGetLocalNodeID) for canardGetLocalNodeID
    canard.o(i.canardBroadcastObj) refers to canard.o(i.calculateCRC) for calculateCRC
    canard.o(i.canardBroadcastObj) refers to canard.o(i.enqueueTxFrames) for enqueueTxFrames
    canard.o(i.canardBroadcastObj) refers to canard.o(i.incrementTransferID) for incrementTransferID
    canard.o(i.canardBroadcastObj) refers to canard.o(i.crcAdd) for crcAdd
    canard.o(i.canardCleanupStaleTransfers) refers to canard.o(i.releaseStatePayload) for releaseStatePayload
    canard.o(i.canardCleanupStaleTransfers) refers to canard.o(i.canardRxFromIdx) for canardRxFromIdx
    canard.o(i.canardCleanupStaleTransfers) refers to canard.o(i.freeBlock) for freeBlock
    canard.o(i.canardConvertFloat16ToNativeFloat) refers to fmul.o(.text) for __aeabi_fmul
    canard.o(i.canardConvertFloat16ToNativeFloat) refers to cfrcmple.o(.text) for __aeabi_cfrcmple
    canard.o(i.canardConvertFloat16ToNativeFloat) refers to canard.o(.constdata) for .constdata
    canard.o(i.canardConvertNativeFloatToFloat16) refers to fmul.o(.text) for __aeabi_fmul
    canard.o(i.canardConvertNativeFloatToFloat16) refers to canard.o(.constdata) for .constdata
    canard.o(i.canardDecodeScalar) refers to canard.o(i.descatterTransferPayload) for descatterTransferPayload
    canard.o(i.canardDecodeScalar) refers to canard.o(i.isBigEndian) for isBigEndian
    canard.o(i.canardDecodeScalar) refers to canard.o(i.swapByteOrder) for swapByteOrder
    canard.o(i.canardDecodeScalar) refers to llshl.o(.text) for __aeabi_llsl
    canard.o(i.canardEncodeScalar) refers to canard.o(i.isBigEndian) for isBigEndian
    canard.o(i.canardEncodeScalar) refers to canard.o(i.swapByteOrder) for swapByteOrder
    canard.o(i.canardEncodeScalar) refers to canard.o(i.copyBitArray) for copyBitArray
    canard.o(i.canardHandleRxFrame) refers to canard.o(i.extractTransferType) for extractTransferType
    canard.o(i.canardHandleRxFrame) refers to canard.o(i.canardGetLocalNodeID) for canardGetLocalNodeID
    canard.o(i.canardHandleRxFrame) refers to canard.o(i.extractDataType) for extractDataType
    canard.o(i.canardHandleRxFrame) refers to canard.o(i.traverseRxStates) for traverseRxStates
    canard.o(i.canardHandleRxFrame) refers to canard.o(i.findRxState) for findRxState
    canard.o(i.canardHandleRxFrame) refers to canard.o(i.computeTransferIDForwardDistance) for computeTransferIDForwardDistance
    canard.o(i.canardHandleRxFrame) refers to canard.o(i.releaseStatePayload) for releaseStatePayload
    canard.o(i.canardHandleRxFrame) refers to memseta.o(.text) for __aeabi_memclr4
    canard.o(i.canardHandleRxFrame) refers to canard.o(i.prepareForNextTransfer) for prepareForNextTransfer
[...]
    ../clib/microlib/printf/printf.c         0x00000000   Number         0  printf0.o ABSOLUTE
    ../clib/microlib/printf/printf.c         0x00000000   Number         0  printfb.o ABSOLUTE
    ../clib/microlib/printf/printf.c         0x00000000   Number         0  printfa.o ABSOLUTE
    ../clib/microlib/printf/printf.c         0x00000000   Number         0  printf5.o ABSOLUTE
    ../clib/microlib/printf/printf.c         0x00000000   Number         0  printf8.o ABSOLUTE
    ../clib/microlib/printf/printf.c         0x00000000   Number         0  printf7.o ABSOLUTE
    ../clib/microlib/printf/printf.c         0x00000000   Number         0  printf6.o ABSOLUTE
    ../clib/microlib/printf/printf.c         0x00000000   Number         0  printf4.o ABSOLUTE
    ../clib/microlib/printf/printf.c         0x00000000   Number         0  printf3.o ABSOLUTE
    ../clib/microlib/printf/printf.c         0x00000000   Number         0  printf2.o ABSOLUTE
    ../clib/microlib/printf/stubs.s          0x00000000   Number         0  stubs.o ABSOLUTE
    ../clib/microlib/stdio/streams.c         0x00000000   Number         0  stdout.o ABSOLUTE
    ../clib/microlib/string/memcmp.c         0x00000000   Number         0  memcmp.o ABSOLUTE
    ../clib/microlib/string/memcpy.c         0x00000000   Number         0  memcpyb.o ABSOLUTE
    ../clib/microlib/string/memcpy.c         0x00000000   Number         0  memcpya.o ABSOLUTE
    ../clib/microlib/string/memset.c         0x00000000   Number         0  memseta.o ABSOLUTE
    ../clib/microlib/stubs.s                 0x00000000   Number         0  iusefp.o ABSOLUTE
    ../fplib/microlib/f2d.c                  0x00000000   Number         0  f2d.o ABSOLUTE
    ../fplib/microlib/fpadd.c                0x00000000   Number         0  dadd.o ABSOLUTE
    ../fplib/microlib/fpdiv.c                0x00000000   Number         0  ddiv.o ABSOLUTE
    ../fplib/microlib/fpepilogue.c           0x00000000   Number         0  depilogue.o ABSOLUTE
    ../fplib/microlib/fpfix.c                0x00000000   Number         0  dfixul.o ABSOLUTE
    ../fplib/microlib/fpfix.c                0x00000000   Number         0  ffixui.o ABSOLUTE
    ../fplib/microlib/fpmul.c                0x00000000   Number         0  dmul.o ABSOLUTE
    ../fplib/microlib/fpmul.c                0x00000000   Number         0  fmul.o ABSOLUTE
    ..\Core\Src\can.c                        0x00000000   Number         0  can.o ABSOLUTE
    ..\Core\Src\canard.c                     0x00000000   Number         0  canard.o ABSOLUTE
    ..\Core\Src\canard_dynamic_node_id_client.c 0x00000000   Number         0  canard_dynamic_node_id_client.o ABSOLUTE
    ..\Core\Src\gpio.c                       0x00000000   Number         0  gpio.o ABSOLUTE
    ..\Core\Src\main.c                       0x00000000   Number         0  main.o ABSOLUTE
    ..\Core\Src\stm32f1xx_hal_msp.c          0x00000000   Number         0  stm32f1xx_hal_msp.o ABSOLUTE
    ..\Core\Src\stm32f1xx_it.c               0x00000000   Number         0  stm32f1xx_it.o ABSOLUTE
    ..\Core\Src\system_stm32f1xx.c           0x00000000   Number         0  system_stm32f1xx.o ABSOLUTE
    ..\Core\Src\tim.c                        0x00000000   Number         0  tim.o ABSOLUTE
    ..\Core\Src\usart.c                      0x00000000   Number         0  usart.o ABSOLUTE
    ..\Core\include\uavcan\equipment\actuator\actuator_ArrayCommand.c 0x00000000   Number         0  actuator_arraycommand.o ABSOLUTE
    ..\Core\include\uavcan\equipment\actuator\actuator_Command.c 0x00000000   Number         0  actuator_command.o ABSOLUTE
    ..\Core\include\uavcan\equipment\actuator\actuator_Status.c 0x00000000   Number         0  actuator_status.o ABSOLUTE
    ..\Core\include\uavcan\protocol\dynamic_node_id\dynamic_node_id_Allocation.c 0x00000000   Number         0  dynamic_node_id_allocation.o ABSOLUTE
    ..\Drivers\STM32F1xx_HAL_Driver\Src\stm32f1xx_hal.c 0x00000000   Number         0  stm32f1xx_hal.o ABSOLUTE
    ..\Drivers\STM32F1xx_HAL_Driver\Src\stm32f1xx_hal_can.c 0x00000000   Number         0  stm32f1xx_hal_can.o ABSOLUTE
    ..\Drivers\STM32F1xx_HAL_Driver\Src\stm32f1xx_hal_cortex.c 0x00000000   Number         0  stm32f1xx_hal_cortex.o ABSOLUTE
    ..\Drivers\STM32F1xx_HAL_Driver\Src\stm32f1xx_hal_dma.c 0x00000000   Number         0  stm32f1xx_hal_dma.o ABSOLUTE
    ..\Drivers\STM32F1xx_HAL_Driver\Src\stm32f1xx_hal_exti.c 0x00000000   Number         0  stm32f1xx_hal_exti.o ABSOLUTE
    ..\Drivers\STM32F1xx_HAL_Driver\Src\stm32f1xx_hal_flash.c 0x00000000   Number         0  stm32f1xx_hal_flash.o ABSOLUTE
    ..\Drivers\STM32F1xx_HAL_Driver\Src\stm32f1xx_hal_flash_ex.c 0x00000000   Number         0  stm32f1xx_hal_flash_ex.o ABSOLUTE
    ..\Drivers\STM32F1xx_HAL_Driver\Src\stm32f1xx_hal_gpio.c 0x00000000   Number         0  stm32f1xx_hal_gpio.o ABSOLUTE
    ..\Drivers\STM32F1xx_HAL_Driver\Src\stm32f1xx_hal_gpio_ex.c 0x00000000   Number         0  stm32f1xx_hal_gpio_ex.o ABSOLUTE
    ..\Drivers\STM32F1xx_HAL_Driver\Src\stm32f1xx_hal_pwr.c 0x00000000   Number         0  stm32f1xx_hal_pwr.o ABSOLUTE
    ..\Drivers\STM32F1xx_HAL_Driver\Src\stm32f1xx_hal_rcc.c 0x00000000   Number         0  stm32f1xx_hal_rcc.o ABSOLUTE
    ..\Drivers\STM32F1xx_HAL_Driver\Src\stm32f1xx_hal_rcc_ex.c 0x00000000   Number         0  stm32f1xx_hal_rcc_ex.o ABSOLUTE
    ..\Drivers\STM32F1xx_HAL_Driver\Src\stm32f1xx_hal_tim.c 0x00000000   Number         0  stm32f1xx_hal_tim.o ABSOLUTE
    ..\Drivers\STM32F1xx_HAL_Driver\Src\stm32f1xx_hal_tim_ex.c 0x00000000   Number         0  stm32f1xx_hal_tim_ex.o ABSOLUTE
    ..\Drivers\STM32F1xx_HAL_Driver\Src\stm32f1xx_hal_uart.c 0x00000000   Number         0  stm32f1xx_hal_uart.o ABSOLUTE
    cdrcmple.s                               0x00000000   Number         0  cdrcmple.o ABSOLUTE
    cfrcmple.s                               0x00000000   Number         0  cfrcmple.o ABSOLUTE
    dc.s                                     0x00000000   Number         0  dc.o ABSOLUTE
    handlers.s                               0x00000000   Number         0  handlers.o ABSOLUTE
    init.s                                   0x00000000   Number         0  init.o ABSOLUTE
    startup_stm32f103xb.s                    0x00000000   Number         0  startup_stm32f103xb.o ABSOLUTE
    RESET                                    0x08000000   Section      236  startup_stm32f103xb.o(RESET)
    .ARM.Collect$$$$00000000                 0x080000ec   Section        0  entry.o(.ARM.Collect$$$$00000000)
    .ARM.Collect$$$$00000001                 0x080000ec   Section        4  entry2.o(.ARM.Collect$$$$00000001)
    .ARM.Collect$$$$00000004                 0x080000f0   Section        4  entry5.o(.ARM.Collect$$$$00000004)
    .ARM.Collect$$$$00000008                 0x080000f4   Section        0  entry7b.o(.ARM.Collect$$$$00000008)
    .ARM.Collect$$$$0000000A                 0x080000f4   Section        0  entry8b.o(.ARM.Collect$$$$0000000A)
    .ARM.Collect$$$$0000000B                 0x080000f4   Section        8  entry9a.o(.ARM.Collect$$$$0000000B)
    .ARM.Collect$$$$0000000E                 0x080000fc   Section        4  entry12b.o(.ARM.Collect$$$$0000000E)
    .ARM.Collect$$$$0000000F                 0x08000100   Section        0  entry10a.o(.ARM.Collect$$$$0000000F)
    .ARM.Collect$$$$00000011                 0x08000100   Section        0  entry11a.o(.ARM.Collect$$$$00000011)
    .ARM.Collect$$$$00002712                 0x08000100   Section        4  entry2.o(.ARM.Collect$$$$00002712)
    __lit__00000000                          0x08000100   Data           4  entry2.o(.ARM.Collect$$$$00002712)
    .text                                    0x08000104   Section       36  startup_stm32f103xb.o(.text)
    .text                                    0x08000128   Section        0  llshl.o(.text)
    .text                                    0x08000146   Section        0  llushr.o(.text)
    .text                                    0x08000166   Section        0  memcpya.o(.text)
    .text                                    0x0800018a   Section        0  memseta.o(.text)
    .text                                    0x080001ae   Section        0  memcmp.o(.text)
    .text                                    0x080001c8   Section        0  fmul.o(.text)
    .text                                    0x0800022c   Section        0  ffixui.o(.text)
    .text                                    0x08000254   Section        0  f2d.o(.text)
    .text                                    0x0800027c   Section       20  cfrcmple.o(.text)
    .text                                    0x08000290   Section        0  uidiv.o(.text)
    .text                                    0x080002bc   Section        0  uldiv.o(.text)
    .text                                    0x0800031e   Section        0  dadd.o(.text)
    .text                                    0x0800031e   Section        0  iusefp.o(.text)
    .text                                    0x0800046c   Section        0  dmul.o(.text)
    .text                                    0x08000550   Section        0  ddiv.o(.text)
    .text                                    0x0800062e   Section        0  dfixul.o(.text)
    .text                                    0x08000660   Section       48  cdrcmple.o(.text)
    .text                                    0x08000690   Section       36  init.o(.text)
    .text                                    0x080006b4   Section        0  llsshr.o(.text)
    .text                                    0x080006d8   Section        0  depilogue.o(.text)
    i.BusFault_Handler                       0x08000792   Section        0  stm32f1xx_it.o(i.BusFault_Handler)
    i.DebugMon_Handler                       0x08000794   Section        0  stm32f1xx_it.o(i.DebugMon_Handler)
    i.Error_Handler                          0x08000796   Section        0  main.o(i.Error_Handler)
    i.HAL_CAN_ActivateNotification           0x0800079a   Section        0  stm32f1xx_hal_can.o(i.HAL_CAN_ActivateNotification)
    i.HAL_CAN_AddTxMessage                   0x080007be   Section        0  stm32f1xx_hal_can.o(i.HAL_CAN_AddTxMessage)
    i.HAL_CAN_ConfigFilter                   0x080008a0   Section        0  stm32f1xx_hal_can.o(i.HAL_CAN_ConfigFilter)
    i.HAL_CAN_ErrorCallback                  0x08000998   Section        0  stm32f1xx_hal_can.o(i.HAL_CAN_ErrorCallback)
    i.HAL_CAN_GetRxFifoFillLevel             0x0800099a   Section        0  stm32f1xx_hal_can.o(i.HAL_CAN_GetRxFifoFillLevel)
    i.HAL_CAN_GetRxMessage                   0x080009c0   Section        0  stm32f1xx_hal_can.o(i.HAL_CAN_GetRxMessage)
    i.HAL_CAN_IRQHandler                     0x08000ad2   Section        0  stm32f1xx_hal_can.o(i.HAL_CAN_IRQHandler)
    i.HAL_CAN_Init                           0x08000cce   Section        0  stm32f1xx_hal_can.o(i.HAL_CAN_Init)
    i.HAL_CAN_MspInit                        0x08000e20   Section        0  can.o(i.HAL_CAN_MspInit)
    i.HAL_CAN_RxFifo0FullCallback            0x08000e9c   Section        0  stm32f1xx_hal_can.o(i.HAL_CAN_RxFifo0FullCallback)
    i.HAL_CAN_RxFifo0MsgPendingCallback      0x08000ea0   Section        0  main.o(i.HAL_CAN_RxFifo0MsgPendingCallback)
    i.HAL_CAN_RxFifo1FullCallback            0x08000ee4   Section        0  stm32f1xx_hal_can.o(i.HAL_CAN_RxFifo1FullCallback)
    i.HAL_CAN_RxFifo1MsgPendingCallback      0x08000ee6   Section        0  stm32f1xx_hal_can.o(i.HAL_CAN_RxFifo1MsgPendingCallback)
    i.HAL_CAN_SleepCallback                  0x08000ee8   Section        0  stm32f1xx_hal_can.o(i.HAL_CAN_SleepCallback)
    i.HAL_CAN_Start                          0x08000eea   Section        0  stm32f1xx_hal_can.o(i.HAL_CAN_Start)
    i.HAL_CAN_TxMailbox0AbortCallback        0x08000f42   Section        0  stm32f1xx_hal_can.o(i.HAL_CAN_TxMailbox0AbortCallback)
    i.HAL_CAN_TxMailbox0CompleteCallback     0x08000f44   Section        0  stm32f1xx_hal_can.o(i.HAL_CAN_TxMailbox0CompleteCallback)
    i.HAL_CAN_TxMailbox1AbortCallback        0x08000f46   Section        0  stm32f1xx_hal_can.o(i.HAL_CAN_TxMailbox1AbortCallback)
    i.HAL_CAN_TxMailbox1CompleteCallback     0x08000f48   Section        0  stm32f1xx_hal_can.o(i.HAL_CAN_TxMailbox1CompleteCallback)
    i.HAL_CAN_TxMailbox2AbortCallback        0x08000f4a   Section        0  stm32f1xx_hal_can.o(i.HAL_CAN_TxMailbox2AbortCallback)
    i.HAL_CAN_TxMailbox2CompleteCallback     0x08000f4c   Section        0  stm32f1xx_hal_can.o(i.HAL_CAN_TxMailbox2CompleteCallback)
    i.HAL_CAN_WakeUpFromRxMsgCallback        0x08000f4e   Section        0  stm32f1xx_hal_can.o(i.HAL_CAN_WakeUpFromRxMsgCallback)
    i.HAL_Delay                              0x08000f50   Section        0  stm32f1xx_hal.o(i.HAL_Delay)
    i.HAL_GPIO_Init                          0x08000f74   Section        0  stm32f1xx_hal_gpio.o(i.HAL_GPIO_Init)
    i.HAL_GPIO_TogglePin                     0x08001164   Section        0  stm32f1xx_hal_gpio.o(i.HAL_GPIO_TogglePin)
    i.HAL_GPIO_WritePin                      0x08001174   Section        0  stm32f1xx_hal_gpio.o(i.HAL_GPIO_WritePin)
    i.HAL_GetTick                            0x08001184   Section        0  stm32f1xx_hal.o(i.HAL_GetTick)
    i.HAL_IncTick                            0x08001190   Section        0  stm32f1xx_hal.o(i.HAL_IncTick)
    i.HAL_Init                               0x080011a0   Section        0  stm32f1xx_hal.o(i.HAL_Init)
    i.HAL_InitTick                           0x080011c4   Section        0  stm32f1xx_hal.o(i.HAL_InitTick)
    i.HAL_MspInit                            0x08001208   Section        0  stm32f1xx_hal_msp.o(i.HAL_MspInit)
    i.HAL_NVIC_EnableIRQ                     0x08001244   Section        0  stm32f1xx_hal_cortex.o(i.HAL_NVIC_EnableIRQ)
    i.HAL_NVIC_SetPriority                   0x08001260   Section        0  stm32f1xx_hal_cortex.o(i.HAL_NVIC_SetPriority)
    i.HAL_NVIC_SetPriorityGrouping           0x080012a0   Section        0  stm32f1xx_hal_cortex.o(i.HAL_NVIC_SetPriorityGrouping)
    i.HAL_RCC_ClockConfig                    0x080012c4   Section        0  stm32f1xx_hal_rcc.o(i.HAL_RCC_ClockConfig)
    i.HAL_RCC_GetHCLKFreq                    0x08001418   Section        0  stm32f1xx_hal_rcc.o(i.HAL_RCC_GetHCLKFreq)
    i.HAL_RCC_GetPCLK1Freq                   0x08001424   Section        0  stm32f1xx_hal_rcc.o(i.HAL_RCC_GetPCLK1Freq)
    i.HAL_RCC_GetPCLK2Freq                   0x08001444   Section        0  stm32f1xx_hal_rcc.o(i.HAL_RCC_GetPCLK2Freq)
    i.HAL_RCC_GetSysClockFreq                0x08001464   Section        0  stm32f1xx_hal_rcc.o(i.HAL_RCC_GetSysClockFreq)
    i.HAL_RCC_OscConfig                      0x080014b0   Section        0  stm32f1xx_hal_rcc.o(i.HAL_RCC_OscConfig)
    i.HAL_SYSTICK_Config                     0x08001834   Section        0  stm32f1xx_hal_cortex.o(i.HAL_SYSTICK_Config)
    i.HAL_TIMEx_MasterConfigSynchronization  0x0800185c   Section        0  stm32f1xx_hal_tim_ex.o(i.HAL_TIMEx_MasterConfigSynchronization)
    i.HAL_TIM_Base_Init                      0x080018c4   Section        0  stm32f1xx_hal_tim.o(i.HAL_TIM_Base_Init)
    i.HAL_TIM_Base_MspInit                   0x08001910   Section        0  tim.o(i.HAL_TIM_Base_MspInit)
    i.HAL_TIM_ConfigClockSource              0x08001934   Section        0  stm32f1xx_hal_tim.o(i.HAL_TIM_ConfigClockSource)
    i.HAL_TIM_MspPostInit                    0x08001a1c   Section        0  tim.o(i.HAL_TIM_MspPostInit)
    i.HAL_TIM_PWM_ConfigChannel              0x08001a64   Section        0  stm32f1xx_hal_tim.o(i.HAL_TIM_PWM_ConfigChannel)
    i.HAL_TIM_PWM_Init                       0x08001b3c   Section        0  stm32f1xx_hal_tim.o(i.HAL_TIM_PWM_Init)
    i.HAL_TIM_PWM_MspInit                    0x08001b86   Section        0  stm32f1xx_hal_tim.o(i.HAL_TIM_PWM_MspInit)
    i.HAL_TIM_PWM_Start                      0x08001b88   Section        0  stm32f1xx_hal_tim.o(i.HAL_TIM_PWM_Start)
    i.HAL_UART_Init                          0x08001c34   Section        0  stm32f1xx_hal_uart.o(i.HAL_UART_Init)
    i.HAL_UART_MspInit                       0x08001c9c   Section        0  usart.o(i.HAL_UART_MspInit)
    i.HAL_UART_Transmit                      0x08001d0c   Section        0  stm32f1xx_hal_uart.o(i.HAL_UART_Transmit)
    i.HardFault_Handler                      0x08001dba   Section        0  stm32f1xx_it.o(i.HardFault_Handler)
    i.MX_CAN_Init                            0x08001dbc   Section        0  can.o(i.MX_CAN_Init)
    i.MX_GPIO_Init                           0x08001e00   Section        0  gpio.o(i.MX_GPIO_Init)
    i.MX_TIM2_Init                           0x08001e70   Section        0  tim.o(i.MX_TIM2_Init)
    i.MX_USART1_UART_Init                    0x08001f3c   Section        0  usart.o(i.MX_USART1_UART_Init)
    i.MemManage_Handler                      0x08001f74   Section        0  stm32f1xx_it.o(i.MemManage_Handler)
    i.NMI_Handler                            0x08001f76   Section        0  stm32f1xx_it.o(i.NMI_Handler)
    i.PendSV_Handler                         0x08001f78   Section        0  stm32f1xx_it.o(i.PendSV_Handler)
    i.RCC_Delay                              0x08001f7c   Section        0  stm32f1xx_hal_rcc.o(i.RCC_Delay)
    RCC_Delay                                0x08001f7d   Thumb Code    30  stm32f1xx_hal_rcc.o(i.RCC_Delay)
    i.SVC_Handler                            0x08001fa0   Section        0  stm32f1xx_it.o(i.SVC_Handler)
    i.SysTick_Handler                        0x08001fa2   Section        0  stm32f1xx_it.o(i.SysTick_Handler)
    i.SystemClock_Config                     0x08001fa6   Section        0  main.o(i.SystemClock_Config)
    i.SystemInit                             0x08002004   Section        0  system_stm32f1xx.o(i.SystemInit)
    i.TIM_Base_SetConfig                     0x08002008   Section        0  stm32f1xx_hal_tim.o(i.TIM_Base_SetConfig)
    i.TIM_CCxChannelCmd                      0x08002080   Section        0  stm32f1xx_hal_tim.o(i.TIM_CCxChannelCmd)
    i.TIM_ETR_SetConfig                      0x0800209a   Section        0  stm32f1xx_hal_tim.o(i.TIM_ETR_SetConfig)
    i.TIM_ITRx_SetConfig                     0x080020ae   Section        0  stm32f1xx_hal_tim.o(i.TIM_ITRx_SetConfig)
    TIM_ITRx_SetConfig                       0x080020af   Thumb Code    16  stm32f1xx_hal_tim.o(i.TIM_ITRx_SetConfig)
    i.TIM_OC1_SetConfig                      0x080020c0   Section        0  stm32f1xx_hal_tim.o(i.TIM_OC1_SetConfig)
    TIM_OC1_SetConfig                        0x080020c1   Thumb Code    90  stm32f1xx_hal_tim.o(i.TIM_OC1_SetConfig)
    i.TIM_OC2_SetConfig                      0x08002120   Section        0  stm32f1xx_hal_tim.o(i.TIM_OC2_SetConfig)
    i.TIM_OC3_SetConfig                      0x08002184   Section        0  stm32f1xx_hal_tim.o(i.TIM_OC3_SetConfig)
    TIM_OC3_SetConfig                        0x08002185   Thumb Code    92  stm32f1xx_hal_tim.o(i.TIM_OC3_SetConfig)
    i.TIM_OC4_SetConfig                      0x080021e4   Section        0  stm32f1xx_hal_tim.o(i.TIM_OC4_SetConfig)
    TIM_OC4_SetConfig                        0x080021e5   Thumb Code    68  stm32f1xx_hal_tim.o(i.TIM_OC4_SetConfig)
    i.TIM_TI1_ConfigInputStage               0x0800222c   Section        0  stm32f1xx_hal_tim.o(i.TIM_TI1_ConfigInputStage)
    TIM_TI1_ConfigInputStage                 0x0800222d   Thumb Code    34  stm32f1xx_hal_tim.o(i.TIM_TI1_ConfigInputStage)
    i.TIM_TI2_ConfigInputStage               0x0800224e   Section        0  stm32f1xx_hal_tim.o(i.TIM_TI2_ConfigInputStage)
    TIM_TI2_ConfigInputStage                 0x0800224f   Thumb Code    36  stm32f1xx_hal_tim.o(i.TIM_TI2_ConfigInputStage)
    i.UART_EndRxTransfer                     0x08002272   Section        0  stm32f1xx_hal_uart.o(i.UART_EndRxTransfer)
    UART_EndRxTransfer                       0x08002273   Thumb Code    78  stm32f1xx_hal_uart.o(i.UART_EndRxTransfer)
    i.UART_SetConfig                         0x080022c0   Section        0  stm32f1xx_hal_uart.o(i.UART_SetConfig)
    UART_SetConfig                           0x080022c1   Thumb Code   178  stm32f1xx_hal_uart.o(i.UART_SetConfig)
    i.UART_WaitOnFlagUntilTimeout            0x08002378   Section        0  stm32f1xx_hal_uart.o(i.UART_WaitOnFlagUntilTimeout)
    UART_WaitOnFlagUntilTimeout              0x08002379   Thumb Code   116  stm32f1xx_hal_uart.o(i.UART_WaitOnFlagUntilTimeout)
    i.USB_LP_CAN1_RX0_IRQHandler             0x080023ec   Section        0  stm32f1xx_it.o(i.USB_LP_CAN1_RX0_IRQHandler)
    i.UsageFault_Handler                     0x080023f8   Section        0  stm32f1xx_it.o(i.UsageFault_Handler)
    i.__0printf                              0x080023fc   Section        0  printfa.o(i.__0printf)
    i.__NVIC_SetPriority                     0x0800241c   Section        0  stm32f1xx_hal_cortex.o(i.__NVIC_SetPriority)
    __NVIC_SetPriority                       0x0800241d   Thumb Code    32  stm32f1xx_hal_cortex.o(i.__NVIC_SetPriority)
    i.__scatterload_copy                     0x0800243c   Section       14  handlers.o(i.__scatterload_copy)
    i.__scatterload_null                     0x0800244a   Section        2  handlers.o(i.__scatterload_null)
    i.__scatterload_zeroinit                 0x0800244c   Section       14  handlers.o(i.__scatterload_zeroinit)
    i._fp_digits                             0x0800245c   Section        0  printfa.o(i._fp_digits)
    _fp_digits                               0x0800245d   Thumb Code   366  printfa.o(i._fp_digits)
    i._printf_core                           0x080025e0   Section        0  printfa.o(i._printf_core)
    _printf_core                             0x080025e1   Thumb Code  1704  printfa.o(i._printf_core)
    i._printf_post_padding                   0x08002c94   Section        0  printfa.o(i._printf_post_padding)
    _printf_post_padding                     0x08002c95   Thumb Code    36  printfa.o(i._printf_post_padding)
    i._printf_pre_padding                    0x08002cb8   Section        0  printfa.o(i._printf_pre_padding)
    _printf_pre_padding                      0x08002cb9   Thumb Code    46  printfa.o(i._printf_pre_padding)
    i.allocateBlock                          0x08002ce6   Section        0  canard.o(i.allocateBlock)
    allocateBlock                            0x08002ce7   Thumb Code    34  canard.o(i.allocateBlock)
    i.bufferBlockPushBytes                   0x08002d08   Section        0  canard.o(i.bufferBlockPushBytes)
    bufferBlockPushBytes                     0x08002d09   Thumb Code   294  canard.o(i.bufferBlockPushBytes)
    i.calculateCRC                           0x08002e2e   Section        0  canard.o(i.calculateCRC)
    calculateCRC                             0x08002e2f   Thumb Code    36  canard.o(i.calculateCRC)
    i.canardBroadcast                        0x08002e52   Section        0  canard.o(i.canardBroadcast)
    i.canardBroadcastObj                     0x08002e92   Section        0  canard.o(i.canardBroadcastObj)
    i.canardBufferFromIdx                    0x08002f3e   Section        0  canard.o(i.canardBufferFromIdx)
    canardBufferFromIdx                      0x08002f3f   Thumb Code     4  canard.o(i.canardBufferFromIdx)
    i.canardBufferToIdx                      0x08002f42   Section        0  canard.o(i.canardBufferToIdx)
    canardBufferToIdx                        0x08002f43   Thumb Code     4  canard.o(i.canardBufferToIdx)
    i.canardCleanupStaleTransfers            0x08002f48   Section        0  canard.o(i.canardCleanupStaleTransfers)
    i.canardConvertFloat16ToNativeFloat      0x08002fd0   Section        0  canard.o(i.canardConvertFloat16ToNativeFloat)
    i.canardDecodeScalar                     0x08003008   Section        0  canard.o(i.canardDecodeScalar)
    i.canardDynIDClientGetNodeID             0x080031aa   Section        0  canard_dynamic_node_id_client.o(i.canardDynIDClientGetNodeID)
    i.canardDynIDClientHandleAllocationResponse 0x080031ae   Section        0  canard_dynamic_node_id_client.o(i.canardDynIDClientHandleAllocationResponse)
    i.canardDynIDClientInit                  0x080031e6   Section        0  canard_dynamic_node_id_client.o(i.canardDynIDClientInit)
    i.canardDynIDClientStart                 0x08003204   Section        0  canard_dynamic_node_id_client.o(i.canardDynIDClientStart)
    i.canardEncodeScalar                     0x0800325c   Section        0  canard.o(i.canardEncodeScalar)
    i.canardGetLocalNodeID                   0x080032f4   Section        0  canard.o(i.canardGetLocalNodeID)
    i.canardHandleRxFrame                    0x080032f8   Section        0  canard.o(i.canardHandleRxFrame)
    i.canardInit                             0x08003738   Section        0  canard.o(i.canardInit)
    i.canardPeekTxQueue                      0x0800377e   Section        0  canard.o(i.canardPeekTxQueue)
    i.canardPopTxQueue                       0x0800378c   Section        0  canard.o(i.canardPopTxQueue)
    i.canardReleaseRxTransferPayload         0x08003798   Section        0  canard.o(i.canardReleaseRxTransferPayload)
    i.canardRxFromIdx                        0x080037bc   Section        0  canard.o(i.canardRxFromIdx)
    canardRxFromIdx                          0x080037bd   Thumb Code     4  canard.o(i.canardRxFromIdx)
    i.canardRxToIdx                          0x080037c0   Section        0  canard.o(i.canardRxToIdx)
    canardRxToIdx                            0x080037c1   Thumb Code     4  canard.o(i.canardRxToIdx)
    i.canardSetLocalNodeID                   0x080037c4   Section        0  canard.o(i.canardSetLocalNodeID)
    i.computeTransferIDForwardDistance       0x080037d6   Section        0  canard.o(i.computeTransferIDForwardDistance)
    computeTransferIDForwardDistance         0x080037d7   Thumb Code    12  canard.o(i.computeTransferIDForwardDistance)
    i.copyBitArray                           0x080037e2   Section        0  canard.o(i.copyBitArray)
    copyBitArray                             0x080037e3   Thumb Code   116  canard.o(i.copyBitArray)
    i.crcAdd                                 0x08003856   Section        0  canard.o(i.crcAdd)
    crcAdd                                   0x08003857   Thumb Code    24  canard.o(i.crcAdd)
    i.crcAddByte                             0x0800386e   Section        0  canard.o(i.crcAddByte)
    crcAddByte                               0x0800386f   Thumb Code    42  canard.o(i.crcAddByte)
    i.crcAddSignature                        0x08003898   Section        0  canard.o(i.crcAddSignature)
    crcAddSignature                          0x08003899   Thumb Code    46  canard.o(i.crcAddSignature)
    i.createBufferBlock                      0x080038c6   Section        0  canard.o(i.createBufferBlock)
    createBufferBlock                        0x080038c7   Thumb Code    18  canard.o(i.createBufferBlock)
    i.createRxState                          0x080038d8   Section        0  canard.o(i.createRxState)
    createRxState                            0x080038d9   Thumb Code    48  canard.o(i.createRxState)
    i.createTxItem                           0x08003908   Section        0  canard.o(i.createTxItem)
    createTxItem                             0x08003909   Thumb Code    26  canard.o(i.createTxItem)
    i.dataLengthToDlc                        0x08003922   Section        0  canard.o(i.dataLengthToDlc)
    dataLengthToDlc                          0x08003923   Thumb Code    56  canard.o(i.dataLengthToDlc)
    i.descatterTransferPayload               0x0800395a   Section        0  canard.o(i.descatterTransferPayload)
    descatterTransferPayload                 0x0800395b   Thumb Code   262  canard.o(i.descatterTransferPayload)
    i.dlcToDataLength                        0x08003a60   Section        0  canard.o(i.dlcToDataLength)
    dlcToDataLength                          0x08003a61   Thumb Code    56  canard.o(i.dlcToDataLength)
    i.enqueueTxFrames                        0x08003a98   Section        0  canard.o(i.enqueueTxFrames)
    enqueueTxFrames                          0x08003a99   Thumb Code   336  canard.o(i.enqueueTxFrames)
    i.extractDataType                        0x08003be8   Section        0  canard.o(i.extractDataType)
    i.extractTransferType                    0x08003c0a   Section        0  canard.o(i.extractTransferType)
    i.findRxState                            0x08003c22   Section        0  canard.o(i.findRxState)
    findRxState                              0x08003c23   Thumb Code    32  canard.o(i.findRxState)
    i.fputc                                  0x08003c44   Section        0  main.o(i.fputc)
    i.freeBlock                              0x08003c5c   Section        0  canard.o(i.freeBlock)
    freeBlock                                0x08003c5d   Thumb Code    14  canard.o(i.freeBlock)
    i.incrementTransferID                    0x08003c6a   Section        0  canard.o(i.incrementTransferID)
    incrementTransferID                      0x08003c6b   Thumb Code    18  canard.o(i.incrementTransferID)
    i.initPoolAllocator                      0x08003c7c   Section        0  canard.o(i.initPoolAllocator)
    initPoolAllocator                        0x08003c7d   Thumb Code    38  canard.o(i.initPoolAllocator)
    i.isBigEndian                            0x08003ca2   Section        0  canard.o(i.isBigEndian)
    isBigEndian                              0x08003ca3   Thumb Code    18  canard.o(i.isBigEndian)
    i.isPriorityHigher                       0x08003cb4   Section        0  canard.o(i.isPriorityHigher)
    isPriorityHigher                         0x08003cb5   Thumb Code    74  canard.o(i.isPriorityHigher)
    i.main                                   0x08003d00   Section        0  main.o(i.main)
    i.onTransferReception                    0x08003e9c   Section        0  main.o(i.onTransferReception)
    i.prepareForNextTransfer                 0x08003ee4   Section        0  canard.o(i.prepareForNextTransfer)
    prepareForNextTransfer                   0x08003ee5   Thumb Code    26  canard.o(i.prepareForNextTransfer)
    i.prependRxState                         0x08003f04   Section        0  canard.o(i.prependRxState)
    prependRxState                           0x08003f05   Thumb Code    38  canard.o(i.prependRxState)
    i.processActuatorCommands                0x08003f2c   Section        0  main.o(i.processActuatorCommands)
    i.processCanTxQueue                      0x0800402c   Section        0  main.o(i.processCanTxQueue)
    i.pushTxQueue                            0x08004084   Section        0  canard.o(i.pushTxQueue)
    pushTxQueue                              0x08004085   Thumb Code    68  canard.o(i.pushTxQueue)
    i.read_unique_id                         0x080040c8   Section        0  main.o(i.read_unique_id)
    i.releaseStatePayload                    0x0800410c   Section        0  canard.o(i.releaseStatePayload)
    releaseStatePayload                      0x0800410d   Thumb Code    56  canard.o(i.releaseStatePayload)
    i.shouldAcceptTransfer                   0x08004148   Section        0  main.o(i.shouldAcceptTransfer)
    i.swapByteOrder                          0x0800419c   Section        0  canard.o(i.swapByteOrder)
    swapByteOrder                            0x0800419d   Thumb Code    26  canard.o(i.swapByteOrder)
    i.traverseRxStates                       0x080041b6   Section        0  canard.o(i.traverseRxStates)
    traverseRxStates                         0x080041b7   Thumb Code    56  canard.o(i.traverseRxStates)
    i.uavcan_equipment_actuator_ArrayCommand_decode 0x080041ee   Section        0  actuator_arraycommand.o(i.uavcan_equipment_actuator_ArrayCommand_decode)
    i.uavcan_equipment_actuator_ArrayCommand_decode_internal 0x08004204   Section        0  actuator_arraycommand.o(i.uavcan_equipment_actuator_ArrayCommand_decode_internal)
    i.uavcan_equipment_actuator_Command_decode_internal 0x0800426e   Section        0  actuator_command.o(i.uavcan_equipment_actuator_Command_decode_internal)
    i.uavcan_protocol_dynamic_node_id_Allocation_decode 0x080042d2   Section        0  dynamic_node_id_allocation.o(i.uavcan_protocol_dynamic_node_id_Allocation_decode)
    i.uavcan_protocol_dynamic_node_id_Allocation_decode_internal 0x080042e8   Section        0  dynamic_node_id_allocation.o(i.uavcan_protocol_dynamic_node_id_Allocation_decode_internal)
    i.uavcan_protocol_dynamic_node_id_Allocation_encode 0x0800438c   Section        0  dynamic_node_id_allocation.o(i.uavcan_protocol_dynamic_node_id_Allocation_encode)
    i.uavcan_protocol_dynamic_node_id_Allocation_encode_internal 0x0800439c   Section        0  dynamic_node_id_allocation.o(i.uavcan_protocol_dynamic_node_id_Allocation_encode_internal)
    .constdata                               0x08004414   Section       20  canard.o(.constdata)
    .constdata                               0x08004428   Section       24  main.o(.constdata)
    .constdata                               0x08004440   Section       18  stm32f1xx_hal_rcc.o(.constdata)
    aPredivFactorTable                       0x08004440   Data           2  stm32f1xx_hal_rcc.o(.constdata)
    aPLLMULFactorTable                       0x08004442   Data          16  stm32f1xx_hal_rcc.o(.constdata)
    .constdata                               0x08004452   Section       16  system_stm32f1xx.o(.constdata)
    .constdata                               0x08004462   Section        8  system_stm32f1xx.o(.constdata)
    .data                                    0x20000000   Section       12  main.o(.data)
    actuator_cmd_transfer_id                 0x20000000   Data           1  main.o(.data)
    node_status_transfer_id                  0x20000001   Data           1  main.o(.data)
    rx_actuator_cmd                          0x20000004   Data           8  main.o(.data)
    .data                                    0x2000000c   Section       12  stm32f1xx_hal.o(.data)
    .data                                    0x20000018   Section        4  system_stm32f1xx.o(.data)
    .data                                    0x2000001c   Section        4  stdout.o(.data)
    .bss                                     0x20000020   Section     4174  main.o(.bss)
    .bss                                     0x20001070   Section       40  can.o(.bss)
    .bss                                     0x20001098   Section       72  tim.o(.bss)
    .bss                                     0x200010e0   Section       72  usart.o(.bss)
    STACK                                    0x20001128   Section     8192  startup_stm32f103xb.o(STACK)

    Global Symbols

    Symbol Name                              Value     Ov Type        Size  Object(Section)

    BuildAttributes$$THM_ISAv4$P$D$K$B$S$PE$A:L22UL41UL21$X:L11$S22US41US21$IEEE1$IW$USESV6$~STKCKD$USESV7$~SHL$OSPACE$ROPI$EBA8$MICROLIB$REQ8$PRES8$EABIv2 0x00000000   Number         0  anon$$obj.o ABSOLUTE
    __ARM_use_no_argv                        0x00000000   Number         0  main.o ABSOLUTE
    _printf_a                                0x00000000   Number         0  stubs.o ABSOLUTE
    _printf_c                                0x00000000   Number         0  stubs.o ABSOLUTE
    _printf_charcount                        0x00000000   Number         0  stubs.o ABSOLUTE
    _printf_d                                0x00000000   Number         0  stubs.o ABSOLUTE
    _printf_e                                0x00000000   Number         0  stubs.o ABSOLUTE
    _printf_f                                0x00000000   Number         0  stubs.o ABSOLUTE
    _printf_flags                            0x00000000   Number         0  stubs.o ABSOLUTE
    _printf_fp_dec                           0x00000000   Number         0  stubs.o ABSOLUTE
    _printf_fp_hex                           0x00000000   Number         0  stubs.o ABSOLUTE
    _printf_g                                0x00000000   Number         0  stubs.o ABSOLUTE
    _printf_i                                0x00000000   Number         0  stubs.o ABSOLUTE
    _printf_int_dec                          0x00000000   Number         0  stubs.o ABSOLUTE
    _printf_l                                0x00000000   Number         0  stubs.o ABSOLUTE
    _printf_lc                               0x00000000   Number         0  stubs.o ABSOLUTE
    _printf_ll                               0x00000000   Number         0  stubs.o ABSOLUTE
    _printf_lld                              0x00000000   Number         0  stubs.o ABSOLUTE
    _printf_lli                              0x00000000   Number         0  stubs.o ABSOLUTE
    _printf_llo                              0x00000000   Number         0  stubs.o ABSOLUTE
    _printf_llu                              0x00000000   Number         0  stubs.o ABSOLUTE
    _printf_llx                              0x00000000   Number         0  stubs.o ABSOLUTE
    _printf_longlong_dec                     0x00000000   Number         0  stubs.o ABSOLUTE
    _printf_longlong_hex                     0x00000000   Number         0  stubs.o ABSOLUTE
    _printf_longlong_oct                     0x00000000   Number         0  stubs.o ABSOLUTE
    _printf_ls                               0x00000000   Number         0  stubs.o ABSOLUTE
    _printf_mbtowc                           0x00000000   Number         0  stubs.o ABSOLUTE
    _printf_n                                0x00000000   Number         0  stubs.o ABSOLUTE
    _printf_o                                0x00000000   Number         0  stubs.o ABSOLUTE
    _printf_p                                0x00000000   Number         0  stubs.o ABSOLUTE
    _printf_percent                          0x00000000   Number         0  stubs.o ABSOLUTE
    _printf_pre_padding                      0x00000000   Number         0  stubs.o ABSOLUTE
    _printf_return_value                     0x00000000   Number         0  stubs.o ABSOLUTE
    _printf_s                                0x00000000   Number         0  stubs.o ABSOLUTE
    _printf_sizespec                         0x00000000   Number         0  stubs.o ABSOLUTE
    _printf_str                              0x00000000   Number         0  stubs.o ABSOLUTE
    _printf_truncate_signed                  0x00000000   Number         0  stubs.o ABSOLUTE
    _printf_truncate_unsigned                0x00000000   Number         0  stubs.o ABSOLUTE
    _printf_u                                0x00000000   Number         0  stubs.o ABSOLUTE
    _printf_wc                               0x00000000   Number         0  stubs.o ABSOLUTE
    _printf_wctomb                           0x00000000   Number         0  stubs.o ABSOLUTE
    _printf_widthprec                        0x00000000   Number         0  stubs.o ABSOLUTE
    _printf_x                                0x00000000   Number         0  stubs.o ABSOLUTE
    __arm_fini_                               - Undefined Weak Reference
    __cpp_initialize__aeabi_                  - Undefined Weak Reference
    __cxa_finalize                            - Undefined Weak Reference
    __decompress                              - Undefined Weak Reference
    _clock_init                               - Undefined Weak Reference
    _microlib_exit                            - Undefined Weak Reference
    __Vectors_Size                           0x000000ec   Number         0  startup_stm32f103xb.o ABSOLUTE
    __Vectors                                0x08000000   Data           4  startup_stm32f103xb.o(RESET)
    __Vectors_End                            0x080000ec   Data           0  startup_stm32f103xb.o(RESET)
    __main                                   0x080000ed   Thumb Code     0  entry.o(.ARM.Collect$$$$00000000)
    _main_stk                                0x080000ed   Thumb Code     0  entry2.o(.ARM.Collect$$$$00000001)
    _main_scatterload                        0x080000f1   Thumb Code     0  entry5.o(.ARM.Collect$$$$00000004)
    __main_after_scatterload                 0x080000f5   Thumb Code     0  entry5.o(.ARM.Collect$$$$00000004)
    _main_clock                              0x080000f5   Thumb Code     0  entry7b.o(.ARM.Collect$$$$00000008)
    _main_cpp_init                           0x080000f5   Thumb Code     0  entry8b.o(.ARM.Collect$$$$0000000A)
    _main_init                               0x080000f5   Thumb Code     0  entry9a.o(.ARM.Collect$$$$0000000B)
    __rt_lib_shutdown_fini                   0x080000fd   Thumb Code     0  entry12b.o(.ARM.Collect$$$$0000000E)
    __rt_final_cpp                           0x08000101   Thumb Code     0  entry10a.o(.ARM.Collect$$$$0000000F)
    __rt_final_exit                          0x08000101   Thumb Code     0  entry11a.o(.ARM.Collect$$$$00000011)
    Reset_Handler                            0x08000105   Thumb Code     8  startup_stm32f103xb.o(.text)
    ADC1_2_IRQHandler                        0x0800011f   Thumb Code     0  startup_stm32f103xb.o(.text)
    CAN1_RX1_IRQHandler                      0x0800011f   Thumb Code     0  startup_stm32f103xb.o(.text)
    CAN1_SCE_IRQHandler                      0x0800011f   Thumb Code     0  startup_stm32f103xb.o(.text)
    DMA1_Channel1_IRQHandler                 0x0800011f   Thumb Code     0  startup_stm32f103xb.o(.text)
    DMA1_Channel2_IRQHandler                 0x0800011f   Thumb Code     0  startup_stm32f103xb.o(.text)
    DMA1_Channel3_IRQHandler                 0x0800011f   Thumb Code     0  startup_stm32f103xb.o(.text)
    DMA1_Channel4_IRQHandler                 0x0800011f   Thumb Code     0  startup_stm32f103xb.o(.text)
    DMA1_Channel5_IRQHandler                 0x0800011f   Thumb Code     0  startup_stm32f103xb.o(.text)
    DMA1_Channel6_IRQHandler                 0x0800011f   Thumb Code     0  startup_stm32f103xb.o(.text)
    DMA1_Channel7_IRQHandler                 0x0800011f   Thumb Code     0  startup_stm32f103xb.o(.text)
    EXTI0_IRQHandler                         0x0800011f   Thumb Code     0  startup_stm32f103xb.o(.text)
    EXTI15_10_IRQHandler                     0x0800011f   Thumb Code     0  startup_stm32f103xb.o(.text)
    EXTI1_IRQHandler                         0x0800011f   Thumb Code     0  startup_stm32f103xb.o(.text)
    EXTI2_IRQHandler                         0x0800011f   Thumb Code     0  startup_stm32f103xb.o(.text)
    EXTI3_IRQHandler                         0x0800011f   Thumb Code     0  startup_stm32f103xb.o(.text)
    EXTI4_IRQHandler                         0x0800011f   Thumb Code     0  startup_stm32f103xb.o(.text)
    EXTI9_5_IRQHandler                       0x0800011f   Thumb Code     0  startup_stm32f103xb.o(.text)
    FLASH_IRQHandler                         0x0800011f   Thumb Code     0  startup_stm32f103xb.o(.text)
    I2C1_ER_IRQHandler                       0x0800011f   Thumb Code     0  startup_stm32f103xb.o(.text)
    I2C1_EV_IRQHandler                       0x0800011f   Thumb Code     0  startup_stm32f103xb.o(.text)
    I2C2_ER_IRQHandler                       0x0800011f   Thumb Code     0  startup_stm32f103xb.o(.text)
    I2C2_EV_IRQHandler                       0x0800011f   Thumb Code     0  startup_stm32f103xb.o(.text)
    PVD_IRQHandler                           0x0800011f   Thumb Code     0  startup_stm32f103xb.o(.text)
    RCC_IRQHandler                           0x0800011f   Thumb Code     0  startup_stm32f103xb.o(.text)
    RTC_Alarm_IRQHandler                     0x0800011f   Thumb Code     0  startup_stm32f103xb.o(.text)
    RTC_IRQHandler                           0x0800011f   Thumb Code     0  startup_stm32f103xb.o(.text)
    SPI1_IRQHandler                          0x0800011f   Thumb Code     0  startup_stm32f103xb.o(.text)
    SPI2_IRQHandler                          0x0800011f   Thumb Code     0  startup_stm32f103xb.o(.text)
    TAMPER_IRQHandler                        0x0800011f   Thumb Code     0  startup_stm32f103xb.o(.text)
    TIM1_BRK_IRQHandler                      0x0800011f   Thumb Code     0  startup_stm32f103xb.o(.text)
    TIM1_CC_IRQHandler                       0x0800011f   Thumb Code     0  startup_stm32f103xb.o(.text)
    TIM1_TRG_COM_IRQHandler                  0x0800011f   Thumb Code     0  startup_stm32f103xb.o(.text)
    TIM1_UP_IRQHandler                       0x0800011f   Thumb Code     0  startup_stm32f103xb.o(.text)
    TIM2_IRQHandler                          0x0800011f   Thumb Code     0  startup_stm32f103xb.o(.text)
    TIM3_IRQHandler                          0x0800011f   Thumb Code     0  startup_stm32f103xb.o(.text)
    TIM4_IRQHandler                          0x0800011f   Thumb Code     0  startup_stm32f103xb.o(.text)
    USART1_IRQHandler                        0x0800011f   Thumb Code     0  startup_stm32f103xb.o(.text)
    USART2_IRQHandler                        0x0800011f   Thumb Code     0  startup_stm32f103xb.o(.text)
    USART3_IRQHandler                        0x0800011f   Thumb Code     0  startup_stm32f103xb.o(.text)
    USBWakeUp_IRQHandler                     0x0800011f   Thumb Code     0  startup_stm32f103xb.o(.text)
    USB_HP_CAN1_TX_IRQHandler                0x0800011f   Thumb Code     0  startup_stm32f103xb.o(.text)
    WWDG_IRQHandler                          0x0800011f   Thumb Code     0  startup_stm32f103xb.o(.text)
    __aeabi_llsl                             0x08000129   Thumb Code    30  llshl.o(.text)
    _ll_shift_l                              0x08000129   Thumb Code     0  llshl.o(.text)
    __aeabi_llsr                             0x08000147   Thumb Code    32  llushr.o(.text)
    _ll_ushift_r                             0x08000147   Thumb Code     0  llushr.o(.text)
    __aeabi_memcpy                           0x08000167   Thumb Code    36  memcpya.o(.text)
    __aeabi_memcpy4                          0x08000167   Thumb Code     0  memcpya.o(.text)
    __aeabi_memcpy8                          0x08000167   Thumb Code     0  memcpya.o(.text)
    __aeabi_memset                           0x0800018b   Thumb Code    14  memseta.o(.text)
    __aeabi_memset4                          0x0800018b   Thumb Code     0  memseta.o(.text)
    __aeabi_memset8                          0x0800018b   Thumb Code     0  memseta.o(.text)
    __aeabi_memclr                           0x08000199   Thumb Code     4  memseta.o(.text)
    __aeabi_memclr4                          0x08000199   Thumb Code     0  memseta.o(.text)
    __aeabi_memclr8                          0x08000199   Thumb Code     0  memseta.o(.text)
    _memset$wrapper                          0x0800019d   Thumb Code    18  memseta.o(.text)
    memcmp                                   0x080001af   Thumb Code    26  memcmp.o(.text)
    __aeabi_fmul                             0x080001c9   Thumb Code   100  fmul.o(.text)
    __aeabi_f2uiz                            0x0800022d   Thumb Code    40  ffixui.o(.text)
    __aeabi_f2d                              0x08000255   Thumb Code    38  f2d.o(.text)
    __aeabi_cfrcmple                         0x0800027d   Thumb Code    20  cfrcmple.o(.text)
    __aeabi_uidiv                            0x08000291   Thumb Code     0  uidiv.o(.text)
    __aeabi_uidivmod                         0x08000291   Thumb Code    44  uidiv.o(.text)
    __aeabi_uldivmod                         0x080002bd   Thumb Code    98  uldiv.o(.text)
    __I$use$fp                               0x0800031f   Thumb Code     0  iusefp.o(.text)
    __aeabi_dadd                             0x0800031f   Thumb Code   322  dadd.o(.text)
    __aeabi_dsub                             0x08000461   Thumb Code     6  dadd.o(.text)
    __aeabi_drsub                            0x08000467   Thumb Code     6  dadd.o(.text)
    __aeabi_dmul                             0x0800046d   Thumb Code   228  dmul.o(.text)
    __aeabi_ddiv                             0x08000551   Thumb Code   222  ddiv.o(.text)
    __aeabi_d2ulz                            0x0800062f   Thumb Code    48  dfixul.o(.text)
    __aeabi_cdrcmple                         0x08000661   Thumb Code    48  cdrcmple.o(.text)
    __scatterload                            0x08000691   Thumb Code    28  init.o(.text)
    __scatterload_rt2                        0x08000691   Thumb Code     0  init.o(.text)
    __aeabi_lasr                             0x080006b5   Thumb Code    36  llsshr.o(.text)
    _ll_sshift_r                             0x080006b5   Thumb Code     0  llsshr.o(.text)
    _double_round                            0x080006d9   Thumb Code    30  depilogue.o(.text)
    _double_epilogue                         0x080006f7   Thumb Code   156  depilogue.o(.text)
    BusFault_Handler                         0x08000793   Thumb Code     2  stm32f1xx_it.o(i.BusFault_Handler)
    DebugMon_Handler                         0x08000795   Thumb Code     2  stm32f1xx_it.o(i.DebugMon_Handler)
    Error_Handler                            0x08000797   Thumb Code     4  main.o(i.Error_Handler)
    HAL_CAN_ActivateNotification             0x0800079b   Thumb Code    36  stm32f1xx_hal_can.o(i.HAL_CAN_ActivateNotification)
    HAL_CAN_AddTxMessage                     0x080007bf   Thumb Code   226  stm32f1xx_hal_can.o(i.HAL_CAN_AddTxMessage)
    HAL_CAN_ConfigFilter                     0x080008a1   Thumb Code   248  stm32f1xx_hal_can.o(i.HAL_CAN_ConfigFilter)
    HAL_CAN_ErrorCallback                    0x08000999   Thumb Code     2  stm32f1xx_hal_can.o(i.HAL_CAN_ErrorCallback)
    HAL_CAN_GetRxFifoFillLevel               0x0800099b   Thumb Code    38  stm32f1xx_hal_can.o(i.HAL_CAN_GetRxFifoFillLevel)
    HAL_CAN_GetRxMessage                     0x080009c1   Thumb Code   274  stm32f1xx_hal_can.o(i.HAL_CAN_GetRxMessage)
    HAL_CAN_IRQHandler                       0x08000ad3   Thumb Code   508  stm32f1xx_hal_can.o(i.HAL_CAN_IRQHandler)
    HAL_CAN_Init                             0x08000ccf   Thumb Code   338  stm32f1xx_hal_can.o(i.HAL_CAN_Init)
    HAL_CAN_MspInit                          0x08000e21   Thumb Code   112  can.o(i.HAL_CAN_MspInit)
    HAL_CAN_RxFifo0FullCallback              0x08000e9d   Thumb Code     2  stm32f1xx_hal_can.o(i.HAL_CAN_RxFifo0FullCallback)
    HAL_CAN_RxFifo0MsgPendingCallback        0x08000ea1   Thumb Code    64  main.o(i.HAL_CAN_RxFifo0MsgPendingCallback)
    HAL_CAN_RxFifo1FullCallback              0x08000ee5   Thumb Code     2  stm32f1xx_hal_can.o(i.HAL_CAN_RxFifo1FullCallback)
    HAL_CAN_RxFifo1MsgPendingCallback        0x08000ee7   Thumb Code     2  stm32f1xx_hal_can.o(i.HAL_CAN_RxFifo1MsgPendingCallback)
    HAL_CAN_SleepCallback                    0x08000ee9   Thumb Code     2  stm32f1xx_hal_can.o(i.HAL_CAN_SleepCallback)
    HAL_CAN_Start                            0x08000eeb   Thumb Code    88  stm32f1xx_hal_can.o(i.HAL_CAN_Start)
    HAL_CAN_TxMailbox0AbortCallback          0x08000f43   Thumb Code     2  stm32f1xx_hal_can.o(i.HAL_CAN_TxMailbox0AbortCallback)
    HAL_CAN_TxMailbox0CompleteCallback       0x08000f45   Thumb Code     2  stm32f1xx_hal_can.o(i.HAL_CAN_TxMailbox0CompleteCallback)
    HAL_CAN_TxMailbox1AbortCallback          0x08000f47   Thumb Code     2  stm32f1xx_hal_can.o(i.HAL_CAN_TxMailbox1AbortCallback)
    HAL_CAN_TxMailbox1CompleteCallback       0x08000f49   Thumb Code     2  stm32f1xx_hal_can.o(i.HAL_CAN_TxMailbox1CompleteCallback)
    HAL_CAN_TxMailbox2AbortCallback          0x08000f4b   Thumb Code     2  stm32f1xx_hal_can.o(i.HAL_CAN_TxMailbox2AbortCallback)
    HAL_CAN_TxMailbox2CompleteCallback       0x08000f4d   Thumb Code     2  stm32f1xx_hal_can.o(i.HAL_CAN_TxMailbox2CompleteCallback)
    HAL_CAN_WakeUpFromRxMsgCallback          0x08000f4f   Thumb Code     2  stm32f1xx_hal_can.o(i.HAL_CAN_WakeUpFromRxMsgCallback)
    HAL_Delay                                0x08000f51   Thumb Code    32  stm32f1xx_hal.o(i.HAL_Delay)
    HAL_GPIO_Init                            0x08000f75   Thumb Code   464  stm32f1xx_hal_gpio.o(i.HAL_GPIO_Init)
    HAL_GPIO_TogglePin                       0x08001165   Thumb Code    16  stm32f1xx_hal_gpio.o(i.HAL_GPIO_TogglePin)
    HAL_GPIO_WritePin                        0x08001175   Thumb Code    14  stm32f1xx_hal_gpio.o(i.HAL_GPIO_WritePin)
    HAL_GetTick                              0x08001185   Thumb Code     6  stm32f1xx_hal.o(i.HAL_GetTick)
    HAL_IncTick                              0x08001191   Thumb Code    12  stm32f1xx_hal.o(i.HAL_IncTick)
    HAL_Init                                 0x080011a1   Thumb Code    32  stm32f1xx_hal.o(i.HAL_Init)
    HAL_InitTick                             0x080011c5   Thumb Code    58  stm32f1xx_hal.o(i.HAL_InitTick)
    HAL_MspInit                              0x08001209   Thumb Code    52  stm32f1xx_hal_msp.o(i.HAL_MspInit)
    HAL_NVIC_EnableIRQ                       0x08001245   Thumb Code    26  stm32f1xx_hal_cortex.o(i.HAL_NVIC_EnableIRQ)
    HAL_NVIC_SetPriority                     0x08001261   Thumb Code    60  stm32f1xx_hal_cortex.o(i.HAL_NVIC_SetPriority)
    HAL_NVIC_SetPriorityGrouping             0x080012a1   Thumb Code    26  stm32f1xx_hal_cortex.o(i.HAL_NVIC_SetPriorityGrouping)
    HAL_RCC_ClockConfig                      0x080012c5   Thumb Code   318  stm32f1xx_hal_rcc.o(i.HAL_RCC_ClockConfig)
    HAL_RCC_GetHCLKFreq                      0x08001419   Thumb Code     6  stm32f1xx_hal_rcc.o(i.HAL_RCC_GetHCLKFreq)
    HAL_RCC_GetPCLK1Freq                     0x08001425   Thumb Code    22  stm32f1xx_hal_rcc.o(i.HAL_RCC_GetPCLK1Freq)
    HAL_RCC_GetPCLK2Freq                     0x08001445   Thumb Code    22  stm32f1xx_hal_rcc.o(i.HAL_RCC_GetPCLK2Freq)
    HAL_RCC_GetSysClockFreq                  0x08001465   Thumb Code    58  stm32f1xx_hal_rcc.o(i.HAL_RCC_GetSysClockFreq)
    HAL_RCC_OscConfig                        0x080014b1   Thumb Code   882  stm32f1xx_hal_rcc.o(i.HAL_RCC_OscConfig)
    HAL_SYSTICK_Config                       0x08001835   Thumb Code    40  stm32f1xx_hal_cortex.o(i.HAL_SYSTICK_Config)
    HAL_TIMEx_MasterConfigSynchronization    0x0800185d   Thumb Code    90  stm32f1xx_hal_tim_ex.o(i.HAL_TIMEx_MasterConfigSynchronization)
    HAL_TIM_Base_Init                        0x080018c5   Thumb Code    74  stm32f1xx_hal_tim.o(i.HAL_TIM_Base_Init)
    HAL_TIM_Base_MspInit                     0x08001911   Thumb Code    30  tim.o(i.HAL_TIM_Base_MspInit)
    HAL_TIM_ConfigClockSource                0x08001935   Thumb Code   232  stm32f1xx_hal_tim.o(i.HAL_TIM_ConfigClockSource)
    HAL_TIM_MspPostInit                      0x08001a1d   Thumb Code    62  tim.o(i.HAL_TIM_MspPostInit)
    HAL_TIM_PWM_ConfigChannel                0x08001a65   Thumb Code   216  stm32f1xx_hal_tim.o(i.HAL_TIM_PWM_ConfigChannel)
    HAL_TIM_PWM_Init                         0x08001b3d   Thumb Code    74  stm32f1xx_hal_tim.o(i.HAL_TIM_PWM_Init)
    HAL_TIM_PWM_MspInit                      0x08001b87   Thumb Code     2  stm32f1xx_hal_tim.o(i.HAL_TIM_PWM_MspInit)
    HAL_TIM_PWM_Start                        0x08001b89   Thumb Code   160  stm32f1xx_hal_tim.o(i.HAL_TIM_PWM_Start)
    HAL_UART_Init                            0x08001c35   Thumb Code   102  stm32f1xx_hal_uart.o(i.HAL_UART_Init)
    HAL_UART_MspInit                         0x08001c9d   Thumb Code   100  usart.o(i.HAL_UART_MspInit)
    HAL_UART_Transmit                        0x08001d0d   Thumb Code   174  stm32f1xx_hal_uart.o(i.HAL_UART_Transmit)
    HardFault_Handler                        0x08001dbb   Thumb Code     2  stm32f1xx_it.o(i.HardFault_Handler)
    MX_CAN_Init                              0x08001dbd   Thumb Code    58  can.o(i.MX_CAN_Init)
    MX_GPIO_Init                             0x08001e01   Thumb Code   104  gpio.o(i.MX_GPIO_Init)
    MX_TIM2_Init                             0x08001e71   Thumb Code   198  tim.o(i.MX_TIM2_Init)
    MX_USART1_UART_Init                      0x08001f3d   Thumb Code    48  usart.o(i.MX_USART1_UART_Init)
    MemManage_Handler                        0x08001f75   Thumb Code     2  stm32f1xx_it.o(i.MemManage_Handler)
    NMI_Handler                              0x08001f77   Thumb Code     2  stm32f1xx_it.o(i.NMI_Handler)
    PendSV_Handler                           0x08001f79   Thumb Code     2  stm32f1xx_it.o(i.PendSV_Handler)
    SVC_Handler                              0x08001fa1   Thumb Code     2  stm32f1xx_it.o(i.SVC_Handler)
    SysTick_Handler                          0x08001fa3   Thumb Code     4  stm32f1xx_it.o(i.SysTick_Handler)
    SystemClock_Config                       0x08001fa7   Thumb Code    94  main.o(i.SystemClock_Config)
    SystemInit                               0x08002005   Thumb Code     2  system_stm32f1xx.o(i.SystemInit)
    TIM_Base_SetConfig                       0x08002009   Thumb Code   108  stm32f1xx_hal_tim.o(i.TIM_Base_SetConfig)
    TIM_CCxChannelCmd                        0x08002081   Thumb Code    26  stm32f1xx_hal_tim.o(i.TIM_CCxChannelCmd)
    TIM_ETR_SetConfig                        0x0800209b   Thumb Code    20  stm32f1xx_hal_tim.o(i.TIM_ETR_SetConfig)
    TIM_OC2_SetConfig                        0x08002121   Thumb Code    94  stm32f1xx_hal_tim.o(i.TIM_OC2_SetConfig)
    USB_LP_CAN1_RX0_IRQHandler               0x080023ed   Thumb Code     6  stm32f1xx_it.o(i.USB_LP_CAN1_RX0_IRQHandler)
    UsageFault_Handler                       0x080023f9   Thumb Code     2  stm32f1xx_it.o(i.UsageFault_Handler)
    __0printf                                0x080023fd   Thumb Code    22  printfa.o(i.__0printf)
    __1printf                                0x080023fd   Thumb Code     0  printfa.o(i.__0printf)
    __2printf                                0x080023fd   Thumb Code     0  printfa.o(i.__0printf)
    __c89printf                              0x080023fd   Thumb Code     0  printfa.o(i.__0printf)
    printf                                   0x080023fd   Thumb Code     0  printfa.o(i.__0printf)
    __scatterload_copy                       0x0800243d   Thumb Code    14  handlers.o(i.__scatterload_copy)
    __scatterload_null                       0x0800244b   Thumb Code     2  handlers.o(i.__scatterload_null)
    __scatterload_zeroinit                   0x0800244d   Thumb Code    14  handlers.o(i.__scatterload_zeroinit)
    canardBroadcast                          0x08002e53   Thumb Code    64  canard.o(i.canardBroadcast)
    canardBroadcastObj                       0x08002e93   Thumb Code   172  canard.o(i.canardBroadcastObj)
    canardCleanupStaleTransfers              0x08002f49   Thumb Code   132  canard.o(i.canardCleanupStaleTransfers)
    canardConvertFloat16ToNativeFloat        0x08002fd1   Thumb Code    52  canard.o(i.canardConvertFloat16ToNativeFloat)
    canardDecodeScalar                       0x08003009   Thumb Code   418  canard.o(i.canardDecodeScalar)
    canardDynIDClientGetNodeID               0x080031ab   Thumb Code     4  canard_dynamic_node_id_client.o(i.canardDynIDClientGetNodeID)
    canardDynIDClientHandleAllocationResponse 0x080031af   Thumb Code    56  canard_dynamic_node_id_client.o(i.canardDynIDClientHandleAllocationResponse)
    canardDynIDClientInit                    0x080031e7   Thumb Code    28  canard_dynamic_node_id_client.o(i.canardDynIDClientInit)
    canardDynIDClientStart                   0x08003205   Thumb Code    78  canard_dynamic_node_id_client.o(i.canardDynIDClientStart)
    canardEncodeScalar                       0x0800325d   Thumb Code   152  canard.o(i.canardEncodeScalar)
    canardGetLocalNodeID                     0x080032f5   Thumb Code     4  canard.o(i.canardGetLocalNodeID)
    canardHandleRxFrame                      0x080032f9   Thumb Code  1074  canard.o(i.canardHandleRxFrame)
    canardInit                               0x08003739   Thumb Code    70  canard.o(i.canardInit)
    canardPeekTxQueue                        0x0800377f   Thumb Code    14  canard.o(i.canardPeekTxQueue)
    canardPopTxQueue                         0x0800378d   Thumb Code    12  canard.o(i.canardPopTxQueue)
    canardReleaseRxTransferPayload           0x08003799   Thumb Code    36  canard.o(i.canardReleaseRxTransferPayload)
    canardSetLocalNodeID                     0x080037c5   Thumb Code    18  canard.o(i.canardSetLocalNodeID)
    extractDataType                          0x08003be9   Thumb Code    34  canard.o(i.extractDataType)
    extractTransferType                      0x08003c0b   Thumb Code    24  canard.o(i.extractTransferType)
    fputc                                    0x08003c45   Thumb Code    20  main.o(i.fputc)
    main                                     0x08003d01   Thumb Code   318  main.o(i.main)
    onTransferReception                      0x08003e9d   Thumb Code    64  main.o(i.onTransferReception)
    processActuatorCommands                  0x08003f2d   Thumb Code   156  main.o(i.processActuatorCommands)
    processCanTxQueue                        0x0800402d   Thumb Code    74  main.o(i.processCanTxQueue)
    read_unique_id                           0x080040c9   Thumb Code    64  main.o(i.read_unique_id)
    shouldAcceptTransfer                     0x08004149   Thumb Code    62  main.o(i.shouldAcceptTransfer)
    uavcan_equipment_actuator_ArrayCommand_decode 0x080041ef   Thumb Code    22  actuator_arraycommand.o(i.uavcan_equipment_actuator_ArrayCommand_decode)
    uavcan_equipment_actuator_ArrayCommand_decode_internal 0x08004205   Thumb Code   106  actuator_arraycommand.o(i.uavcan_equipment_actuator_ArrayCommand_decode_internal)
    uavcan_equipment_actuator_Command_decode_internal 0x0800426f   Thumb Code   100  actuator_command.o(i.uavcan_equipment_actuator_Command_decode_internal)
    uavcan_protocol_dynamic_node_id_Allocation_decode 0x080042d3   Thumb Code    22  dynamic_node_id_allocation.o(i.uavcan_protocol_dynamic_node_id_Allocation_decode)
    uavcan_protocol_dynamic_node_id_Allocation_decode_internal 0x080042e9   Thumb Code   164  dynamic_node_id_allocation.o(i.uavcan_protocol_dynamic_node_id_Allocation_decode_internal)
    uavcan_protocol_dynamic_node_id_Allocation_encode 0x0800438d   Thumb Code    16  dynamic_node_id_allocation.o(i.uavcan_protocol_dynamic_node_id_Allocation_encode)
    uavcan_protocol_dynamic_node_id_Allocation_encode_internal 0x0800439d   Thumb Code   118  dynamic_node_id_allocation.o(i.uavcan_protocol_dynamic_node_id_Allocation_encode_internal)
    AHBPrescTable                            0x08004452   Data          16  system_stm32f1xx.o(.constdata)
    APBPrescTable                            0x08004462   Data           8  system_stm32f1xx.o(.constdata)
    Region$$Table$$Base                      0x0800446c   Number         0  anon$$obj.o(Region$$Table)
    Region$$Table$$Limit                     0x0800448c   Number         0  anon$$obj.o(Region$$Table)
    uwTickFreq                               0x2000000c   Data           1  stm32f1xx_hal.o(.data)
    uwTickPrio                               0x20000010   Data           4  stm32f1xx_hal.o(.data)
    uwTick                                   0x20000014   Data           4  stm32f1xx_hal.o(.data)
    SystemCoreClock                          0x20000018   Data           4  system_stm32f1xx.o(.data)
    __stdout                                 0x2000001c   Data           4  stdout.o(.data)
    canard_ins                               0x20000020   Data          44  main.o(.bss)
    canard_memory_pool                       0x2000004c   Data        4096  main.o(.bss)
    dynid_client                             0x2000104c   Data          18  main.o(.bss)
    node_unique_id                           0x2000105e   Data          16  main.o(.bss)
    hcan                                     0x20001070   Data          40  can.o(.bss)
    htim2                                    0x20001098   Data          72  tim.o(.bss)
    huart1                                   0x200010e0   Data          72  usart.o(.bss)
    __initial_sp                             0x20003128   Data           0  startup_stm32f103xb.o(STACK)



==============================================================================

Memory Map of the image

  Image Entry point : 0x080000ed

  Load Region LR_IROM1 (Base: 0x08000000, Size: 0x000044ac, Max: 0x00010000, ABSOLUTE)

    Execution Region ER_IROM1 (Exec base: 0x08000000, Load base: 0x08000000, Size: 0x0000448c, Max: 0x00010000, ABSOLUTE)

    Exec Addr    Load Addr    Size         Type   Attr      Idx    E Section Name        Object

    0x08000000   0x08000000   0x000000ec   Data   RO            3    RESET               startup_stm32f103xb.o
    0x080000ec   0x080000ec   0x00000000   Code   RO         3631  * .ARM.Collect$$$$00000000  mc_w.l(entry.o)
    0x080000ec   0x080000ec   0x00000004   Code   RO         3915    .ARM.Collect$$$$00000001  mc_w.l(entry2.o)
    0x080000f0   0x080000f0   0x00000004   Code   RO         3918    .ARM.Collect$$$$00000004  mc_w.l(entry5.o)
    0x080000f4   0x080000f4   0x00000000   Code   RO         3920    .ARM.Collect$$$$00000008  mc_w.l(entry7b.o)
    0x080000f4   0x080000f4   0x00000000   Code   RO         3922    .ARM.Collect$$$$0000000A  mc_w.l(entry8b.o)
    0x080000f4   0x080000f4   0x00000008   Code   RO         3923    .ARM.Collect$$$$0000000B  mc_w.l(entry9a.o)
    0x080000fc   0x080000fc   0x00000004   Code   RO         3930    .ARM.Collect$$$$0000000E  mc_w.l(entry12b.o)
    0x08000100   0x08000100   0x00000000   Code   RO         3925    .ARM.Collect$$$$0000000F  mc_w.l(entry10a.o)
    0x08000100   0x08000100   0x00000000   Code   RO         3927    .ARM.Collect$$$$00000011  mc_w.l(entry11a.o)
    0x08000100   0x08000100   0x00000004   Code   RO         3916    .ARM.Collect$$$$00002712  mc_w.l(entry2.o)
    0x08000104   0x08000104   0x00000024   Code   RO            4    .text               startup_stm32f103xb.o
    0x08000128   0x08000128   0x0000001e   Code   RO         3634    .text               mc_w.l(llshl.o)
    0x08000146   0x08000146   0x00000020   Code   RO         3636    .text               mc_w.l(llushr.o)
    0x08000166   0x08000166   0x00000024   Code   RO         3638    .text               mc_w.l(memcpya.o)
    0x0800018a   0x0800018a   0x00000024   Code   RO         3640    .text               mc_w.l(memseta.o)
    0x080001ae   0x080001ae   0x0000001a   Code   RO         3642    .text               mc_w.l(memcmp.o)
    0x080001c8   0x080001c8   0x00000064   Code   RO         3907    .text               mf_w.l(fmul.o)
    0x0800022c   0x0800022c   0x00000028   Code   RO         3909    .text               mf_w.l(ffixui.o)
    0x08000254   0x08000254   0x00000026   Code   RO         3911    .text               mf_w.l(f2d.o)
    0x0800027a   0x0800027a   0x00000002   PAD
    0x0800027c   0x0800027c   0x00000014   Code   RO         3913    .text               mf_w.l(cfrcmple.o)
    0x08000290   0x08000290   0x0000002c   Code   RO         3932    .text               mc_w.l(uidiv.o)
    0x080002bc   0x080002bc   0x00000062   Code   RO         3934    .text               mc_w.l(uldiv.o)
    0x0800031e   0x0800031e   0x00000000   Code   RO         3936    .text               mc_w.l(iusefp.o)
    0x0800031e   0x0800031e   0x0000014e   Code   RO         3937    .text               mf_w.l(dadd.o)
    0x0800046c   0x0800046c   0x000000e4   Code   RO         3939    .text               mf_w.l(dmul.o)
    0x08000550   0x08000550   0x000000de   Code   RO         3941    .text               mf_w.l(ddiv.o)
    0x0800062e   0x0800062e   0x00000030   Code   RO         3943    .text               mf_w.l(dfixul.o)
    0x0800065e   0x0800065e   0x00000002   PAD
    0x08000660   0x08000660   0x00000030   Code   RO         3945    .text               mf_w.l(cdrcmple.o)
    0x08000690   0x08000690   0x00000024   Code   RO         3947    .text               mc_w.l(init.o)
    0x080006b4   0x080006b4   0x00000024   Code   RO         3949    .text               mc_w.l(llsshr.o)
    0x080006d8   0x080006d8   0x000000ba   Code   RO         3951    .text               mf_w.l(depilogue.o)
    0x08000792   0x08000792   0x00000002   Code   RO          797    i.BusFault_Handler  stm32f1xx_it.o
    0x08000794   0x08000794   0x00000002   Code   RO          798    i.DebugMon_Handler  stm32f1xx_it.o
    0x08000796   0x08000796   0x00000004   Code   RO          431    i.Error_Handler     main.o
    0x0800079a   0x0800079a   0x00000024   Code   RO         1003    i.HAL_CAN_ActivateNotification  stm32f1xx_hal_can.o
    0x080007be   0x080007be   0x000000e2   Code   RO         1004    i.HAL_CAN_AddTxMessage  stm32f1xx_hal_can.o
    0x080008a0   0x080008a0   0x000000f8   Code   RO         1005    i.HAL_CAN_ConfigFilter  stm32f1xx_hal_can.o
    0x08000998   0x08000998   0x00000002   Code   RO         1008    i.HAL_CAN_ErrorCallback  stm32f1xx_hal_can.o
    0x0800099a   0x0800099a   0x00000026   Code   RO         1010    i.HAL_CAN_GetRxFifoFillLevel  stm32f1xx_hal_can.o
    0x080009c0   0x080009c0   0x00000112   Code   RO         1011    i.HAL_CAN_GetRxMessage  stm32f1xx_hal_can.o
    0x08000ad2   0x08000ad2   0x000001fc   Code   RO         1015    i.HAL_CAN_IRQHandler  stm32f1xx_hal_can.o
    0x08000cce   0x08000cce   0x00000152   Code   RO         1016    i.HAL_CAN_Init      stm32f1xx_hal_can.o
    0x08000e20   0x08000e20   0x0000007c   Code   RO          666    i.HAL_CAN_MspInit   can.o
    0x08000e9c   0x08000e9c   0x00000002   Code   RO         1023    i.HAL_CAN_RxFifo0FullCallback  stm32f1xx_hal_can.o
    0x08000e9e   0x08000e9e   0x00000002   PAD
    0x08000ea0   0x08000ea0   0x00000044   Code   RO          432    i.HAL_CAN_RxFifo0MsgPendingCallback  main.o
    0x08000ee4   0x08000ee4   0x00000002   Code   RO         1025    i.HAL_CAN_RxFifo1FullCallback  stm32f1xx_hal_can.o
    0x08000ee6   0x08000ee6   0x00000002   Code   RO         1026    i.HAL_CAN_RxFifo1MsgPendingCallback  stm32f1xx_hal_can.o
    0x08000ee8   0x08000ee8   0x00000002   Code   RO         1027    i.HAL_CAN_SleepCallback  stm32f1xx_hal_can.o
    0x08000eea   0x08000eea   0x00000058   Code   RO         1028    i.HAL_CAN_Start     stm32f1xx_hal_can.o
    0x08000f42   0x08000f42   0x00000002   Code   RO         1030    i.HAL_CAN_TxMailbox0AbortCallback  stm32f1xx_hal_can.o
    0x08000f44   0x08000f44   0x00000002   Code   RO         1031    i.HAL_CAN_TxMailbox0CompleteCallback  stm32f1xx_hal_can.o
    0x08000f46   0x08000f46   0x00000002   Code   RO         1032    i.HAL_CAN_TxMailbox1AbortCallback  stm32f1xx_hal_can.o
    0x08000f48   0x08000f48   0x00000002   Code   RO         1033    i.HAL_CAN_TxMailbox1CompleteCallback  stm32f1xx_hal_can.o
    0x08000f4a   0x08000f4a   0x00000002   Code   RO         1034    i.HAL_CAN_TxMailbox2AbortCallback  stm32f1xx_hal_can.o
    0x08000f4c   0x08000f4c   0x00000002   Code   RO         1035    i.HAL_CAN_TxMailbox2CompleteCallback  stm32f1xx_hal_can.o
    0x08000f4e   0x08000f4e   0x00000002   Code   RO         1037    i.HAL_CAN_WakeUpFromRxMsgCallback  stm32f1xx_hal_can.o
    0x08000f50   0x08000f50   0x00000024   Code   RO         1243    i.HAL_Delay         stm32f1xx_hal.o
    0x08000f74   0x08000f74   0x000001f0   Code   RO         1558    i.HAL_GPIO_Init     stm32f1xx_hal_gpio.o
    0x08001164   0x08001164   0x00000010   Code   RO         1561    i.HAL_GPIO_TogglePin  stm32f1xx_hal_gpio.o
    0x08001174   0x08001174   0x0000000e   Code   RO         1562    i.HAL_GPIO_WritePin  stm32f1xx_hal_gpio.o
    0x08001182   0x08001182   0x00000002   PAD
    0x08001184   0x08001184   0x0000000c   Code   RO         1247    i.HAL_GetTick       stm32f1xx_hal.o
    0x08001190   0x08001190   0x00000010   Code   RO         1253    i.HAL_IncTick       stm32f1xx_hal.o
    0x080011a0   0x080011a0   0x00000024   Code   RO         1254    i.HAL_Init          stm32f1xx_hal.o
    0x080011c4   0x080011c4   0x00000044   Code   RO         1255    i.HAL_InitTick      stm32f1xx_hal.o
    0x08001208   0x08001208   0x0000003c   Code   RO          879    i.HAL_MspInit       stm32f1xx_hal_msp.o
    0x08001244   0x08001244   0x0000001a   Code   RO         1718    i.HAL_NVIC_EnableIRQ  stm32f1xx_hal_cortex.o
    0x0800125e   0x0800125e   0x00000002   PAD
    0x08001260   0x08001260   0x00000040   Code   RO         1724    i.HAL_NVIC_SetPriority  stm32f1xx_hal_cortex.o
    0x080012a0   0x080012a0   0x00000024   Code   RO         1725    i.HAL_NVIC_SetPriorityGrouping  stm32f1xx_hal_cortex.o
    0x080012c4   0x080012c4   0x00000154   Code   RO         1411    i.HAL_RCC_ClockConfig  stm32f1xx_hal_rcc.o
    0x08001418   0x08001418   0x0000000c   Code   RO         1416    i.HAL_RCC_GetHCLKFreq  stm32f1xx_hal_rcc.o
    0x08001424   0x08001424   0x00000020   Code   RO         1418    i.HAL_RCC_GetPCLK1Freq  stm32f1xx_hal_rcc.o
    0x08001444   0x08001444   0x00000020   Code   RO         1419    i.HAL_RCC_GetPCLK2Freq  stm32f1xx_hal_rcc.o
    0x08001464   0x08001464   0x0000004c   Code   RO         1420    i.HAL_RCC_GetSysClockFreq  stm32f1xx_hal_rcc.o
    0x080014b0   0x080014b0   0x00000384   Code   RO         1423    i.HAL_RCC_OscConfig  stm32f1xx_hal_rcc.o
    0x08001834   0x08001834   0x00000028   Code   RO         1729    i.HAL_SYSTICK_Config  stm32f1xx_hal_cortex.o
    0x0800185c   0x0800185c   0x00000068   Code   RO         2975    i.HAL_TIMEx_MasterConfigSynchronization  stm32f1xx_hal_tim_ex.o
    0x080018c4   0x080018c4   0x0000004a   Code   RO         2241    i.HAL_TIM_Base_Init  stm32f1xx_hal_tim.o
    0x0800190e   0x0800190e   0x00000002   PAD
    0x08001910   0x08001910   0x00000024   Code   RO          708    i.HAL_TIM_Base_MspInit  tim.o
    0x08001934   0x08001934   0x000000e8   Code   RO         2250    i.HAL_TIM_ConfigClockSource  stm32f1xx_hal_tim.o
    0x08001a1c   0x08001a1c   0x00000048   Code   RO          709    i.HAL_TIM_MspPostInit  tim.o
    0x08001a64   0x08001a64   0x000000d8   Code   RO         2313    i.HAL_TIM_PWM_ConfigChannel  stm32f1xx_hal_tim.o
    0x08001b3c   0x08001b3c   0x0000004a   Code   RO         2316    i.HAL_TIM_PWM_Init  stm32f1xx_hal_tim.o
    0x08001b86   0x08001b86   0x00000002   Code   RO         2318    i.HAL_TIM_PWM_MspInit  stm32f1xx_hal_tim.o
    0x08001b88   0x08001b88   0x000000ac   Code   RO         2321    i.HAL_TIM_PWM_Start  stm32f1xx_hal_tim.o
    0x08001c34   0x08001c34   0x00000066   Code   RO         3253    i.HAL_UART_Init     stm32f1xx_hal_uart.o
    0x08001c9a   0x08001c9a   0x00000002   PAD
    0x08001c9c   0x08001c9c   0x00000070   Code   RO          756    i.HAL_UART_MspInit  usart.o
    0x08001d0c   0x08001d0c   0x000000ae   Code   RO         3261    i.HAL_UART_Transmit  stm32f1xx_hal_uart.o
    0x08001dba   0x08001dba   0x00000002   Code   RO          799    i.HardFault_Handler  stm32f1xx_it.o
    0x08001dbc   0x08001dbc   0x00000044   Code   RO          667    i.MX_CAN_Init       can.o
    0x08001e00   0x08001e00   0x00000070   Code   RO          638    i.MX_GPIO_Init      gpio.o
    0x08001e70   0x08001e70   0x000000cc   Code   RO          710    i.MX_TIM2_Init      tim.o
    0x08001f3c   0x08001f3c   0x00000038   Code   RO          757    i.MX_USART1_UART_Init  usart.o
    0x08001f74   0x08001f74   0x00000002   Code   RO          800    i.MemManage_Handler  stm32f1xx_it.o
    0x08001f76   0x08001f76   0x00000002   Code   RO          801    i.NMI_Handler       stm32f1xx_it.o
    0x08001f78   0x08001f78   0x00000002   Code   RO          802    i.PendSV_Handler    stm32f1xx_it.o
    0x08001f7a   0x08001f7a   0x00000002   PAD
    0x08001f7c   0x08001f7c   0x00000024   Code   RO         1424    i.RCC_Delay         stm32f1xx_hal_rcc.o
    0x08001fa0   0x08001fa0   0x00000002   Code   RO          803    i.SVC_Handler       stm32f1xx_it.o
    0x08001fa2   0x08001fa2   0x00000004   Code   RO          804    i.SysTick_Handler   stm32f1xx_it.o
    0x08001fa6   0x08001fa6   0x0000005e   Code   RO          433    i.SystemClock_Config  main.o
    0x08002004   0x08002004   0x00000002   Code   RO         3597    i.SystemInit        system_stm32f1xx.o
    0x08002006   0x08002006   0x00000002   PAD
    0x08002008   0x08002008   0x00000078   Code   RO         2334    i.TIM_Base_SetConfig  stm32f1xx_hal_tim.o
    0x08002080   0x08002080   0x0000001a   Code   RO         2335    i.TIM_CCxChannelCmd  stm32f1xx_hal_tim.o
    0x0800209a   0x0800209a   0x00000014   Code   RO         2345    i.TIM_ETR_SetConfig  stm32f1xx_hal_tim.o
    0x080020ae   0x080020ae   0x00000010   Code   RO         2346    i.TIM_ITRx_SetConfig  stm32f1xx_hal_tim.o
    0x080020be   0x080020be   0x00000002   PAD
    0x080020c0   0x080020c0   0x00000060   Code   RO         2347    i.TIM_OC1_SetConfig  stm32f1xx_hal_tim.o
    0x08002120   0x08002120   0x00000064   Code   RO         2348    i.TIM_OC2_SetConfig  stm32f1xx_hal_tim.o
    0x08002184   0x08002184   0x00000060   Code   RO         2349    i.TIM_OC3_SetConfig  stm32f1xx_hal_tim.o
    0x080021e4   0x080021e4   0x00000048   Code   RO         2350    i.TIM_OC4_SetConfig  stm32f1xx_hal_tim.o
    0x0800222c   0x0800222c   0x00000022   Code   RO         2352    i.TIM_TI1_ConfigInputStage  stm32f1xx_hal_tim.o
    0x0800224e   0x0800224e   0x00000024   Code   RO         2354    i.TIM_TI2_ConfigInputStage  stm32f1xx_hal_tim.o
    0x08002272   0x08002272   0x0000004e   Code   RO         3276    i.UART_EndRxTransfer  stm32f1xx_hal_uart.o
    0x080022c0   0x080022c0   0x000000b8   Code   RO         3280    i.UART_SetConfig    stm32f1xx_hal_uart.o
    0x08002378   0x08002378   0x00000074   Code   RO         3284    i.UART_WaitOnFlagUntilTimeout  stm32f1xx_hal_uart.o
    0x080023ec   0x080023ec   0x0000000c   Code   RO          805    i.USB_LP_CAN1_RX0_IRQHandler  stm32f1xx_it.o
    0x080023f8   0x080023f8   0x00000002   Code   RO          806    i.UsageFault_Handler  stm32f1xx_it.o
    0x080023fa   0x080023fa   0x00000002   PAD
    0x080023fc   0x080023fc   0x00000020   Code   RO         3879    i.__0printf         mc_w.l(printfa.o)
    0x0800241c   0x0800241c   0x00000020   Code   RO         1731    i.__NVIC_SetPriority  stm32f1xx_hal_cortex.o
    0x0800243c   0x0800243c   0x0000000e   Code   RO         3955    i.__scatterload_copy  mc_w.l(handlers.o)
    0x0800244a   0x0800244a   0x00000002   Code   RO         3956    i.__scatterload_null  mc_w.l(handlers.o)
    0x0800244c   0x0800244c   0x0000000e   Code   RO         3957    i.__scatterload_zeroinit  mc_w.l(handlers.o)
    0x0800245a   0x0800245a   0x00000002   PAD
    0x0800245c   0x0800245c   0x00000184   Code   RO         3886    i._fp_digits        mc_w.l(printfa.o)
    0x080025e0   0x080025e0   0x000006b4   Code   RO         3887    i._printf_core      mc_w.l(printfa.o)
    0x08002c94   0x08002c94   0x00000024   Code   RO         3888    i._printf_post_padding  mc_w.l(printfa.o)
    0x08002cb8   0x08002cb8   0x0000002e   Code   RO         3889    i._printf_pre_padding  mc_w.l(printfa.o)
    0x08002ce6   0x08002ce6   0x00000022   Code   RO           10    i.allocateBlock     canard.o
    0x08002d08   0x08002d08   0x00000126   Code   RO           11    i.bufferBlockPushBytes  canard.o
    0x08002e2e   0x08002e2e   0x00000024   Code   RO           12    i.calculateCRC      canard.o
    0x08002e52   0x08002e52   0x00000040   Code   RO           13    i.canardBroadcast   canard.o
    0x08002e92   0x08002e92   0x000000ac   Code   RO           14    i.canardBroadcastObj  canard.o
    0x08002f3e   0x08002f3e   0x00000004   Code   RO           15    i.canardBufferFromIdx  canard.o
    0x08002f42   0x08002f42   0x00000004   Code   RO           16    i.canardBufferToIdx  canard.o
    0x08002f46   0x08002f46   0x00000002   PAD
    0x08002f48   0x08002f48   0x00000088   Code   RO           17    i.canardCleanupStaleTransfers  canard.o
    0x08002fd0   0x08002fd0   0x00000038   Code   RO           18    i.canardConvertFloat16ToNativeFloat  canard.o
    0x08003008   0x08003008   0x000001a2   Code   RO           20    i.canardDecodeScalar  canard.o
    0x080031aa   0x080031aa   0x00000004   Code   RO          900    i.canardDynIDClientGetNodeID  canard_dynamic_node_id_client.o
    0x080031ae   0x080031ae   0x00000038   Code   RO          901    i.canardDynIDClientHandleAllocationResponse  canard_dynamic_node_id_client.o
    0x080031e6   0x080031e6   0x0000001c   Code   RO          902    i.canardDynIDClientInit  canard_dynamic_node_id_client.o
    0x08003202   0x08003202   0x00000002   PAD
    0x08003204   0x08003204   0x00000058   Code   RO          903    i.canardDynIDClientStart  canard_dynamic_node_id_client.o
    0x0800325c   0x0800325c   0x00000098   Code   RO           21    i.canardEncodeScalar  canard.o
    0x080032f4   0x080032f4   0x00000004   Code   RO           23    i.canardGetLocalNodeID  canard.o
    0x080032f8   0x080032f8   0x00000440   Code   RO           26    i.canardHandleRxFrame  canard.o
    0x08003738   0x08003738   0x00000046   Code   RO           27    i.canardInit        canard.o
    0x0800377e   0x0800377e   0x0000000e   Code   RO           29    i.canardPeekTxQueue  canard.o
    0x0800378c   0x0800378c   0x0000000c   Code   RO           30    i.canardPopTxQueue  canard.o
    0x08003798   0x08003798   0x00000024   Code   RO           31    i.canardReleaseRxTransferPayload  canard.o
    0x080037bc   0x080037bc   0x00000004   Code   RO           34    i.canardRxFromIdx   canard.o
    0x080037c0   0x080037c0   0x00000004   Code   RO           35    i.canardRxToIdx     canard.o
    0x080037c4   0x080037c4   0x00000012   Code   RO           36    i.canardSetLocalNodeID  canard.o
    0x080037d6   0x080037d6   0x0000000c   Code   RO           37    i.computeTransferIDForwardDistance  canard.o
    0x080037e2   0x080037e2   0x00000074   Code   RO           38    i.copyBitArray      canard.o
    0x08003856   0x08003856   0x00000018   Code   RO           39    i.crcAdd            canard.o
    0x0800386e   0x0800386e   0x0000002a   Code   RO           40    i.crcAddByte        canard.o
    0x08003898   0x08003898   0x0000002e   Code   RO           41    i.crcAddSignature   canard.o
    0x080038c6   0x080038c6   0x00000012   Code   RO           42    i.createBufferBlock  canard.o
    0x080038d8   0x080038d8   0x00000030   Code   RO           43    i.createRxState     canard.o
    0x08003908   0x08003908   0x0000001a   Code   RO           44    i.createTxItem      canard.o
    0x08003922   0x08003922   0x00000038   Code   RO           45    i.dataLengthToDlc   canard.o
    0x0800395a   0x0800395a   0x00000106   Code   RO           46    i.descatterTransferPayload  canard.o
    0x08003a60   0x08003a60   0x00000038   Code   RO           47    i.dlcToDataLength   canard.o
    0x08003a98   0x08003a98   0x00000150   Code   RO           48    i.enqueueTxFrames   canard.o
    0x08003be8   0x08003be8   0x00000022   Code   RO           49    i.extractDataType   canard.o
    0x08003c0a   0x08003c0a   0x00000018   Code   RO           50    i.extractTransferType  canard.o
    0x08003c22   0x08003c22   0x00000020   Code   RO           51    i.findRxState       canard.o
    0x08003c42   0x08003c42   0x00000002   PAD
    0x08003c44   0x08003c44   0x00000018   Code   RO          434    i.fputc             main.o
    0x08003c5c   0x08003c5c   0x0000000e   Code   RO           52    i.freeBlock         canard.o
    0x08003c6a   0x08003c6a   0x00000012   Code   RO           53    i.incrementTransferID  canard.o
    0x08003c7c   0x08003c7c   0x00000026   Code   RO           54    i.initPoolAllocator  canard.o
    0x08003ca2   0x08003ca2   0x00000012   Code   RO           55    i.isBigEndian       canard.o
    0x08003cb4   0x08003cb4   0x0000004a   Code   RO           56    i.isPriorityHigher  canard.o
    0x08003cfe   0x08003cfe   0x00000002   PAD
    0x08003d00   0x08003d00   0x0000019c   Code   RO          435    i.main              main.o
    0x08003e9c   0x08003e9c   0x00000048   Code   RO          436    i.onTransferReception  main.o
    0x08003ee4   0x08003ee4   0x00000020   Code   RO           57    i.prepareForNextTransfer  canard.o
    0x08003f04   0x08003f04   0x00000026   Code   RO           58    i.prependRxState    canard.o
    0x08003f2a   0x08003f2a   0x00000002   PAD
    0x08003f2c   0x08003f2c   0x00000100   Code   RO          437    i.processActuatorCommands  main.o
    0x0800402c   0x0800402c   0x00000058   Code   RO          438    i.processCanTxQueue  main.o
    0x08004084   0x08004084   0x00000044   Code   RO           59    i.pushTxQueue       canard.o
    0x080040c8   0x080040c8   0x00000044   Code   RO          439    i.read_unique_id    main.o
    0x0800410c   0x0800410c   0x0000003c   Code   RO           60    i.releaseStatePayload  canard.o
    0x08004148   0x08004148   0x00000054   Code   RO          442    i.shouldAcceptTransfer  main.o
    0x0800419c   0x0800419c   0x0000001a   Code   RO           61    i.swapByteOrder     canard.o
    0x080041b6   0x080041b6   0x00000038   Code   RO           62    i.traverseRxStates  canard.o
    0x080041ee   0x080041ee   0x00000016   Code   RO          326    i.uavcan_equipment_actuator_ArrayCommand_decode  actuator_arraycommand.o
    0x08004204   0x08004204   0x0000006a   Code   RO          327    i.uavcan_equipment_actuator_ArrayCommand_decode_internal  actuator_arraycommand.o
    0x0800426e   0x0800426e   0x00000064   Code   RO          366    i.uavcan_equipment_actuator_Command_decode_internal  actuator_command.o
    0x080042d2   0x080042d2   0x00000016   Code   RO          930    i.uavcan_protocol_dynamic_node_id_Allocation_decode  dynamic_node_id_allocation.o
    0x080042e8   0x080042e8   0x000000a4   Code   RO          931    i.uavcan_protocol_dynamic_node_id_Allocation_decode_internal  dynamic_node_id_allocation.o
    0x0800438c   0x0800438c   0x00000010   Code   RO          932    i.uavcan_protocol_dynamic_node_id_Allocation_encode  dynamic_node_id_allocation.o
    0x0800439c   0x0800439c   0x00000076   Code   RO          933    i.uavcan_protocol_dynamic_node_id_Allocation_encode_internal  dynamic_node_id_allocation.o
    0x08004412   0x08004412   0x00000002   PAD
    0x08004414   0x08004414   0x00000014   Data   RO           63    .constdata          canard.o
    0x08004428   0x08004428   0x00000018   Data   RO          444    .constdata          main.o
    0x08004440   0x08004440   0x00000012   Data   RO         1425    .constdata          stm32f1xx_hal_rcc.o
    0x08004452   0x08004452   0x00000010   Data   RO         3598    .constdata          system_stm32f1xx.o
    0x08004462   0x08004462   0x00000008   Data   RO         3599    .constdata          system_stm32f1xx.o
    0x0800446a   0x0800446a   0x00000002   PAD
    0x0800446c   0x0800446c   0x00000020   Data   RO         3953    Region$$Table       anon$$obj.o


    Execution Region RW_IRAM1 (Exec base: 0x20000000, Load base: 0x0800448c, Size: 0x00003128, Max: 0x00005000, ABSOLUTE)

    Exec Addr    Load Addr    Size         Type   Attr      Idx    E Section Name        Object

    0x20000000   0x0800448c   0x0000000c   Data   RW          445    .data               main.o
    0x2000000c   0x08004498   0x0000000c   Data   RW         1261    .data               stm32f1xx_hal.o
    0x20000018   0x080044a4   0x00000004   Data   RW         3600    .data               system_stm32f1xx.o
    0x2000001c   0x080044a8   0x00000004   Data   RW         3931    .data               mc_w.l(stdout.o)
    0x20000020        -       0x0000104e   Zero   RW          443    .bss                main.o
    0x2000106e   0x080044ac   0x00000002   PAD
    0x20001070        -       0x00000028   Zero   RW          668    .bss                can.o
    0x20001098        -       0x00000048   Zero   RW          711    .bss                tim.o
    0x200010e0        -       0x00000048   Zero   RW          758    .bss                usart.o
    0x20001128        -       0x00002000   Zero   RW            1    STACK               startup_stm32f103xb.o


==============================================================================

Image component sizes


      Code (inc. data)   RO Data    RW Data    ZI Data      Debug   Object Name

       128          0          0          0          0       8561   actuator_arraycommand.o
       100          0          0          0          0       1620   actuator_command.o
       192         22          0          0         40       1531   can.o
      4194         32         20          0          0      45216   canard.o
       176         10          0          0          0       3050   canard_dynamic_node_id_client.o
       320          0          0          0          0       5854   dynamic_node_id_allocation.o
       112          8          0          0          0      11275   gpio.o
      1170        250         24         12       4174     443644   main.o
        36          8        236          0       8192        772   startup_stm32f103xb.o
       168         28          0         12          0       5669   stm32f1xx_hal.o
      1780          0          0          0          0      14196   stm32f1xx_hal_can.o
       198         14          0          0          0      28879   stm32f1xx_hal_cortex.o
       526         32          0          0          0       3293   stm32f1xx_hal_gpio.o
        60          8          0          0          0        830   stm32f1xx_hal_msp.o
      1428         90         18          0          0       6356   stm32f1xx_hal_rcc.o
      1386         44          0          0          0      11790   stm32f1xx_hal_tim.o
       104         14          0          0          0       1304   stm32f1xx_hal_tim_ex.o
       654          6          0          0          0       4324   stm32f1xx_hal_uart.o
        32          6          0          0          0       4023   stm32f1xx_it.o
         2          0         24          4          0       1023   system_stm32f1xx.o
       312         22          0          0         72       2184   tim.o
       168         20          0          0         72       1558   usart.o

    ----------------------------------------------------------------------
     13276        614        356         28      12552     606952   Object Totals
         0          0         32          0          0          0   (incl. Generated)
        30          0          2          0          2          0   (incl. Padding)

    ----------------------------------------------------------------------

      Code (inc. data)   RO Data    RW Data    ZI Data      Debug   Library Member Name

         0          0          0          0          0          0   entry.o
         0          0          0          0          0          0   entry10a.o
         0          0          0          0          0          0   entry11a.o
         4          0          0          0          0          0   entry12b.o
         8          4          0          0          0          0   entry2.o
         4          0          0          0          0          0   entry5.o
         0          0          0          0          0          0   entry7b.o
         0          0          0          0          0          0   entry8b.o
         8          4          0          0          0          0   entry9a.o
        30          0          0          0          0          0   handlers.o
        36          8          0          0          0         68   init.o
         0          0          0          0          0          0   iusefp.o
        30          0          0          0          0         68   llshl.o
        36          0          0          0          0         68   llsshr.o
        32          0          0          0          0         68   llushr.o
        26          0          0          0          0         80   memcmp.o
        36          0          0          0          0         68   memcpya.o
        36          0          0          0          0        108   memseta.o
      2218         90          0          0          0        464   printfa.o
         0          0          0          4          0          0   stdout.o
        44          0          0          0          0         80   uidiv.o
        98          0          0          0          0         92   uldiv.o
        48          0          0          0          0         68   cdrcmple.o
        20          0          0          0          0         68   cfrcmple.o
       334          0          0          0          0        148   dadd.o
       222          0          0          0          0        100   ddiv.o
       186          0          0          0          0        176   depilogue.o
        48          0          0          0          0         68   dfixul.o
       228          0          0          0          0         96   dmul.o
        38          0          0          0          0         68   f2d.o
        40          0          0          0          0         68   ffixui.o
       100          0          0          0          0         76   fmul.o

    ----------------------------------------------------------------------
      3916        106          0          4          0       2100   Library Totals
         6          0          0          0          0          0   (incl. Padding)

    ----------------------------------------------------------------------

      Code (inc. data)   RO Data    RW Data    ZI Data      Debug   Library Name

      2646        106          0          4          0       1164   mc_w.l
      1264          0          0          0          0        936   mf_w.l

    ----------------------------------------------------------------------
      3916        106          0          4          0       2100   Library Totals

    ----------------------------------------------------------------------

==============================================================================


      Code (inc. data)   RO Data    RW Data    ZI Data      Debug   

     17192        720        356         32      12552     600676   Grand Totals
     17192        720        356         32      12552     600676   ELF Image Totals
     17192        720        356         32          0          0   ROM Totals

==============================================================================

    Total RO  Size (Code + RO Data)                17548 (  17.14kB)
    Total RW  Size (RW Data + ZI Data)             12584 (  12.29kB)
    Total ROM Size (Code + RO Data + RW Data)      17580 (  17.17kB)

==============================================================================

